Archive member included because of file (symbol)

c:/davev4-64bit/dave-4.3.2/eclipse/arm-gcc-49/bin/../lib/gcc/arm-none-eabi/4.9.3/armv6-m\libgcc.a(_thumb1_case_uqi.o)
                              ./samuel/samuel_io.o (__gnu_thumb1_case_uqi)
c:/davev4-64bit/dave-4.3.2/eclipse/arm-gcc-49/bin/../lib/gcc/arm-none-eabi/4.9.3/armv6-m\libgcc.a(_thumb1_case_uhi.o)
                              ./main.o (__gnu_thumb1_case_uhi)
c:/davev4-64bit/dave-4.3.2/eclipse/arm-gcc-49/bin/../lib/gcc/arm-none-eabi/4.9.3/../../../../arm-none-eabi/lib/armv6-m\libc_nano.a(lib_a-errno.o)
                              ./Libraries/Newlib/syscalls.o (__errno)
c:/davev4-64bit/dave-4.3.2/eclipse/arm-gcc-49/bin/../lib/gcc/arm-none-eabi/4.9.3/../../../../arm-none-eabi/lib/armv6-m\libc_nano.a(lib_a-impure.o)
                              c:/davev4-64bit/dave-4.3.2/eclipse/arm-gcc-49/bin/../lib/gcc/arm-none-eabi/4.9.3/../../../../arm-none-eabi/lib/armv6-m\libc_nano.a(lib_a-errno.o) (_impure_ptr)
c:/davev4-64bit/dave-4.3.2/eclipse/arm-gcc-49/bin/../lib/gcc/arm-none-eabi/4.9.3/../../../../arm-none-eabi/lib/armv6-m\libc_nano.a(lib_a-init.o)
                              ./Startup/startup_XMC1300.o (__libc_init_array)

Allocating common symbols
Common symbol       size              file

resultAalt          0x2               ./samuel/samuel_io.o
charcount           0x1               ./samuel/samuel_io.o
dimNorm2_Ww         0x2               ./samuel/samuel_io.o
node_id_neu         0x1               ./samuel/samuel_io.o
ReadBuffer3         0x20              ./samuel/samuel_io.o
linearwalk_ww1      0x2               ./samuel/samuel_io.o
Index               0x1               ./samuel/samuel_io.o
Hard_Vers           0x2               ./samuel/samuel_io.o
LED_WW_Vers         0x2               ./samuel/samuel_io.o
tester3             0x2               ./main.o
Reserve_2           0x2               ./samuel/samuel_io.o
resultC2            0x2               ./samuel/samuel_io.o
Farbe_ww2           0x2               ./samuel/samuel_io.o
Farbe_ww1           0x2               ./samuel/samuel_io.o
Mon_Vers            0x2               ./samuel/samuel_io.o
resultB2            0x2               ./samuel/samuel_io.o
Farbe_cw1           0x2               ./samuel/samuel_io.o
new_data            0x10              ./samuel/samuel_io.o
Dimm_Valu           0x1               ./samuel/samuel_io.o
framelength         0x1               ./samuel/samuel_io.o
neu_Ser_NrH         0x2               ./samuel/samuel_io.o
RegOnOff2           0x1               ./samuel/samuel_io.o
resultAalt2         0x2               ./samuel/samuel_io.o
Farbe_ww2_Quot      0x2               ./samuel/samuel_io.o
synclevel           0x1               ./samuel/samuel_io.o
resultD2            0x2               ./samuel/samuel_io.o
tester              0x4               ./main.o
ReadData            0x8               ./samuel/samuel_io.o
command             0x1               ./samuel/samuel_io.o
LED_CW_Vers         0x2               ./samuel/samuel_io.o
Ser_NrH             0x2               ./samuel/samuel_io.o
Farbe_ww1_Quot      0x2               ./samuel/samuel_io.o
led_grupp           0x2               ./samuel/samuel_io.o
node_id             0x1               ./samuel/samuel_io.o
g_timer_tbl         0x120             ./Dave/Generated/SYSTIMER/systimer.o
Dimm_Max_WW         0x2               ./samuel/samuel_io.o
val_Spannung_min    0x2               ./samuel/samuel_io.o
GEH_Vers            0x2               ./samuel/samuel_io.o
linearwalk_cw2      0x2               ./samuel/samuel_io.o
Dimm_Stufen         0x1               ./samuel/samuel_io.o
linearwalk_ww2      0x2               ./samuel/samuel_io.o
node_id_alt         0x1               ./samuel/samuel_io.o
ReadBuffer2         0x10              ./samuel/samuel_io.o
led_Strom           0x2               ./samuel/samuel_io.o
RegOnOff            0x1               ./samuel/samuel_io.o
val_Pow_Nom         0x2               ./samuel/samuel_io.o
Dstatus             0x1               ./main.o
tester5             0x2               ./main.o
command_nr          0x2               ./main.o
resultC             0x2               ./samuel/samuel_io.o
node_id_16bit       0x2               ./samuel/samuel_io.o
Dimm_Gamma          0x1               ./samuel/samuel_io.o
EEprom_status       0x1               ./samuel/samuel_io.o
E_EEPROM_XMC1_data  0x190             ./Dave/Generated/E_EEPROM_XMC1/e_eeprom_xmc1_conf.o
dimOff_Cw           0x2               ./samuel/samuel_io.o
eeprom_data         0x20              ./samuel/samuel_io.o
resultBalt2         0x2               ./samuel/samuel_io.o
Dimm_StufenGR       0x1               ./samuel/samuel_io.o
Dimm_Max_CW         0x2               ./samuel/samuel_io.o
ReadBuffer1         0x10              ./samuel/samuel_io.o
Farbe_wwcw_Quot_gen
                    0x2               ./samuel/samuel_io.o
resultBalt          0x2               ./samuel/samuel_io.o
dimNorm1_Ww         0x2               ./samuel/samuel_io.o
[...]
Memory Configuration

Name             Origin             Length             Attributes
FLASH            0x10001000         0x0000fa00         xr
SRAM             0x20000000         0x00004000         !xr
*default*        0x00000000         0xffffffff

Linker script and memory map

LOAD ./samuel/arbeit.o
LOAD ./samuel/samuel_io.o
LOAD ./Startup/startup_XMC1300.o
LOAD ./Startup/system_XMC1300.o
LOAD ./Libraries/XMCLib/src/xmc1_eru.o
LOAD ./Libraries/XMCLib/src/xmc1_flash.o
LOAD ./Libraries/XMCLib/src/xmc1_gpio.o
LOAD ./Libraries/XMCLib/src/xmc1_rtc.o
LOAD ./Libraries/XMCLib/src/xmc1_scu.o
LOAD ./Libraries/XMCLib/src/xmc_acmp.o
LOAD ./Libraries/XMCLib/src/xmc_bccu.o
LOAD ./Libraries/XMCLib/src/xmc_can.o
LOAD ./Libraries/XMCLib/src/xmc_ccu4.o
LOAD ./Libraries/XMCLib/src/xmc_ccu8.o
LOAD ./Libraries/XMCLib/src/xmc_common.o
LOAD ./Libraries/XMCLib/src/xmc_eru.o
LOAD ./Libraries/XMCLib/src/xmc_gpio.o
LOAD ./Libraries/XMCLib/src/xmc_i2c.o
LOAD ./Libraries/XMCLib/src/xmc_i2s.o
LOAD ./Libraries/XMCLib/src/xmc_ledts.o
LOAD ./Libraries/XMCLib/src/xmc_math.o
LOAD ./Libraries/XMCLib/src/xmc_pau.o
LOAD ./Libraries/XMCLib/src/xmc_posif.o
LOAD ./Libraries/XMCLib/src/xmc_prng.o
LOAD ./Libraries/XMCLib/src/xmc_rtc.o
LOAD ./Libraries/XMCLib/src/xmc_spi.o
LOAD ./Libraries/XMCLib/src/xmc_uart.o
LOAD ./Libraries/XMCLib/src/xmc_usic.o
LOAD ./Libraries/XMCLib/src/xmc_vadc.o
LOAD ./Libraries/XMCLib/src/xmc_wdt.o
LOAD ./Libraries/Newlib/syscalls.o
LOAD ./Dave/Generated/UART/uart.o
LOAD ./Dave/Generated/UART/uart_conf.o
LOAD ./Dave/Generated/SYSTIMER/systimer.o
LOAD ./Dave/Generated/SYSTIMER/systimer_conf.o
LOAD ./Dave/Generated/PDM_DIMMED_LED_LAMP/pdm_dimmed_led_lamp.o
LOAD ./Dave/Generated/PDM_DIMMED_LED_LAMP/pdm_dimmed_led_lamp_conf.o
LOAD ./Dave/Generated/PDM_BCCU/pdm_bccu.o
LOAD ./Dave/Generated/PDM_BCCU/pdm_bccu_conf.o
LOAD ./Dave/Generated/INTERRUPT/interrupt.o
LOAD ./Dave/Generated/INTERRUPT/interrupt_conf.o
LOAD ./Dave/Generated/GLOBAL_BCCU/global_bccu.o
LOAD ./Dave/Generated/GLOBAL_BCCU/global_bccu_conf.o
LOAD ./Dave/Generated/GLOBAL_ADC/global_adc.o
LOAD ./Dave/Generated/GLOBAL_ADC/global_adc_conf.o
LOAD ./Dave/Generated/E_EEPROM_XMC1/e_eeprom_xmc1.o
LOAD ./Dave/Generated/E_EEPROM_XMC1/e_eeprom_xmc1_conf.o
LOAD ./Dave/Generated/DIM_BCCU/dim_bccu.o
LOAD ./Dave/Generated/DIM_BCCU/dim_bccu_conf.o
LOAD ./Dave/Generated/DIGITAL_IO/digital_io.o
LOAD ./Dave/Generated/DIGITAL_IO/digital_io_conf.o
LOAD ./Dave/Generated/CPU_CTRL_XMC1/cpu_ctrl_xmc1.o
LOAD ./Dave/Generated/CPU_CTRL_XMC1/cpu_ctrl_xmc1_conf.o
LOAD ./Dave/Generated/CLOCK_XMC1/clock_xmc1.o
LOAD ./Dave/Generated/CLOCK_XMC1/clock_xmc1_conf.o
LOAD ./Dave/Generated/ADC_MEASUREMENT_ADV/adc_measurement_adv.o
LOAD ./Dave/Generated/ADC_MEASUREMENT_ADV/adc_measurement_adv_conf.o
LOAD ./Dave/Generated/DAVE.o
LOAD ./main.o
LOAD c:/davev4-64bit/dave-4.3.2/eclipse/arm-gcc-49/bin/../lib/gcc/arm-none-eabi/4.9.3/../../../../arm-none-eabi/lib/armv6-m\libm.a
START GROUP
LOAD c:/davev4-64bit/dave-4.3.2/eclipse/arm-gcc-49/bin/../lib/gcc/arm-none-eabi/4.9.3/armv6-m\libgcc.a
LOAD c:/davev4-64bit/dave-4.3.2/eclipse/arm-gcc-49/bin/../lib/gcc/arm-none-eabi/4.9.3/../../../../arm-none-eabi/lib/armv6-m\libc_nano.a
END GROUP
START GROUP
LOAD c:/davev4-64bit/dave-4.3.2/eclipse/arm-gcc-49/bin/../lib/gcc/arm-none-eabi/4.9.3/armv6-m\libgcc.a
LOAD c:/davev4-64bit/dave-4.3.2/eclipse/arm-gcc-49/bin/../lib/gcc/arm-none-eabi/4.9.3/../../../../arm-none-eabi/lib/armv6-m\libc_nano.a
LOAD c:/davev4-64bit/dave-4.3.2/eclipse/arm-gcc-49/bin/../lib/gcc/arm-none-eabi/4.9.3/../../../../arm-none-eabi/lib/armv6-m\libnosys.a
END GROUP
START GROUP
LOAD c:/davev4-64bit/dave-4.3.2/eclipse/arm-gcc-49/bin/../lib/gcc/arm-none-eabi/4.9.3/armv6-m\libgcc.a
LOAD c:/davev4-64bit/dave-4.3.2/eclipse/arm-gcc-49/bin/../lib/gcc/arm-none-eabi/4.9.3/../../../../arm-none-eabi/lib/armv6-m\libc_nano.a
LOAD c:/davev4-64bit/dave-4.3.2/eclipse/arm-gcc-49/bin/../lib/gcc/arm-none-eabi/4.9.3/../../../../arm-none-eabi/lib/armv6-m\libnosys.a
END GROUP
                0x00000400                stack_size = DEFINED (stack_size)?stack_size:0x400
                0x00000004                no_init_size = 0x4

.text           0x10001000     0x445c
                0x10001000                sText = .
 *(.reset)
 .reset         0x10001000       0x9c ./Startup/startup_XMC1300.o
                0x10001000                __Vectors
                0x10001018                Reset_Handler
                0x10001098                POSIF0_0_IRQHandler
                0x10001098                HardFault_Handler
                0x10001098                VADC0_G1_1_IRQHandler
                0x10001098                PendSV_Handler
                0x10001098                CCU40_2_IRQHandler
                0x10001098                USIC0_5_IRQHandler
                0x10001098                CCU80_1_IRQHandler
                0x10001098                USIC0_0_IRQHandler
                0x10001098                ERU0_2_IRQHandler
                0x10001098                BCCU0_0_IRQHandler
                0x10001098                ERU0_3_IRQHandler
                0x10001098                ERU0_0_IRQHandler
                0x10001098                VADC0_G0_1_IRQHandler
                0x10001098                CCU40_0_IRQHandler
                0x10001098                POSIF0_1_IRQHandler
                0x10001098                VADC0_G0_0_IRQHandler
                0x10001098                MATH0_0_IRQHandler
                0x10001098                VADC0_C0_1_IRQHandler
                0x10001098                SVC_Handler
                0x10001098                VADC0_G1_0_IRQHandler
                0x10001098                CCU80_0_IRQHandler
                0x10001098                CCU40_1_IRQHandler
                0x10001098                SCU_2_IRQHandler
                0x10001098                CCU40_3_IRQHandler
                0x10001098                SCU_1_IRQHandler
                0x10001098                ERU0_1_IRQHandler
                0x10001098                Default_handler
 *(.text .text.* .gnu.linkonce.t.*)
 .text.lightprog01
                0x1000109c       0xd4 ./samuel/samuel_io.o
                0x1000109c                lightprog01
 .text.SCU_0_IRQHandler
                0x10001170        0x2 ./samuel/samuel_io.o
                0x10001170                SCU_0_IRQHandler
 *fill*         0x10001172        0x2 
 .text.new_data_fill
                0x10001174       0x40 ./samuel/samuel_io.o
                0x10001174                new_data_fill
 .text.new_data_BroadcastBack
                0x100011b4       0x50 ./samuel/samuel_io.o
                0x100011b4                new_data_BroadcastBack
 .text.new_data_analog1Back
                0x10001204       0x50 ./samuel/samuel_io.o
                0x10001204                new_data_analog1Back
 .text.new_data_analog2Back
                0x10001254       0x50 ./samuel/samuel_io.o
                0x10001254                new_data_analog2Back
 .text.new_data_aktLichtBack
                0x100012a4       0x50 ./samuel/samuel_io.o
                0x100012a4                new_data_aktLichtBack
 .text.new_data_offLichtBack
                0x100012f4       0x64 ./samuel/samuel_io.o
                0x100012f4                new_data_offLichtBack
 .text.new_data_Bright_Color_Back
                0x10001358       0x50 ./samuel/samuel_io.o
                0x10001358                new_data_Bright_Color_Back
 .text.new_data_Quot_Walk_Back
                0x100013a8       0x50 ./samuel/samuel_io.o
                0x100013a8                new_data_Quot_Walk_Back
 .text.new_data_HalloBack
                0x100013f8       0x40 ./samuel/samuel_io.o
                0x100013f8                new_data_HalloBack
 .text.new_data_neuNodeIdBack
                0x10001438       0x58 ./samuel/samuel_io.o
                0x10001438                new_data_neuNodeIdBack
 .text.new_data_neuSerNrBack
                0x10001490       0x6c ./samuel/samuel_io.o
                0x10001490                new_data_neuSerNrBack
 .text.new_data_NodeIdBack
                0x100014fc       0x5c ./samuel/samuel_io.o
                0x100014fc                new_data_NodeIdBack
 .text.new_data_SerNrBack
                0x10001558       0x50 ./samuel/samuel_io.o
                0x10001558                new_data_SerNrBack
 .text.new_data_readbuff2Back
                0x100015a8       0x7c ./samuel/samuel_io.o
                0x100015a8                new_data_readbuff2Back
 .text.clearEpromBuffer
                0x10001624       0x44 ./samuel/samuel_io.o
                0x10001624                clearEpromBuffer
 .text.readSerNrEEprom
                0x10001668       0x38 ./samuel/samuel_io.o
                0x10001668                readSerNrEEprom
 .text.readNodeIdEEprom
                0x100016a0       0x38 ./samuel/samuel_io.o
                0x100016a0                readNodeIdEEprom
 .text.read_akt_light_EEprom
                0x100016d8       0x38 ./samuel/samuel_io.o
                0x100016d8                read_akt_light_EEprom
 .text.read_off_light_EEprom
                0x10001710       0x38 ./samuel/samuel_io.o
                0x10001710                read_off_light_EEprom
 .text.writeSernr_B1_EEprom
                0x10001748       0x48 ./samuel/samuel_io.o
                0x10001748                writeSernr_B1_EEprom
 .text.writeNodeid_B2_EEprom
                0x10001790       0x48 ./samuel/samuel_io.o
                0x10001790                writeNodeid_B2_EEprom
 .text.writeLamp_data_B3_EEprom
                0x100017d8       0x44 ./samuel/samuel_io.o
                0x100017d8                writeLamp_data_B3_EEprom
 .text.writeakt_light_data_B4_EEprom
                0x1000181c       0x48 ./samuel/samuel_io.o
                0x1000181c                writeakt_light_data_B4_EEprom
 .text.writeOff_light_B5_EEprom
                0x10001864       0x48 ./samuel/samuel_io.o
                0x10001864                writeOff_light_B5_EEprom
 .text.sysiniValueB1
                0x100018ac       0x64 ./samuel/samuel_io.o
                0x100018ac                sysiniValueB1
 .text.sysiniValueB2
                0x10001910       0x6c ./samuel/samuel_io.o
                0x10001910                sysiniValueB2
 .text.sysiniValueB4
                0x1000197c       0xa4 ./samuel/samuel_io.o
                0x1000197c                sysiniValueB4
 .text.sysiniValueB5
                0x10001a20       0x60 ./samuel/samuel_io.o
                0x10001a20                sysiniValueB5
 .text.bcuInit  0x10001a80       0x60 ./samuel/samuel_io.o
                0x10001a80                bcuInit
 .text.bcuUebergabe
                0x10001ae0       0x8c ./samuel/samuel_io.o
                0x10001ae0                bcuUebergabe
 .text.bcuAktBerechnung
                0x10001b6c       0x74 ./samuel/samuel_io.o
                0x10001b6c                bcuAktBerechnung
 .text.bcuColorBerechnung
                0x10001be0       0x38 ./samuel/samuel_io.o
                0x10001be0                bcuColorBerechnung
 .text.Offlight_zahler_write
                0x10001c18       0x90 ./samuel/samuel_io.o
                0x10001c18                Offlight_zahler_write
 .text.Time1msec
                0x10001ca8       0x10 ./samuel/samuel_io.o
                0x10001ca8                Time1msec
 .text.Time20msec
                0x10001cb8       0xbc ./samuel/samuel_io.o
                0x10001cb8                Time20msec
 .text.firstuartBack
                0x10001d74       0x50 ./samuel/samuel_io.o
                0x10001d74                firstuartBack
 .text.LED_Toggle_EverySec
                0x10001dc4       0x10 ./samuel/samuel_io.o
                0x10001dc4                LED_Toggle_EverySec
 .text.SystemCoreClockUpdate
                0x10001dd4       0x4c ./Startup/system_XMC1300.o
                0x10001dd4                SystemCoreClockUpdate
 .text.SystemInit
                0x10001e20        0xc ./Startup/system_XMC1300.o
                0x10001e20                SystemInit
 .text.XMC_FLASH_ClearStatus
                0x10001e2c       0x14 ./Libraries/XMCLib/src/xmc1_flash.o
                0x10001e2c                XMC_FLASH_ClearStatus
 .text.XMC_FLASH_GetStatus
                0x10001e40        0xc ./Libraries/XMCLib/src/xmc1_flash.o
                0x10001e40                XMC_FLASH_GetStatus
 .text.XMC_FLASH_ProgramVerifyPage
                0x10001e4c       0x12 ./Libraries/XMCLib/src/xmc1_flash.o
                0x10001e4c                XMC_FLASH_ProgramVerifyPage
 *fill*         0x10001e5e        0x2 
 .text.XMC_FLASH_WriteBlocks
                0x10001e60       0x5c ./Libraries/XMCLib/src/xmc1_flash.o
                0x10001e60                XMC_FLASH_WriteBlocks
 .text.XMC_FLASH_ErasePages
                0x10001ebc       0x2c ./Libraries/XMCLib/src/xmc1_flash.o
                0x10001ebc                XMC_FLASH_ErasePages
 .text.XMC_FLASH_ReadBlocks
                0x10001ee8       0x20 ./Libraries/XMCLib/src/xmc1_flash.o
                0x10001ee8                XMC_FLASH_ReadBlocks
 .text.XMC_FLASH_ProgramPage
                0x10001f08        0x8 ./Libraries/XMCLib/src/xmc1_flash.o
                0x10001f08                XMC_FLASH_ProgramPage
 .text.XMC_GPIO_Init
                0x10001f10       0x74 ./Libraries/XMCLib/src/xmc1_gpio.o
                0x10001f10                XMC_GPIO_Init
 .text.XMC_SCU_UnlockProtectedBits
                0x10001f84       0x14 ./Libraries/XMCLib/src/xmc1_scu.o
                0x10001f84                XMC_SCU_UnlockProtectedBits
 .text.XMC_SCU_CLOCK_UngatePeripheralClock
                0x10001f98       0x28 ./Libraries/XMCLib/src/xmc1_scu.o
                0x10001f98                XMC_SCU_CLOCK_UngatePeripheralClock
 .text.XMC_SCU_CLOCK_IsPeripheralClockGated
                0x10001fc0       0x14 ./Libraries/XMCLib/src/xmc1_scu.o
                0x10001fc0                XMC_SCU_CLOCK_IsPeripheralClockGated
 .text.XMC_SCU_CLOCK_ScaleMCLKFrequency
                0x10001fd4       0xa0 ./Libraries/XMCLib/src/xmc1_scu.o
                0x10001fd4                XMC_SCU_CLOCK_ScaleMCLKFrequency
 .text.XMC_SCU_CLOCK_Init
                0x10002074       0x38 ./Libraries/XMCLib/src/xmc1_scu.o
                0x10002074                XMC_SCU_CLOCK_Init
 .text.XMC_SCU_CLOCK_GetPeripheralClockFrequency
                0x100020ac        0xc ./Libraries/XMCLib/src/xmc1_scu.o
                0x100020ac                XMC_SCU_CLOCK_GetPeripheralClockFrequency
 .text.XMC_BCCU_GlobalInit
                0x100020b8       0x1a ./Libraries/XMCLib/src/xmc_bccu.o
                0x100020b8                XMC_BCCU_GlobalInit
 *fill*         0x100020d2        0x2 
 .text.XMC_BCCU_SelectTrapInput
                0x100020d4       0x18 ./Libraries/XMCLib/src/xmc_bccu.o
                0x100020d4                XMC_BCCU_SelectTrapInput
 .text.XMC_BCCU_SetTrapEdge
                0x100020ec       0x18 ./Libraries/XMCLib/src/xmc_bccu.o
                0x100020ec                XMC_BCCU_SetTrapEdge
 .text.XMC_BCCU_SetDimClockPrescaler
                0x10002104       0x18 ./Libraries/XMCLib/src/xmc_bccu.o
                0x10002104                XMC_BCCU_SetDimClockPrescaler
 .text.XMC_BCCU_ConcurrentStartLinearWalk
                0x1000211c        0x8 ./Libraries/XMCLib/src/xmc_bccu.o
                0x1000211c                XMC_BCCU_ConcurrentStartLinearWalk
 .text.XMC_BCCU_EnableChannel
                0x10002124        0xe ./Libraries/XMCLib/src/xmc_bccu.o
                0x10002124                XMC_BCCU_EnableChannel
 .text.XMC_BCCU_SetOutputPassiveLevel
                0x10002132        0xa ./Libraries/XMCLib/src/xmc_bccu.o
                0x10002132                XMC_BCCU_SetOutputPassiveLevel
 .text.XMC_BCCU_EnableTrap
                0x1000213c       0x10 ./Libraries/XMCLib/src/xmc_bccu.o
                0x1000213c                XMC_BCCU_EnableTrap
 .text.XMC_BCCU_EnableChannelTrigger
                0x1000214c       0x20 ./Libraries/XMCLib/src/xmc_bccu.o
                0x1000214c                XMC_BCCU_EnableChannelTrigger
 .text.XMC_BCCU_CH_Init
                0x1000216c        0xe ./Libraries/XMCLib/src/xmc_bccu.o
                0x1000216c                XMC_BCCU_CH_Init
 *fill*         0x1000217a        0x2 
 .text.XMC_BCCU_CH_ConfigTrigger
                0x1000217c       0x1c ./Libraries/XMCLib/src/xmc_bccu.o
                0x1000217c                XMC_BCCU_CH_ConfigTrigger
 .text.XMC_BCCU_CH_SetLinearWalkPrescaler
                0x10002198       0x18 ./Libraries/XMCLib/src/xmc_bccu.o
                0x10002198                XMC_BCCU_CH_SetLinearWalkPrescaler
 .text.XMC_BCCU_CH_SetTargetIntensity
                0x100021b0        0x4 ./Libraries/XMCLib/src/xmc_bccu.o
                0x100021b0                XMC_BCCU_CH_SetTargetIntensity
 .text.XMC_BCCU_DIM_Init
                0x100021b4        0x6 ./Libraries/XMCLib/src/xmc_bccu.o
                0x100021b4                XMC_BCCU_DIM_Init
 .text.XMC_BCCU_DIM_SetTargetDimmingLevel
                0x100021ba        0x4 ./Libraries/XMCLib/src/xmc_bccu.o
                0x100021ba                XMC_BCCU_DIM_SetTargetDimmingLevel
 .text.XMC_BCCU_DIM_SetDimDivider
                0x100021be       0x10 ./Libraries/XMCLib/src/xmc_bccu.o
                0x100021be                XMC_BCCU_DIM_SetDimDivider
 .text.XMC_GPIO_SetHardwareControl
                0x100021ce       0x1a ./Libraries/XMCLib/src/xmc_gpio.o
                0x100021ce                XMC_GPIO_SetHardwareControl
 .text.__aeabi_uidiv
                0x100021e8       0x14 ./Libraries/XMCLib/src/xmc_math.o
                0x100021e8                __aeabi_uidiv
 .text.XMC_UART_CH_Init
                0x100021fc       0x6e ./Libraries/XMCLib/src/xmc_uart.o
                0x100021fc                XMC_UART_CH_Init
 .text.XMC_UART_CH_Transmit
                0x1000226a       0x2e ./Libraries/XMCLib/src/xmc_uart.o
                0x1000226a                XMC_UART_CH_Transmit
 .text.XMC_UART_CH_GetReceivedData
                0x10002298       0x18 ./Libraries/XMCLib/src/xmc_uart.o
                0x10002298                XMC_UART_CH_GetReceivedData
 .text.XMC_USIC_CH_Enable
                0x100022b0       0x30 ./Libraries/XMCLib/src/xmc_usic.o
                0x100022b0                XMC_USIC_CH_Enable
 .text.XMC_USIC_CH_SetBaudrate
                0x100022e0       0x98 ./Libraries/XMCLib/src/xmc_usic.o
                0x100022e0                XMC_USIC_CH_SetBaudrate
 .text.XMC_USIC_CH_TXFIFO_Configure
                0x10002378       0x28 ./Libraries/XMCLib/src/xmc_usic.o
                0x10002378                XMC_USIC_CH_TXFIFO_Configure
 .text.XMC_USIC_CH_RXFIFO_Configure
                0x100023a0       0x30 ./Libraries/XMCLib/src/xmc_usic.o
                0x100023a0                XMC_USIC_CH_RXFIFO_Configure
 .text.XMC_USIC_CH_RXFIFO_SetSizeTriggerLimit
                0x100023d0       0x28 ./Libraries/XMCLib/src/xmc_usic.o
                0x100023d0                XMC_USIC_CH_RXFIFO_SetSizeTriggerLimit
 .text.XMC_USIC_CH_SetInterruptNodePointer
                0x100023f8       0x12 ./Libraries/XMCLib/src/xmc_usic.o
                0x100023f8                XMC_USIC_CH_SetInterruptNodePointer
 .text.XMC_USIC_CH_TXFIFO_SetInterruptNodePointer
                0x1000240a       0x14 ./Libraries/XMCLib/src/xmc_usic.o
                0x1000240a                XMC_USIC_CH_TXFIFO_SetInterruptNodePointer
 .text.XMC_USIC_CH_RXFIFO_SetInterruptNodePointer
                0x1000241e       0x14 ./Libraries/XMCLib/src/xmc_usic.o
                0x1000241e                XMC_USIC_CH_RXFIFO_SetInterruptNodePointer
 *fill*         0x10002432        0x2 
 .text.XMC_VADC_GLOBAL_EnableModule
                0x10002434       0x14 ./Libraries/XMCLib/src/xmc_vadc.o
                0x10002434                XMC_VADC_GLOBAL_EnableModule
 .text.XMC_VADC_GLOBAL_Init
                0x10002448       0x36 ./Libraries/XMCLib/src/xmc_vadc.o
                0x10002448                XMC_VADC_GLOBAL_Init
 *fill*         0x1000247e        0x2 
 .text.XMC_VADC_GLOBAL_StartupCalibration
                0x10002480       0x38 ./Libraries/XMCLib/src/xmc_vadc.o
                0x10002480                XMC_VADC_GLOBAL_StartupCalibration
 .text.XMC_VADC_GROUP_InputClassInit
                0x100024b8       0x44 ./Libraries/XMCLib/src/xmc_vadc.o
                0x100024b8                XMC_VADC_GROUP_InputClassInit
 .text.XMC_VADC_GROUP_Init
                0x100024fc       0x82 ./Libraries/XMCLib/src/xmc_vadc.o
                0x100024fc                XMC_VADC_GROUP_Init
 .text.XMC_VADC_GROUP_SetPowerMode
                0x1000257e        0xe ./Libraries/XMCLib/src/xmc_vadc.o
                0x1000257e                XMC_VADC_GROUP_SetPowerMode
 .text.XMC_VADC_GROUP_SetSyncSlave
                0x1000258c       0x16 ./Libraries/XMCLib/src/xmc_vadc.o
                0x1000258c                XMC_VADC_GROUP_SetSyncSlave
 .text.XMC_VADC_GROUP_SetSyncMaster
                0x100025a2        0xc ./Libraries/XMCLib/src/xmc_vadc.o
                0x100025a2                XMC_VADC_GROUP_SetSyncMaster
 .text.XMC_VADC_GROUP_CheckSlaveReadiness
                0x100025ae        0xc ./Libraries/XMCLib/src/xmc_vadc.o
                0x100025ae                XMC_VADC_GROUP_CheckSlaveReadiness
 .text.XMC_VADC_GLOBAL_SHS_EnableAcceleratedMode
                0x100025ba       0x1e ./Libraries/XMCLib/src/xmc_vadc.o
                0x100025ba                XMC_VADC_GLOBAL_SHS_EnableAcceleratedMode
 .text.XMC_VADC_GROUP_QueueInit
                0x100025d8       0x60 ./Libraries/XMCLib/src/xmc_vadc.o
                0x100025d8                XMC_VADC_GROUP_QueueInit
 .text.XMC_VADC_GROUP_QueueSetReqSrcEventInterruptNode
                0x10002638       0x12 ./Libraries/XMCLib/src/xmc_vadc.o
                0x10002638                XMC_VADC_GROUP_QueueSetReqSrcEventInterruptNode
 *fill*         0x1000264a        0x2 
 .text.XMC_VADC_GROUP_ChannelInit
                0x1000264c       0x70 ./Libraries/XMCLib/src/xmc_vadc.o
                0x1000264c                XMC_VADC_GROUP_ChannelInit
 .text.XMC_VADC_GROUP_SetResultInterruptNode
                0x100026bc       0x30 ./Libraries/XMCLib/src/xmc_vadc.o
                0x100026bc                XMC_VADC_GROUP_SetResultInterruptNode
 .text._init    0x100026ec        0x2 ./Libraries/Newlib/syscalls.o
                0x100026ec                _init
 .text.UART_lReconfigureRxFIFO
                0x100026ee       0x1e ./Dave/Generated/UART/uart.o
 .text.UART_Init
                0x1000270c        0xa ./Dave/Generated/UART/uart.o
                0x1000270c                UART_Init
 .text.UART_StartTransmitIRQ
                0x10002716       0x6e ./Dave/Generated/UART/uart.o
                0x10002716                UART_StartTransmitIRQ
 .text.UART_Transmit
                0x10002784       0x16 ./Dave/Generated/UART/uart.o
                0x10002784                UART_Transmit
 .text.UART_StartReceiveIRQ
                0x1000279a       0x6a ./Dave/Generated/UART/uart.o
                0x1000279a                UART_StartReceiveIRQ
 .text.UART_Receive
                0x10002804       0x16 ./Dave/Generated/UART/uart.o
                0x10002804                UART_Receive
 *fill*         0x1000281a        0x2 
 .text.UART_lTransmitHandler
                0x1000281c       0x9c ./Dave/Generated/UART/uart.o
                0x1000281c                UART_lTransmitHandler
 .text.UART_lReceiveHandler
                0x100028b8       0xac ./Dave/Generated/UART/uart.o
                0x100028b8                UART_lReceiveHandler
 .text.UART_0_init
                0x10002964       0xd4 ./Dave/Generated/UART/uart_conf.o
                0x10002964                UART_0_init
 .text.UART_1_init
                0x10002a38       0xd8 ./Dave/Generated/UART/uart_conf.o
                0x10002a38                UART_1_init
 .text.USIC0_3_IRQHandler
                0x10002b10       0x10 ./Dave/Generated/UART/uart_conf.o
                0x10002b10                USIC0_3_IRQHandler
 .text.USIC0_1_IRQHandler
                0x10002b20       0x10 ./Dave/Generated/UART/uart_conf.o
                0x10002b20                USIC0_1_IRQHandler
 .text.USIC0_4_IRQHandler
                0x10002b30       0x10 ./Dave/Generated/UART/uart_conf.o
                0x10002b30                USIC0_4_IRQHandler
 .text.USIC0_2_IRQHandler
                0x10002b40       0x10 ./Dave/Generated/UART/uart_conf.o
                0x10002b40                USIC0_2_IRQHandler
 .text.SYSTIMER_lInsertTimerList
                0x10002b50       0x88 ./Dave/Generated/SYSTIMER/systimer.o
 .text.SYSTIMER_lRemoveTimerList
                0x10002bd8       0x50 ./Dave/Generated/SYSTIMER/systimer.o
 .text.SysTick_Handler
                0x10002c28       0x88 ./Dave/Generated/SYSTIMER/systimer.o
                0x10002c28                SysTick_Handler
 .text.SYSTIMER_Init
                0x10002cb0       0x54 ./Dave/Generated/SYSTIMER/systimer.o
                0x10002cb0                SYSTIMER_Init
 .text.SYSTIMER_CreateTimer
                0x10002d04       0x68 ./Dave/Generated/SYSTIMER/systimer.o
                0x10002d04                SYSTIMER_CreateTimer
 .text.SYSTIMER_StartTimer
                0x10002d6c       0x30 ./Dave/Generated/SYSTIMER/systimer.o
                0x10002d6c                SYSTIMER_StartTimer
 .text.PDM_DIMMED_LED_LAMP_Init
                0x10002d9c       0x4c ./Dave/Generated/PDM_DIMMED_LED_LAMP/pdm_dimmed_led_lamp.o
                0x10002d9c                PDM_DIMMED_LED_LAMP_Init
 .text.PDM_DIMMED_LED_LAMP_SetColor
                0x10002de8       0x3a ./Dave/Generated/PDM_DIMMED_LED_LAMP/pdm_dimmed_led_lamp.o
                0x10002de8                PDM_DIMMED_LED_LAMP_SetColor
 .text.PDM_DIMMED_LED_LAMP_SetDimLevelExponentialAdv
                0x10002e22       0x34 ./Dave/Generated/PDM_DIMMED_LED_LAMP/pdm_dimmed_led_lamp.o
                0x10002e22                PDM_DIMMED_LED_LAMP_SetDimLevelExponentialAdv
 .text.PDM_BCCU_Init
                0x10002e56       0x9e ./Dave/Generated/PDM_BCCU/pdm_bccu.o
                0x10002e56                PDM_BCCU_Init
 .text.PDM_BCCU_SetIntensity
                0x10002ef4        0xa ./Dave/Generated/PDM_BCCU/pdm_bccu.o
                0x10002ef4                PDM_BCCU_SetIntensity
 .text.PDM_BCCU_SetLinearWalk
                0x10002efe        0xa ./Dave/Generated/PDM_BCCU/pdm_bccu.o
                0x10002efe                PDM_BCCU_SetLinearWalk
 .text.INTERRUPT_Init
                0x10002f08       0x84 ./Dave/Generated/INTERRUPT/interrupt.o
                0x10002f08                INTERRUPT_Init
 .text.GLOBAL_BCCU_Init
                0x10002f8c       0x38 ./Dave/Generated/GLOBAL_BCCU/global_bccu.o
                0x10002f8c                GLOBAL_BCCU_Init
 .text.GLOBAL_ADC_Init
                0x10002fc4       0x6c ./Dave/Generated/GLOBAL_ADC/global_adc.o
                0x10002fc4                GLOBAL_ADC_Init
 .text.E_EEPROM_XMC1_lGetUsrBlockIndex
                0x10003030       0x2c ./Dave/Generated/E_EEPROM_XMC1/e_eeprom_xmc1.o
 .text.E_EEPROM_XMC1_lGetFreeDFLASHBlocks
                0x1000305c       0x2c ./Dave/Generated/E_EEPROM_XMC1/e_eeprom_xmc1.o
 .text.E_EEPROM_XMC1_lUpdateCurrBankInfo
                0x10003088       0x40 ./Dave/Generated/E_EEPROM_XMC1/e_eeprom_xmc1.o
 .text.E_EEPROM_XMC1_lSetMarkerBlockBuffer
                0x100030c8       0x14 ./Dave/Generated/E_EEPROM_XMC1/e_eeprom_xmc1.o
 .text.E_EEPROM_XMC1_lSetMarkerPageBuffer
                0x100030dc       0x40 ./Dave/Generated/E_EEPROM_XMC1/e_eeprom_xmc1.o
 .text.E_EEPROM_XMC1_lWriteDataBlock
                0x1000311c       0x30 ./Dave/Generated/E_EEPROM_XMC1/e_eeprom_xmc1.o
 .text.E_EEPROM_XMC1_lEraseBank
                0x1000314c       0x2c ./Dave/Generated/E_EEPROM_XMC1/e_eeprom_xmc1.o
 .text.E_EEPROM_XMC1_lGetDFLASHPhysicalBlocks
                0x10003178       0x18 ./Dave/Generated/E_EEPROM_XMC1/e_eeprom_xmc1.o
 .text.E_EEPROM_XMC1_lUpdateCache
                0x10003190      0x1b4 ./Dave/Generated/E_EEPROM_XMC1/e_eeprom_xmc1.o
 .text.E_EEPROM_XMC1_lGCWrite
                0x10003344       0x24 ./Dave/Generated/E_EEPROM_XMC1/e_eeprom_xmc1.o
 .text.E_EEPROM_XMC1_lErasedDirtyStateRecovery.constprop.2
                0x10003368       0x3c ./Dave/Generated/E_EEPROM_XMC1/e_eeprom_xmc1.o
 .text.E_EEPROM_XMC1_lReadBlockContents
                0x100033a4       0xa4 ./Dave/Generated/E_EEPROM_XMC1/e_eeprom_xmc1.o
 .text.E_EEPROM_XMC1_lGarbageCollection
                0x10003448      0x1ec ./Dave/Generated/E_EEPROM_XMC1/e_eeprom_xmc1.o
 .text.E_EEPROM_XMC1_lInitGcNormalStates
                0x10003634       0xa8 ./Dave/Generated/E_EEPROM_XMC1/e_eeprom_xmc1.o
 .text.E_EEPROM_XMC1_lInitllegalStateMachine
                0x100036dc       0x24 ./Dave/Generated/E_EEPROM_XMC1/e_eeprom_xmc1.o
 .text.E_EEPROM_XMC1_lCopyProcessDirtyStateRecovery
                0x10003700       0x4c ./Dave/Generated/E_EEPROM_XMC1/e_eeprom_xmc1.o
 .text.E_EEPROM_XMC1_lInitDirtyStateMachine
                0x1000374c       0x6c ./Dave/Generated/E_EEPROM_XMC1/e_eeprom_xmc1.o
 .text.E_EEPROM_XMC1_lLocalWrite
                0x100037b8      0x20c ./Dave/Generated/E_EEPROM_XMC1/e_eeprom_xmc1.o
 .text.E_EEPROM_XMC1_lInitGcDataCopyState.constprop.3
                0x100039c4       0x40 ./Dave/Generated/E_EEPROM_XMC1/e_eeprom_xmc1.o
 .text.E_EEPROM_XMC1_Init
                0x10003a04      0x238 ./Dave/Generated/E_EEPROM_XMC1/e_eeprom_xmc1.o
                0x10003a04                E_EEPROM_XMC1_Init
 .text.E_EEPROM_XMC1_Write
                0x10003c3c       0x20 ./Dave/Generated/E_EEPROM_XMC1/e_eeprom_xmc1.o
                0x10003c3c                E_EEPROM_XMC1_Write
 .text.E_EEPROM_XMC1_Read
                0x10003c5c       0x5c ./Dave/Generated/E_EEPROM_XMC1/e_eeprom_xmc1.o
                0x10003c5c                E_EEPROM_XMC1_Read
 .text.E_EEPROM_XMC1_GetStatus
                0x10003cb8       0x1c ./Dave/Generated/E_EEPROM_XMC1/e_eeprom_xmc1.o
                0x10003cb8                E_EEPROM_XMC1_GetStatus
 .text.DIM_BCCU_Init
                0x10003cd4       0x38 ./Dave/Generated/DIM_BCCU/dim_bccu.o
                0x10003cd4                DIM_BCCU_Init
 .text.DIGITAL_IO_Init
                0x10003d0c       0x1c ./Dave/Generated/DIGITAL_IO/digital_io.o
                0x10003d0c                DIGITAL_IO_Init
 .text.SystemCoreSetup
                0x10003d28        0x2 ./Dave/Generated/CPU_CTRL_XMC1/cpu_ctrl_xmc1_conf.o
                0x10003d28                SystemCoreSetup
 .text.CLOCK_XMC1_Init
                0x10003d2a        0xe ./Dave/Generated/CLOCK_XMC1/clock_xmc1.o
                0x10003d2a                CLOCK_XMC1_Init
 .text.SystemCoreClockSetup
                0x10003d38       0x1c ./Dave/Generated/CLOCK_XMC1/clock_xmc1_conf.o
                0x10003d38                SystemCoreClockSetup
 .text.ADC_MEASUREMENT_ADV_lQueueInsertEntries
                0x10003d54       0x2c ./Dave/Generated/ADC_MEASUREMENT_ADV/adc_measurement_adv.o
 .text.ADC_MEASUREMENT_ADV_lSyncADCClocks
                0x10003d80       0x40 ./Dave/Generated/ADC_MEASUREMENT_ADV/adc_measurement_adv.o
                0x10003d80                ADC_MEASUREMENT_ADV_lSyncADCClocks
 .text.ADC_MEASUREMENT_ADV_StartADC
                0x10003dc0       0x1c ./Dave/Generated/ADC_MEASUREMENT_ADV/adc_measurement_adv.o
                0x10003dc0                ADC_MEASUREMENT_ADV_StartADC
 .text.ADC_MEASUREMENT_ADV_SoftwareTrigger
                0x10003ddc       0x1c ./Dave/Generated/ADC_MEASUREMENT_ADV/adc_measurement_adv.o
                0x10003ddc                ADC_MEASUREMENT_ADV_SoftwareTrigger
 .text.ADC_MEASUREMENT_ADC_lNvicEnable
                0x10003df8       0x24 ./Dave/Generated/ADC_MEASUREMENT_ADV/adc_measurement_adv.o
                0x10003df8                ADC_MEASUREMENT_ADC_lNvicEnable
 .text.ADC_MEASUREMENT_ADV_Init
                0x10003e1c      0x170 ./Dave/Generated/ADC_MEASUREMENT_ADV/adc_measurement_adv.o
                0x10003e1c                ADC_MEASUREMENT_ADV_Init
 .text.ADC_MEASUREMENT_ADV_0_event_config
                0x10003f8c       0x14 ./Dave/Generated/ADC_MEASUREMENT_ADV/adc_measurement_adv_conf.o
 .text.DAVE_Init
                0x10003fa0       0xc4 ./Dave/Generated/DAVE.o
                0x10003fa0                DAVE_Init
 .text.startup.main
                0x10004064     0x1030 ./main.o
                0x10004064                main
 .text.endofTransmitU1
                0x10005094        0x2 ./main.o
                0x10005094                endofTransmitU1
 .text.endofReceiveU1
                0x10005096        0x2 ./main.o
                0x10005096                endofReceiveU1
 .text.endofTransmitU0
                0x10005098        0x2 ./main.o
                0x10005098                endofTransmitU0
 .text.endofReceiveU0
                0x1000509a        0x2 ./main.o
                0x1000509a                endofReceiveU0
 .text.VADC0_C0_0_IRQHandler
                0x1000509c       0xf0 ./main.o
                0x1000509c                VADC0_C0_0_IRQHandler
 .text          0x1000518c       0x14 c:/davev4-64bit/dave-4.3.2/eclipse/arm-gcc-49/bin/../lib/gcc/arm-none-eabi/4.9.3/armv6-m\libgcc.a(_thumb1_case_uqi.o)
                0x1000518c                __gnu_thumb1_case_uqi
 .text          0x100051a0       0x14 c:/davev4-64bit/dave-4.3.2/eclipse/arm-gcc-49/bin/../lib/gcc/arm-none-eabi/4.9.3/armv6-m\libgcc.a(_thumb1_case_uhi.o)
                0x100051a0                __gnu_thumb1_case_uhi
 .text.__libc_init_array
                0x100051b4       0x4c c:/davev4-64bit/dave-4.3.2/eclipse/arm-gcc-49/bin/../lib/gcc/arm-none-eabi/4.9.3/../../../../arm-none-eabi/lib/armv6-m\libc_nano.a(lib_a-init.o)
                0x100051b4                __libc_init_array
 *(.init)
 *(.fini)
 *crtbegin.o(.ctors)
 *crtbegin?.o(.ctors)
 *(EXCLUDE_FILE(*crtend.o *crtend?.o) .ctors)
 *(SORT(.ctors.*))
 *(.ctors)
 *crtbegin.o(.dtors)
 *crtbegin?.o(.dtors)
 *(EXCLUDE_FILE(*crtend.o *crtend?.o) .dtors)
 *(SORT(.dtors.*))
 *(.dtors)
 *(.rodata .rodata.*)
 .rodata.UART_1_rx_pin_config
                0x10005200        0x8 ./Dave/Generated/UART/uart_conf.o
                0x10005200                UART_1_rx_pin_config
 .rodata.UART_0_rx_pin_config
                0x10005208        0x8 ./Dave/Generated/UART/uart_conf.o
                0x10005208                UART_0_rx_pin_config
 .rodata.UART_1_config
                0x10005210       0x30 ./Dave/Generated/UART/uart_conf.o
                0x10005210                UART_1_config
 .rodata.UART_1_channel_config
                0x10005240        0xc ./Dave/Generated/UART/uart_conf.o
                0x10005240                UART_1_channel_config
 .rodata.UART_0_tx_pin
                0x1000524c        0xc ./Dave/Generated/UART/uart_conf.o
                0x1000524c                UART_0_tx_pin
 .rodata.UART_1_tx_pin
                0x10005258        0xc ./Dave/Generated/UART/uart_conf.o
                0x10005258                UART_1_tx_pin
 .rodata.UART_0_tx_pin_config
                0x10005264        0x8 ./Dave/Generated/UART/uart_conf.o
                0x10005264                UART_0_tx_pin_config
 .rodata.UART_0_config
                0x1000526c       0x30 ./Dave/Generated/UART/uart_conf.o
                0x1000526c                UART_0_config
 .rodata.UART_1_tx_pin_config
                0x1000529c        0x8 ./Dave/Generated/UART/uart_conf.o
                0x1000529c                UART_1_tx_pin_config
 .rodata.UART_0_channel_config
                0x100052a4        0xc ./Dave/Generated/UART/uart_conf.o
                0x100052a4                UART_0_channel_config
 .rodata.INTERRUPT_0
                0x100052b0        0x3 ./Dave/Generated/INTERRUPT/interrupt_conf.o
                0x100052b0                INTERRUPT_0
 .rodata.INTERRUPT_1
                0x100052b3        0x3 ./Dave/Generated/INTERRUPT/interrupt_conf.o
                0x100052b3                INTERRUPT_1
 *fill*         0x100052b6        0x2 
 .rodata.group_init_handle0
                0x100052b8       0x14 ./Dave/Generated/GLOBAL_ADC/global_adc_conf.o
                0x100052b8                group_init_handle0
 .rodata.group_init_handle1
                0x100052cc       0x14 ./Dave/Generated/GLOBAL_ADC/global_adc_conf.o
                0x100052cc                group_init_handle1
 .rodata.global_config
                0x100052e0       0x18 ./Dave/Generated/GLOBAL_ADC/global_adc_conf.o
                0x100052e0                global_config
 .rodata.E_EEPROM_XMC1_block_Config
                0x100052f8       0x30 ./Dave/Generated/E_EEPROM_XMC1/e_eeprom_xmc1_conf.o
                0x100052f8                E_EEPROM_XMC1_block_Config
 .rodata.VCC_LED_shtdwn
                0x10005328       0x10 ./Dave/Generated/DIGITAL_IO/digital_io_conf.o
                0x10005328                VCC_LED_shtdwn
 .rodata.xmc_int_bmc
                0x10005338       0x10 ./Dave/Generated/DIGITAL_IO/digital_io_conf.o
                0x10005338                xmc_int_bmc
 .rodata.xmc_sel_gain
                0x10005348       0x10 ./Dave/Generated/DIGITAL_IO/digital_io_conf.o
                0x10005348                xmc_sel_gain
 .rodata.xmc_int_tcs
                0x10005358       0x10 ./Dave/Generated/DIGITAL_IO/digital_io_conf.o
                0x10005358                xmc_int_tcs
 .rodata.xmc_lin_en
                0x10005368       0x10 ./Dave/Generated/DIGITAL_IO/digital_io_conf.o
                0x10005368                xmc_lin_en
 .rodata        0x10005378        0xc ./Dave/Generated/CLOCK_XMC1/clock_xmc1_conf.o
 .rodata.group_ptrs
                0x10005384        0x8 ./Dave/Generated/ADC_MEASUREMENT_ADV/adc_measurement_adv.o
                0x10005384                group_ptrs
 .rodata.ADC_MEASUREMENT_ADV_0_queue_config
                0x1000538c        0xc ./Dave/Generated/ADC_MEASUREMENT_ADV/adc_measurement_adv_conf.o
 .rodata.ADC_MEASUREMENT_ADV_0
                0x10005398       0x1c ./Dave/Generated/ADC_MEASUREMENT_ADV/adc_measurement_adv_conf.o
                0x10005398                ADC_MEASUREMENT_ADV_0
 .rodata.ADC_MEASUREMENT_ADV_0_xmc_I_cw_res_config
                0x100053b4        0x4 ./Dave/Generated/ADC_MEASUREMENT_ADV/adc_measurement_adv_conf.o
 .rodata.ADC_MEASUREMENT_ADV_0_xmc_I_cw_queue_entry_3
                0x100053b8        0x4 ./Dave/Generated/ADC_MEASUREMENT_ADV/adc_measurement_adv_conf.o
 .rodata.ADC_MEASUREMENT_ADV_0_xmc_ntc_handle
                0x100053bc        0xc ./Dave/Generated/ADC_MEASUREMENT_ADV/adc_measurement_adv_conf.o
                0x100053bc                ADC_MEASUREMENT_ADV_0_xmc_ntc_handle
 .rodata.ADC_MEASUREMENT_ADV_0_xmc_I_ww_res_config
                0x100053c8        0x4 ./Dave/Generated/ADC_MEASUREMENT_ADV/adc_measurement_adv_conf.o
 .rodata.ADC_MEASUREMENT_ADV_0_xmc_I_cw_handle
                0x100053cc        0xc ./Dave/Generated/ADC_MEASUREMENT_ADV/adc_measurement_adv_conf.o
                0x100053cc                ADC_MEASUREMENT_ADV_0_xmc_I_cw_handle
 .rodata.ADC_MEASUREMENT_ADV_0_xmc_I_ww_handle
                0x100053d8        0xc ./Dave/Generated/ADC_MEASUREMENT_ADV/adc_measurement_adv_conf.o
                0x100053d8                ADC_MEASUREMENT_ADV_0_xmc_I_ww_handle
 .rodata.ADC_MEASUREMENT_ADV_0_xmc_ntc_queue_entry_0
                0x100053e4        0x4 ./Dave/Generated/ADC_MEASUREMENT_ADV/adc_measurement_adv_conf.o
 .rodata.ADC_MEASUREMENT_ADV_0_xmc_I_ww_queue_entry_1
                0x100053e8        0x4 ./Dave/Generated/ADC_MEASUREMENT_ADV/adc_measurement_adv_conf.o
 .rodata.ADC_MEASUREMENT_ADV_0_queue_handle
                0x100053ec       0x18 ./Dave/Generated/ADC_MEASUREMENT_ADV/adc_measurement_adv_conf.o
 .rodata.ADC_MEASUREMENT_ADV_0_xmc_U_in_ch_config
                0x10005404       0x10 ./Dave/Generated/ADC_MEASUREMENT_ADV/adc_measurement_adv_conf.o
 .rodata.ADC_MEASUREMENT_ADV_0_xmc_U_in_handle
                0x10005414        0xc ./Dave/Generated/ADC_MEASUREMENT_ADV/adc_measurement_adv_conf.o
                0x10005414                ADC_MEASUREMENT_ADV_0_xmc_U_in_handle
 .rodata.ADC_MEASUREMENT_ADV_0_xmc_U_in_res_config
                0x10005420        0x4 ./Dave/Generated/ADC_MEASUREMENT_ADV/adc_measurement_adv_conf.o
 .rodata.ADC_MEASUREMENT_ADV_0_xmc_I_ww_ch_config
                0x10005424       0x10 ./Dave/Generated/ADC_MEASUREMENT_ADV/adc_measurement_adv_conf.o
 .rodata.ADC_MEASUREMENT_ADV_0_xmc_U_in_queue_entry_2
                0x10005434        0x4 ./Dave/Generated/ADC_MEASUREMENT_ADV/adc_measurement_adv_conf.o
 .rodata.ADC_MEASUREMENT_ADV_0_xmc_ntc_ch_config
                0x10005438       0x10 ./Dave/Generated/ADC_MEASUREMENT_ADV/adc_measurement_adv_conf.o
 .rodata.ADC_MEASUREMENT_ADV_0_xmc_ntc_res_config
                0x10005448        0x4 ./Dave/Generated/ADC_MEASUREMENT_ADV/adc_measurement_adv_conf.o
 .rodata.ADC_MEASUREMENT_ADV_0_xmc_I_cw_ch_config
                0x1000544c       0x10 ./Dave/Generated/ADC_MEASUREMENT_ADV/adc_measurement_adv_conf.o
 *(.gnu.linkonce.r*)

.glue_7         0x1000545c        0x0
 .glue_7        0x00000000        0x0 linker stubs

.glue_7t        0x1000545c        0x0
 .glue_7t       0x00000000        0x0 linker stubs

.vfp11_veneer   0x1000545c        0x0
 .vfp11_veneer  0x00000000        0x0 linker stubs

.v4_bx          0x1000545c        0x0
 .v4_bx         0x00000000        0x0 linker stubs

.iplt           0x1000545c        0x0
 .iplt          0x00000000        0x0 ./samuel/samuel_io.o

.eh_frame_hdr
 *(.eh_frame_hdr)

.eh_frame
 *(.eh_frame)

.ARM.extab
 *(.ARM.extab* .gnu.linkonce.armextab.*)
                0x1000545c                . = ALIGN (0x4)
                0x1000545c                __exidx_start = .

.ARM.exidx
 *(.ARM.exidx* .gnu.linkonce.armexidx.*)
                0x1000545c                __exidx_end = .
                0x1000545c                . = ALIGN (0x4)
                0x1000545c                eROData = .

.VENEER_Code    0x2000000c      0x138 load address 0x1000545c
                0x2000000c                . = ALIGN (0x4)
                0x2000000c                VeneerStart = .
 *(.XmcVeneerCode)
 .XmcVeneerCode
                0x2000000c      0x138 ./Startup/startup_XMC1300.o
                0x2000000c                HardFault_Veneer
                0x2000002c                SVC_Veneer
                0x20000038                PendSV_Veneer
                0x2000003c                SysTick_Veneer
                0x20000040                SCU_0_Veneer
                0x20000044                SCU_1_Veneer
                0x20000048                SCU_2_Veneer
                0x2000004c                SCU_3_Veneer
                0x20000050                SCU_4_Veneer
                0x20000054                SCU_5_Veneer
                0x20000058                SCU_6_Veneer
                0x2000005c                MATH_Veneer
                0x20000064                USIC0_0_Veneer
                0x20000068                USIC0_1_Veneer
                0x2000006c                USIC0_2_Veneer
                0x20000070                USIC0_3_Veneer
                0x20000074                USIC0_4_Veneer
                0x20000078                USIC0_5_Veneer
                0x2000007c                VADC0_C0_0_Veneer
                0x20000080                VADC0_C0_1_Veneer
                0x20000084                VADC0_G0_0_Veneer
                0x20000088                VADC0_G0_1_Veneer
                0x2000008c                VADC0_G1_0_Veneer
                0x20000090                VADC0_G1_1_Veneer
                0x20000094                CCU40_0_Veneer
                0x20000098                CCU40_1_Veneer
                0x2000009c                CCU40_2_Veneer
                0x200000a0                CCU40_3_Veneer
                0x200000a4                CCU80_0_Veneer
                0x200000a8                CCU80_1_Veneer
                0x200000ac                POSIF0_0_Veneer
                0x200000b0                POSIF0_1_Veneer
                0x200000bc                BCCU0_0_Veneer
                0x20000144                . = ALIGN (0x4)
                0x20000144                VeneerEnd = .
                0x00000138                VeneerSize = (ABSOLUTE (VeneerEnd) - ABSOLUTE (VeneerStart))

.rel.dyn        0x20000144        0x0 load address 0x10005594
 .rel.iplt      0x00000000        0x0 ./samuel/samuel_io.o

Stack           0x20000144      0x404 load address 0x00000000
                0x20000148                . = ALIGN (0x8)
 *fill*         0x20000144        0x4 
                0x20000548                . = (. + stack_size)
 *fill*         0x20000148      0x400 
                0x20000548                __initial_sp = .
                0x10005594                DataLoadAddr = (eROData + VeneerSize)

.data           0x20000548      0x21c load address 0x10005594
                0x20000548                . = ALIGN (0x4)
                0x20000548                __data_start = .
 *(vtable)
 *(.data)
 *(.data*)
 .data.ColorQuot_Gen
                0x20000548        0x2 ./samuel/samuel_io.o
                0x20000548                ColorQuot_Gen
 .data.transmit_buf_size
                0x2000054a        0x1 ./samuel/samuel_io.o
                0x2000054a                transmit_buf_size
 *fill*         0x2000054b        0x1 
 .data.Brightness_Gen
                0x2000054c        0x2 ./samuel/samuel_io.o
                0x2000054c                Brightness_Gen
 .data.linearwalk_gen
                0x2000054e        0x2 ./samuel/samuel_io.o
                0x2000054e                linearwalk_gen
 .data.resultB  0x20000550        0x2 ./samuel/samuel_io.o
                0x20000550                resultB
 *fill*         0x20000552        0x2 
 .data.UART_0   0x20000554        0xc ./Dave/Generated/UART/uart_conf.o
                0x20000554                UART_0
 .data.UART_1   0x20000560        0xc ./Dave/Generated/UART/uart_conf.o
                0x20000560                UART_1
 .data.PDM_DIMMED_LED_LAMP_0
                0x2000056c       0x3c ./Dave/Generated/PDM_DIMMED_LED_LAMP/pdm_dimmed_led_lamp_conf.o
                0x2000056c                PDM_DIMMED_LED_LAMP_0
 .data.PDM_DIMMED_LED_LAMP_0_config
                0x200005a8       0x14 ./Dave/Generated/PDM_DIMMED_LED_LAMP/pdm_dimmed_led_lamp_conf.o
                0x200005a8                PDM_DIMMED_LED_LAMP_0_config
 .data.PDM_BCCU_2_gpio_config
                0x200005bc        0x8 ./Dave/Generated/PDM_BCCU/pdm_bccu_conf.o
                0x200005bc                PDM_BCCU_2_gpio_config
 .data.PDM_BCCU_1_config
                0x200005c4        0xc ./Dave/Generated/PDM_BCCU/pdm_bccu_conf.o
                0x200005c4                PDM_BCCU_1_config
 .data.PDM_BCCU_3_config
                0x200005d0        0xc ./Dave/Generated/PDM_BCCU/pdm_bccu_conf.o
                0x200005d0                PDM_BCCU_3_config
 .data.PDM_BCCU_1_gpio_config
                0x200005dc        0x8 ./Dave/Generated/PDM_BCCU/pdm_bccu_conf.o
                0x200005dc                PDM_BCCU_1_gpio_config
 .data.PDM_BCCU_0_gpio_config
                0x200005e4        0x8 ./Dave/Generated/PDM_BCCU/pdm_bccu_conf.o
                0x200005e4                PDM_BCCU_0_gpio_config
 .data.PDM_BCCU_0
                0x200005ec       0x30 ./Dave/Generated/PDM_BCCU/pdm_bccu_conf.o
                0x200005ec                PDM_BCCU_0
 .data.PDM_BCCU_1
                0x2000061c       0x30 ./Dave/Generated/PDM_BCCU/pdm_bccu_conf.o
                0x2000061c                PDM_BCCU_1
 .data.PDM_BCCU_2
                0x2000064c       0x30 ./Dave/Generated/PDM_BCCU/pdm_bccu_conf.o
                0x2000064c                PDM_BCCU_2
 .data.PDM_BCCU_3
                0x2000067c       0x30 ./Dave/Generated/PDM_BCCU/pdm_bccu_conf.o
                0x2000067c                PDM_BCCU_3
 .data.PDM_BCCU_2_config
                0x200006ac        0xc ./Dave/Generated/PDM_BCCU/pdm_bccu_conf.o
                0x200006ac                PDM_BCCU_2_config
 .data.PDM_BCCU_3_gpio_config
                0x200006b8        0x8 ./Dave/Generated/PDM_BCCU/pdm_bccu_conf.o
                0x200006b8                PDM_BCCU_3_gpio_config
 .data.PDM_BCCU_0_config
                0x200006c0        0xc ./Dave/Generated/PDM_BCCU/pdm_bccu_conf.o
                0x200006c0                PDM_BCCU_0_config
 .data.GLOBAL_BCCU_0
                0x200006cc       0x10 ./Dave/Generated/GLOBAL_BCCU/global_bccu_conf.o
                0x200006cc                GLOBAL_BCCU_0
 .data.confighandle
                0x200006dc        0xc ./Dave/Generated/GLOBAL_BCCU/global_bccu_conf.o
                0x200006dc                confighandle
 .data.group_0_config
                0x200006e8        0xc ./Dave/Generated/GLOBAL_ADC/global_adc_conf.o
                0x200006e8                group_0_config
 .data.GLOBAL_ADC_0
                0x200006f4       0x18 ./Dave/Generated/GLOBAL_ADC/global_adc_conf.o
                0x200006f4                GLOBAL_ADC_0
 .data.group_1_config
                0x2000070c        0xc ./Dave/Generated/GLOBAL_ADC/global_adc_conf.o
                0x2000070c                group_1_config
 .data.E_EEPROM_XMC1_0
                0x20000718       0x10 ./Dave/Generated/E_EEPROM_XMC1/e_eeprom_xmc1_conf.o
                0x20000718                E_EEPROM_XMC1_0
 .data.DIM_BCCU_0_confighandle
                0x20000728        0x4 ./Dave/Generated/DIM_BCCU/dim_bccu_conf.o
                0x20000728                DIM_BCCU_0_confighandle
 .data.DIM_BCCU_0
                0x2000072c       0x14 ./Dave/Generated/DIM_BCCU/dim_bccu_conf.o
                0x2000072c                DIM_BCCU_0
 .data.ADC_MEASUREMENT_ADV_0_channel_array
                0x20000740       0x10 ./Dave/Generated/ADC_MEASUREMENT_ADV/adc_measurement_adv_conf.o
 .data.ADC_MEASUREMENT_ADV_0_initialization_status
                0x20000750        0x1 ./Dave/Generated/ADC_MEASUREMENT_ADV/adc_measurement_adv_conf.o
 *fill*         0x20000751        0x3 
 .data.ADC_MEASUREMENT_ADV_0_queue_entries
                0x20000754       0x10 ./Dave/Generated/ADC_MEASUREMENT_ADV/adc_measurement_adv_conf.o
 *(*.data)
 *(.gnu.linkonce.d*)
                0x20000764                . = ALIGN (0x4)
                0x20000764                PROVIDE (__preinit_array_start, .)
 *(.preinit_array)
                0x20000764                PROVIDE (__preinit_array_end, .)
                0x20000764                . = ALIGN (0x4)
                0x20000764                PROVIDE (__init_array_start, .)
 *(SORT(.init_array.*))
 *(.init_array)
                0x20000764                PROVIDE (__init_array_end, .)
                0x20000764                . = ALIGN (0x4)
                0x20000764                PROVIDE (__fini_array_start, .)
 *(SORT(.fini_array.*))
 *(.fini_array)
                0x20000764                PROVIDE (__fini_array_end, .)
                0x20000764                . = ALIGN (0x4)
                0x20000764                __data_end = .
                0x0000021c                __data_size = (__data_end - __data_start)

.igot.plt       0x20000764        0x0 load address 0x100057b0
 .igot.plt      0x00000000        0x0 ./samuel/samuel_io.o

.ram_code       0x20000764        0x0 load address 0x100057b0
                0x20000764                . = ALIGN (0x4)
                0x20000764                __ram_code_start = .
 *(.ram_code)
                0x20000764                . = ALIGN (0x4)
                0x20000764                __ram_code_end = .
                0x100057b0                __ram_code_load = LOADADDR (.ram_code)
                0x00000000                __ram_code_size = (__ram_code_end - __ram_code_start)

.bss            0x20000764      0x4c4 load address 0x100057b0
                0x20000764                . = ALIGN (0x4)
                0x20000764                __bss_start = .
 *(.bss)
 *(.bss*)
 .bss.resultDalt
                0x20000764        0x2 ./samuel/samuel_io.o
                0x20000764                resultDalt
 .bss.zahler_lightprog01
                0x20000766        0x2 ./samuel/samuel_io.o
                0x20000766                zahler_lightprog01
 .bss.adc_ready20m
                0x20000768        0x2 ./samuel/samuel_io.o
                0x20000768                adc_ready20m
 .bss.B_nextLedOff
                0x2000076a        0x1 ./samuel/samuel_io.o
                0x2000076a                B_nextLedOff
 .bss.B_first_uart
                0x2000076b        0x1 ./samuel/samuel_io.o
                0x2000076b                B_first_uart
 .bss.zahler_offlight
                0x2000076c        0x2 ./samuel/samuel_io.o
                0x2000076c                zahler_offlight
 *fill*         0x2000076e        0x2 
 .bss.IDIV.4926
                0x20000770        0x4 ./Startup/system_XMC1300.o
 .bss.FDIV.4927
                0x20000774        0x4 ./Startup/system_XMC1300.o
 .bss.UART_1_runtime
                0x20000778       0x1c ./Dave/Generated/UART/uart_conf.o
                0x20000778                UART_1_runtime
 .bss.UART_0_runtime
                0x20000794       0x1c ./Dave/Generated/UART/uart_conf.o
                0x20000794                UART_0_runtime
 .bss.g_systick_count
                0x200007b0        0x4 ./Dave/Generated/SYSTIMER/systimer.o
                0x200007b0                g_systick_count
 .bss.g_timer_tracker
                0x200007b4        0x4 ./Dave/Generated/SYSTIMER/systimer.o
                0x200007b4                g_timer_tracker
 .bss.g_timer_list
                0x200007b8        0x4 ./Dave/Generated/SYSTIMER/systimer.o
                0x200007b8                g_timer_list
 .bss.SYSTIMER_0
                0x200007bc        0x1 ./Dave/Generated/SYSTIMER/systimer_conf.o
                0x200007bc                SYSTIMER_0
 .bss.CLOCK_XMC1_0
                0x200007bd        0x1 ./Dave/Generated/CLOCK_XMC1/clock_xmc1_conf.o
                0x200007bd                CLOCK_XMC1_0
 *(COMMON)
 COMMON         0x200007be      0x1a0 ./samuel/samuel_io.o
                0x200007be                resultAalt
                0x200007c0                charcount
                0x200007c2                dimNorm2_Ww
                0x200007c4                node_id_neu
                0x200007c5                ReadBuffer3
                0x200007e6                linearwalk_ww1
                0x200007e8                Index
                0x200007ea                Hard_Vers
                0x200007ec                LED_WW_Vers
                0x200007ee                Reserve_2
                0x200007f0                resultC2
                0x200007f2                Farbe_ww2
                0x200007f4                Farbe_ww1
                0x200007f6                Mon_Vers
                0x200007f8                resultB2
                0x200007fa                Farbe_cw1
                0x200007fc                new_data
                0x2000080c                Dimm_Valu
                0x2000080d                framelength
                0x2000080e                neu_Ser_NrH
                0x20000810                RegOnOff2
                0x20000812                resultAalt2
                0x20000814                Farbe_ww2_Quot
                0x20000816                synclevel
                0x20000818                resultD2
                0x2000081a                ReadData
                0x20000822                command
                0x20000824                LED_CW_Vers
                0x20000826                Ser_NrH
                0x20000828                Farbe_ww1_Quot
                0x2000082a                led_grupp
                0x2000082c                node_id
                0x2000082e                Dimm_Max_WW
                0x20000830                val_Spannung_min
                0x20000832                GEH_Vers
                0x20000834                linearwalk_cw2
                0x20000836                Dimm_Stufen
                0x20000838                linearwalk_ww2
                0x2000083a                node_id_alt
                0x2000083b                ReadBuffer2
                0x2000084c                led_Strom
                0x2000084e                RegOnOff
                0x20000850                val_Pow_Nom
                0x20000852                resultC
                0x20000854                node_id_16bit
                0x20000856                Dimm_Gamma
                0x20000857                EEprom_status
                0x20000858                dimOff_Cw
                0x2000085a                eeprom_data
                0x2000087a                resultBalt2
                0x2000087c                Dimm_StufenGR
                0x2000087e                Dimm_Max_CW
                0x20000880                ReadBuffer1
                0x20000890                Farbe_wwcw_Quot_gen
                0x20000892                resultBalt
                0x20000894                dimNorm1_Ww
                0x20000896                Farbe_cw2_Quot
                0x20000898                Ser_NrL
                0x2000089a                Smooth_Value
                0x2000089c                dimAkt_Ww
                0x2000089e                resultDCalt2
                0x200008a0                execute
                0x200008a2                dimNorm1_Cw
                0x200008a4                Soft_Vers
                0x200008a6                resultA
                0x200008a8                Reserve_1
                0x200008aa                resultCalt2
                0x200008ac                resultD
                0x200008ae                val_Spannung_max
                0x200008b0                dimAkt_Cw
                0x200008b2                rec_data
                0x200008c2                ReadBuffer4
                0x200008e2                Farbe_cw1_Quot
                0x200008e4                val_Pow_max
                0x200008e6                node_id_resi
                0x200008e8                adc_ready
                0x200008ea                oper_status
                0x200008ec                resultA2
                0x200008ee                dimOff_Ww
                0x200008f0                Farbe_cw2
                0x200008f2                neu_Ser_NrL
                0x200008f4                resultCalt
                0x200008f6                linearwalk_cw1
                0x200008f8                data_buffer
                0x2000095c                dimNorm2_Cw
 *fill*         0x2000095e        0x2 
 COMMON         0x20000960      0x120 ./Dave/Generated/SYSTIMER/systimer.o
                0x20000960                g_timer_tbl
 COMMON         0x20000a80      0x190 ./Dave/Generated/E_EEPROM_XMC1/e_eeprom_xmc1_conf.o
                0x20000a80                E_EEPROM_XMC1_data
 COMMON         0x20000c10       0x14 ./main.o
                0x20000c10                tester3
                0x20000c14                tester
                0x20000c18                Dstatus
                0x20000c1a                tester5
                0x20000c1c                command_nr
                0x20000c1e                tester4
                0x20000c20                tester2
                0x20000c22                tester1
 *(.gnu.linkonce.b*)
                0x20000c24                . = ALIGN (0x4)
                0x20000c24                __bss_end = .
                0x20000c28                . = ALIGN (0x8)
 *fill*         0x20000c24        0x4 
                0x20000c28                Heap_Bank1_Start = .
                0x000004c0                __bss_size = (__bss_end - __bss_start)

.no_init        0x20003ffc        0x4 load address 0x10009048
                0x20003ffc                Heap_Bank1_End = .
 *(.no_init)
 .no_init       0x20003ffc        0x4 ./Startup/system_XMC1300.o
                0x20003ffc                SystemCoreClock
                0x000033d4                Heap_Bank1_Size = (Heap_Bank1_End - Heap_Bank1_Start)
                0x00000001                ASSERT ((Heap_Bank1_Start <= Heap_Bank1_End), region SRAM overflowed no_init section)

/DISCARD/
 *(.comment)

.stab
 *(.stab)

.stabstr
 *(.stabstr)

.debug
 *(.debug)

.line
 *(.line)

.debug_srcinfo
 *(.debug_srcinfo)

.debug_sfnames
 *(.debug_sfnames)

.debug_aranges
 *(.debug_aranges)

.debug_pubnames
 *(.debug_pubnames)

.debug_pubtypes
 *(.debug_pubtypes)

.debug_info
 *(.debug_info .gnu.linkonce.wi.*)

.debug_abbrev
 *(.debug_abbrev)

.debug_line
 *(.debug_line)

.debug_frame    0x00000000       0x2c
 *(.debug_frame)
 .debug_frame   0x00000000       0x2c c:/davev4-64bit/dave-4.3.2/eclipse/arm-gcc-49/bin/../lib/gcc/arm-none-eabi/4.9.3/../../../../arm-none-eabi/lib/armv6-m\libc_nano.a(lib_a-init.o)

.debug_str
 *(.debug_str)

.debug_loc
 *(.debug_loc)

.debug_macinfo
 *(.debug_macinfo)

.debug_ranges
 *(.debug_ranges)

.debug_weaknames
 *(.debug_weaknames)

.debug_funcnames
 *(.debug_funcnames)

.debug_typenames
 *(.debug_typenames)

.debug_varnames
 *(.debug_varnames)

.build_attributes
                0x00000000      0x800
 *(.ARM.attributes)
 .ARM.attributes
                0x00000000       0x31 ./samuel/samuel_io.o
 .ARM.attributes
                0x00000031       0x21 ./Startup/startup_XMC1300.o
 .ARM.attributes
                0x00000052       0x31 ./Startup/system_XMC1300.o
 .ARM.attributes
                0x00000083       0x31 ./Libraries/XMCLib/src/xmc1_flash.o
 .ARM.attributes
                0x000000b4       0x31 ./Libraries/XMCLib/src/xmc1_gpio.o
 .ARM.attributes
                0x000000e5       0x31 ./Libraries/XMCLib/src/xmc1_scu.o
 .ARM.attributes
                0x00000116       0x31 ./Libraries/XMCLib/src/xmc_bccu.o
 .ARM.attributes
                0x00000147       0x31 ./Libraries/XMCLib/src/xmc_gpio.o
 .ARM.attributes
                0x00000178       0x31 ./Libraries/XMCLib/src/xmc_math.o
 .ARM.attributes
                0x000001a9       0x31 ./Libraries/XMCLib/src/xmc_uart.o
 .ARM.attributes
                0x000001da       0x31 ./Libraries/XMCLib/src/xmc_usic.o
 .ARM.attributes
                0x0000020b       0x31 ./Libraries/XMCLib/src/xmc_vadc.o
 .ARM.attributes
                0x0000023c       0x31 ./Libraries/Newlib/syscalls.o
 .ARM.attributes
                0x0000026d       0x31 ./Dave/Generated/UART/uart.o
 .ARM.attributes
                0x0000029e       0x31 ./Dave/Generated/UART/uart_conf.o
 .ARM.attributes
                0x000002cf       0x31 ./Dave/Generated/SYSTIMER/systimer.o
 .ARM.attributes
                0x00000300       0x31 ./Dave/Generated/SYSTIMER/systimer_conf.o
 .ARM.attributes
                0x00000331       0x31 ./Dave/Generated/PDM_DIMMED_LED_LAMP/pdm_dimmed_led_lamp.o
 .ARM.attributes
                0x00000362       0x31 ./Dave/Generated/PDM_DIMMED_LED_LAMP/pdm_dimmed_led_lamp_conf.o
 .ARM.attributes
                0x00000393       0x31 ./Dave/Generated/PDM_BCCU/pdm_bccu.o
 .ARM.attributes
                0x000003c4       0x31 ./Dave/Generated/PDM_BCCU/pdm_bccu_conf.o
 .ARM.attributes
                0x000003f5       0x31 ./Dave/Generated/INTERRUPT/interrupt.o
 .ARM.attributes
                0x00000426       0x31 ./Dave/Generated/INTERRUPT/interrupt_conf.o
 .ARM.attributes
                0x00000457       0x31 ./Dave/Generated/GLOBAL_BCCU/global_bccu.o
 .ARM.attributes
                0x00000488       0x31 ./Dave/Generated/GLOBAL_BCCU/global_bccu_conf.o
 .ARM.attributes
                0x000004b9       0x31 ./Dave/Generated/GLOBAL_ADC/global_adc.o
 .ARM.attributes
                0x000004ea       0x31 ./Dave/Generated/GLOBAL_ADC/global_adc_conf.o
 .ARM.attributes
                0x0000051b       0x31 ./Dave/Generated/E_EEPROM_XMC1/e_eeprom_xmc1.o
 .ARM.attributes
                0x0000054c       0x31 ./Dave/Generated/E_EEPROM_XMC1/e_eeprom_xmc1_conf.o
 .ARM.attributes
                0x0000057d       0x31 ./Dave/Generated/DIM_BCCU/dim_bccu.o
 .ARM.attributes
                0x000005ae       0x31 ./Dave/Generated/DIM_BCCU/dim_bccu_conf.o
 .ARM.attributes
                0x000005df       0x31 ./Dave/Generated/DIGITAL_IO/digital_io.o
 .ARM.attributes
                0x00000610       0x31 ./Dave/Generated/DIGITAL_IO/digital_io_conf.o
 .ARM.attributes
                0x00000641       0x31 ./Dave/Generated/CPU_CTRL_XMC1/cpu_ctrl_xmc1_conf.o
 .ARM.attributes
                0x00000672       0x31 ./Dave/Generated/CLOCK_XMC1/clock_xmc1.o
 .ARM.attributes
                0x000006a3       0x31 ./Dave/Generated/CLOCK_XMC1/clock_xmc1_conf.o
 .ARM.attributes
                0x000006d4       0x31 ./Dave/Generated/ADC_MEASUREMENT_ADV/adc_measurement_adv.o
 .ARM.attributes
                0x00000705       0x31 ./Dave/Generated/ADC_MEASUREMENT_ADV/adc_measurement_adv_conf.o
 .ARM.attributes
                0x00000736       0x31 ./Dave/Generated/DAVE.o
 .ARM.attributes
                0x00000767       0x31 ./main.o
 .ARM.attributes
                0x00000798       0x1e c:/davev4-64bit/dave-4.3.2/eclipse/arm-gcc-49/bin/../lib/gcc/arm-none-eabi/4.9.3/armv6-m\libgcc.a(_thumb1_case_uqi.o)
 .ARM.attributes
                0x000007b6       0x1e c:/davev4-64bit/dave-4.3.2/eclipse/arm-gcc-49/bin/../lib/gcc/arm-none-eabi/4.9.3/armv6-m\libgcc.a(_thumb1_case_uhi.o)
 .ARM.attributes
                0x000007d4       0x2c c:/davev4-64bit/dave-4.3.2/eclipse/arm-gcc-49/bin/../lib/gcc/arm-none-eabi/4.9.3/../../../../arm-none-eabi/lib/armv6-m\libc_nano.a(lib_a-init.o)
OUTPUT(test_20161012b_soft05nils.elf elf32-littlearm)
