Archive member included because of file (symbol)

c:/davev4-64bit/dave-4.3.2/eclipse/arm-gcc-49/bin/../lib/gcc/arm-none-eabi/4.9.3/../../../../arm-none-eabi/lib/armv6-m\libg_nano.a(lib_a-errno.o)
                              ./Libraries/Newlib/syscalls.o (__errno)
c:/davev4-64bit/dave-4.3.2/eclipse/arm-gcc-49/bin/../lib/gcc/arm-none-eabi/4.9.3/../../../../arm-none-eabi/lib/armv6-m\libg_nano.a(lib_a-impure.o)
                              c:/davev4-64bit/dave-4.3.2/eclipse/arm-gcc-49/bin/../lib/gcc/arm-none-eabi/4.9.3/../../../../arm-none-eabi/lib/armv6-m\libg_nano.a(lib_a-errno.o) (_impure_ptr)
c:/davev4-64bit/dave-4.3.2/eclipse/arm-gcc-49/bin/../lib/gcc/arm-none-eabi/4.9.3/../../../../arm-none-eabi/lib/armv6-m\libg_nano.a(lib_a-init.o)
                              ./Startup/startup_XMC1300.o (__libc_init_array)

Allocating common symbols
Common symbol       size              file

resultAalt          0x2               ./samuel/samuel_io.o
charcount           0x1               ./samuel/samuel_io.o
dimNorm2_Ww         0x2               ./samuel/samuel_io.o
node_id_neu         0x1               ./samuel/samuel_io.o
ReadBuffer3         0x20              ./samuel/samuel_io.o
linearwalk_ww1      0x2               ./samuel/samuel_io.o
Index               0x1               ./samuel/samuel_io.o
Hard_Vers           0x2               ./samuel/samuel_io.o
LED_WW_Vers         0x2               ./samuel/samuel_io.o
tester3             0x2               ./main.o
Reserve_2           0x2               ./samuel/samuel_io.o
resultC2            0x2               ./samuel/samuel_io.o
Farbe_ww2           0x2               ./samuel/samuel_io.o
Farbe_ww1           0x2               ./samuel/samuel_io.o
Mon_Vers            0x2               ./samuel/samuel_io.o
resultB2            0x2               ./samuel/samuel_io.o
Farbe_cw1           0x2               ./samuel/samuel_io.o
new_data            0x10              ./samuel/samuel_io.o
Dimm_Valu           0x1               ./samuel/samuel_io.o
framelength         0x1               ./samuel/samuel_io.o
neu_Ser_NrH         0x2               ./samuel/samuel_io.o
RegOnOff2           0x1               ./samuel/samuel_io.o
resultAalt2         0x2               ./samuel/samuel_io.o
Farbe_ww2_Quot      0x2               ./samuel/samuel_io.o
synclevel           0x1               ./samuel/samuel_io.o
resultD2            0x2               ./samuel/samuel_io.o
tester              0x4               ./main.o
ReadData            0x8               ./samuel/samuel_io.o
command             0x1               ./samuel/samuel_io.o
LED_CW_Vers         0x2               ./samuel/samuel_io.o
Ser_NrH             0x2               ./samuel/samuel_io.o
Farbe_ww1_Quot      0x2               ./samuel/samuel_io.o
led_grupp           0x2               ./samuel/samuel_io.o
node_id             0x1               ./samuel/samuel_io.o
g_timer_tbl         0x120             ./Dave/Generated/SYSTIMER/systimer.o
Dimm_Max_WW         0x2               ./samuel/samuel_io.o
val_Spannung_min    0x2               ./samuel/samuel_io.o
GEH_Vers            0x2               ./samuel/samuel_io.o
linearwalk_cw2      0x2               ./samuel/samuel_io.o
Dimm_Stufen         0x1               ./samuel/samuel_io.o
linearwalk_ww2      0x2               ./samuel/samuel_io.o
node_id_alt         0x1               ./samuel/samuel_io.o
ReadBuffer2         0x10              ./samuel/samuel_io.o
led_Strom           0x2               ./samuel/samuel_io.o
RegOnOff            0x1               ./samuel/samuel_io.o
val_Pow_Nom         0x2               ./samuel/samuel_io.o
Dstatus             0x1               ./main.o
command_nr          0x2               ./main.o
tester5             0x2               ./main.o
resultC             0x2               ./samuel/samuel_io.o
node_id_16bit       0x2               ./samuel/samuel_io.o
Dimm_Gamma          0x1               ./samuel/samuel_io.o
EEprom_status       0x1               ./samuel/samuel_io.o
E_EEPROM_XMC1_data  0x190             ./Dave/Generated/E_EEPROM_XMC1/e_eeprom_xmc1_conf.o
dimOff_Cw           0x2               ./samuel/samuel_io.o
eeprom_data         0x20              ./samuel/samuel_io.o
resultBalt2         0x2               ./samuel/samuel_io.o
Dimm_StufenGR       0x1               ./samuel/samuel_io.o
Dimm_Max_CW         0x2               ./samuel/samuel_io.o
ReadBuffer1         0x10              ./samuel/samuel_io.o
Farbe_wwcw_Quot_gen
                    0x2               ./samuel/samuel_io.o
resultBalt          0x2               ./samuel/samuel_io.o
dimNorm1_Ww         0x2               ./samuel/samuel_io.o
Farbe_cw2_Quot      0x2               ./samuel/samuel_io.o
Ser_NrL             0x2               ./samuel/samuel_io.o
Smooth_Value        0x2               ./samuel/samuel_io.o
tester4             0x2               ./main.o
dimAkt_Ww           0x2               ./samuel/samuel_io.o
resultDCalt2        0x2               ./samuel/samuel_io.o
[...]
Memory Configuration

Name             Origin             Length             Attributes
FLASH            0x10001000         0x0000fa00         xr
SRAM             0x20000000         0x00004000         !xr
*default*        0x00000000         0xffffffff

Linker script and memory map

LOAD ./samuel/arbeit.o
LOAD ./samuel/samuel_io.o
LOAD ./Startup/startup_XMC1300.o
LOAD ./Startup/system_XMC1300.o
LOAD ./Libraries/XMCLib/src/xmc1_eru.o
LOAD ./Libraries/XMCLib/src/xmc1_flash.o
LOAD ./Libraries/XMCLib/src/xmc1_gpio.o
LOAD ./Libraries/XMCLib/src/xmc1_rtc.o
LOAD ./Libraries/XMCLib/src/xmc1_scu.o
LOAD ./Libraries/XMCLib/src/xmc_acmp.o
LOAD ./Libraries/XMCLib/src/xmc_bccu.o
LOAD ./Libraries/XMCLib/src/xmc_can.o
LOAD ./Libraries/XMCLib/src/xmc_ccu4.o
LOAD ./Libraries/XMCLib/src/xmc_ccu8.o
LOAD ./Libraries/XMCLib/src/xmc_common.o
LOAD ./Libraries/XMCLib/src/xmc_eru.o
LOAD ./Libraries/XMCLib/src/xmc_gpio.o
LOAD ./Libraries/XMCLib/src/xmc_i2c.o
LOAD ./Libraries/XMCLib/src/xmc_i2s.o
LOAD ./Libraries/XMCLib/src/xmc_ledts.o
LOAD ./Libraries/XMCLib/src/xmc_math.o
LOAD ./Libraries/XMCLib/src/xmc_pau.o
LOAD ./Libraries/XMCLib/src/xmc_posif.o
LOAD ./Libraries/XMCLib/src/xmc_prng.o
LOAD ./Libraries/XMCLib/src/xmc_rtc.o
LOAD ./Libraries/XMCLib/src/xmc_spi.o
LOAD ./Libraries/XMCLib/src/xmc_uart.o
LOAD ./Libraries/XMCLib/src/xmc_usic.o
LOAD ./Libraries/XMCLib/src/xmc_vadc.o
LOAD ./Libraries/XMCLib/src/xmc_wdt.o
LOAD ./Libraries/Newlib/syscalls.o
LOAD ./Dave/Generated/UART/uart.o
LOAD ./Dave/Generated/UART/uart_conf.o
LOAD ./Dave/Generated/SYSTIMER/systimer.o
LOAD ./Dave/Generated/SYSTIMER/systimer_conf.o
LOAD ./Dave/Generated/PDM_DIMMED_LED_LAMP/pdm_dimmed_led_lamp.o
LOAD ./Dave/Generated/PDM_DIMMED_LED_LAMP/pdm_dimmed_led_lamp_conf.o
LOAD ./Dave/Generated/PDM_BCCU/pdm_bccu.o
LOAD ./Dave/Generated/PDM_BCCU/pdm_bccu_conf.o
LOAD ./Dave/Generated/INTERRUPT/interrupt.o
LOAD ./Dave/Generated/INTERRUPT/interrupt_conf.o
LOAD ./Dave/Generated/GLOBAL_BCCU/global_bccu.o
LOAD ./Dave/Generated/GLOBAL_BCCU/global_bccu_conf.o
LOAD ./Dave/Generated/GLOBAL_ADC/global_adc.o
LOAD ./Dave/Generated/GLOBAL_ADC/global_adc_conf.o
LOAD ./Dave/Generated/E_EEPROM_XMC1/e_eeprom_xmc1.o
LOAD ./Dave/Generated/E_EEPROM_XMC1/e_eeprom_xmc1_conf.o
LOAD ./Dave/Generated/DIM_BCCU/dim_bccu.o
LOAD ./Dave/Generated/DIM_BCCU/dim_bccu_conf.o
LOAD ./Dave/Generated/DIGITAL_IO/digital_io.o
LOAD ./Dave/Generated/DIGITAL_IO/digital_io_conf.o
LOAD ./Dave/Generated/CPU_CTRL_XMC1/cpu_ctrl_xmc1.o
LOAD ./Dave/Generated/CPU_CTRL_XMC1/cpu_ctrl_xmc1_conf.o
LOAD ./Dave/Generated/CLOCK_XMC1/clock_xmc1.o
LOAD ./Dave/Generated/CLOCK_XMC1/clock_xmc1_conf.o
LOAD ./Dave/Generated/ADC_MEASUREMENT_ADV/adc_measurement_adv.o
LOAD ./Dave/Generated/ADC_MEASUREMENT_ADV/adc_measurement_adv_conf.o
LOAD ./Dave/Generated/DAVE.o
LOAD ./main.o
LOAD c:/davev4-64bit/dave-4.3.2/eclipse/arm-gcc-49/bin/../lib/gcc/arm-none-eabi/4.9.3/../../../../arm-none-eabi/lib/armv6-m\libm.a
START GROUP
LOAD c:/davev4-64bit/dave-4.3.2/eclipse/arm-gcc-49/bin/../lib/gcc/arm-none-eabi/4.9.3/armv6-m\libgcc.a
LOAD c:/davev4-64bit/dave-4.3.2/eclipse/arm-gcc-49/bin/../lib/gcc/arm-none-eabi/4.9.3/../../../../arm-none-eabi/lib/armv6-m\libg_nano.a
LOAD c:/davev4-64bit/dave-4.3.2/eclipse/arm-gcc-49/bin/../lib/gcc/arm-none-eabi/4.9.3/../../../../arm-none-eabi/lib/armv6-m\libc_nano.a
END GROUP
START GROUP
LOAD c:/davev4-64bit/dave-4.3.2/eclipse/arm-gcc-49/bin/../lib/gcc/arm-none-eabi/4.9.3/armv6-m\libgcc.a
LOAD c:/davev4-64bit/dave-4.3.2/eclipse/arm-gcc-49/bin/../lib/gcc/arm-none-eabi/4.9.3/../../../../arm-none-eabi/lib/armv6-m\libc_nano.a
LOAD c:/davev4-64bit/dave-4.3.2/eclipse/arm-gcc-49/bin/../lib/gcc/arm-none-eabi/4.9.3/../../../../arm-none-eabi/lib/armv6-m\libnosys.a
END GROUP
START GROUP
LOAD c:/davev4-64bit/dave-4.3.2/eclipse/arm-gcc-49/bin/../lib/gcc/arm-none-eabi/4.9.3/armv6-m\libgcc.a
LOAD c:/davev4-64bit/dave-4.3.2/eclipse/arm-gcc-49/bin/../lib/gcc/arm-none-eabi/4.9.3/../../../../arm-none-eabi/lib/armv6-m\libc_nano.a
LOAD c:/davev4-64bit/dave-4.3.2/eclipse/arm-gcc-49/bin/../lib/gcc/arm-none-eabi/4.9.3/../../../../arm-none-eabi/lib/armv6-m\libnosys.a
END GROUP
                0x00000400                stack_size = DEFINED (stack_size)?stack_size:0x400
                0x00000004                no_init_size = 0x4

.text           0x10001000     0x88e4
                0x10001000                sText = .
 *(.reset)
 .reset         0x10001000       0x9c ./Startup/startup_XMC1300.o
                0x10001000                __Vectors
                0x10001018                Reset_Handler
                0x10001098                POSIF0_0_IRQHandler
                0x10001098                HardFault_Handler
                0x10001098                VADC0_G1_1_IRQHandler
                0x10001098                PendSV_Handler
                0x10001098                CCU40_2_IRQHandler
                0x10001098                USIC0_5_IRQHandler
                0x10001098                CCU80_1_IRQHandler
                0x10001098                USIC0_0_IRQHandler
                0x10001098                ERU0_2_IRQHandler
                0x10001098                BCCU0_0_IRQHandler
                0x10001098                ERU0_3_IRQHandler
                0x10001098                ERU0_0_IRQHandler
                0x10001098                VADC0_G0_1_IRQHandler
                0x10001098                CCU40_0_IRQHandler
                0x10001098                POSIF0_1_IRQHandler
                0x10001098                VADC0_G0_0_IRQHandler
                0x10001098                MATH0_0_IRQHandler
                0x10001098                VADC0_C0_1_IRQHandler
                0x10001098                SVC_Handler
                0x10001098                VADC0_G1_0_IRQHandler
                0x10001098                CCU80_0_IRQHandler
                0x10001098                CCU40_1_IRQHandler
                0x10001098                SCU_2_IRQHandler
                0x10001098                CCU40_3_IRQHandler
                0x10001098                SCU_1_IRQHandler
                0x10001098                ERU0_1_IRQHandler
                0x10001098                Default_handler
 *(.text .text.* .gnu.linkonce.t.*)
 .text.XMC_GPIO_SetOutputHigh
                0x1000109c       0x20 ./samuel/samuel_io.o
 .text.XMC_GPIO_SetOutputLow
                0x100010bc       0x24 ./samuel/samuel_io.o
 .text.DIGITAL_IO_SetOutputHigh
                0x100010e0       0x20 ./samuel/samuel_io.o
 .text.DIGITAL_IO_SetOutputLow
                0x10001100       0x20 ./samuel/samuel_io.o
 .text.LED_Toggle_EverySec
                0x10001120       0x14 ./samuel/samuel_io.o
                0x10001120                LED_Toggle_EverySec
 .text.lightprog01
                0x10001134      0x1d8 ./samuel/samuel_io.o
                0x10001134                lightprog01
 .text.SCU_0_IRQHandler
                0x1000130c        0x8 ./samuel/samuel_io.o
                0x1000130c                SCU_0_IRQHandler
 .text.new_data_fill
                0x10001314       0x58 ./samuel/samuel_io.o
                0x10001314                new_data_fill
 .text.new_data_BroadcastBack
                0x1000136c       0x80 ./samuel/samuel_io.o
                0x1000136c                new_data_BroadcastBack
 .text.new_data_analog1Back
                0x100013ec       0x80 ./samuel/samuel_io.o
                0x100013ec                new_data_analog1Back
 .text.new_data_analog2Back
                0x1000146c       0x80 ./samuel/samuel_io.o
                0x1000146c                new_data_analog2Back
 .text.new_data_aktLichtBack
                0x100014ec       0x80 ./samuel/samuel_io.o
                0x100014ec                new_data_aktLichtBack
 .text.new_data_offLichtBack
                0x1000156c       0x98 ./samuel/samuel_io.o
                0x1000156c                new_data_offLichtBack
 .text.new_data_Bright_Color_Back
                0x10001604       0x80 ./samuel/samuel_io.o
                0x10001604                new_data_Bright_Color_Back
 .text.new_data_Quot_Walk_Back
                0x10001684       0x80 ./samuel/samuel_io.o
                0x10001684                new_data_Quot_Walk_Back
 .text.new_data_HalloBack
                0x10001704       0x60 ./samuel/samuel_io.o
                0x10001704                new_data_HalloBack
 .text.new_data_neuNodeIdBack
                0x10001764       0x8c ./samuel/samuel_io.o
                0x10001764                new_data_neuNodeIdBack
 .text.new_data_neuSerNrBack
                0x100017f0       0xb8 ./samuel/samuel_io.o
                0x100017f0                new_data_neuSerNrBack
 .text.new_data_NodeIdBack
                0x100018a8       0x94 ./samuel/samuel_io.o
                0x100018a8                new_data_NodeIdBack
 .text.new_data_SerNrBack
                0x1000193c       0x80 ./samuel/samuel_io.o
                0x1000193c                new_data_SerNrBack
 .text.new_data_readbuff2Back
                0x100019bc       0xd4 ./samuel/samuel_io.o
                0x100019bc                new_data_readbuff2Back
 .text.clearEpromBuffer
                0x10001a90       0x90 ./samuel/samuel_io.o
                0x10001a90                clearEpromBuffer
 .text.readSerNrEEprom
                0x10001b20       0x50 ./samuel/samuel_io.o
                0x10001b20                readSerNrEEprom
 .text.readNodeIdEEprom
                0x10001b70       0x50 ./samuel/samuel_io.o
                0x10001b70                readNodeIdEEprom
 .text.read_akt_light_EEprom
                0x10001bc0       0x50 ./samuel/samuel_io.o
                0x10001bc0                read_akt_light_EEprom
 .text.read_off_light_EEprom
                0x10001c10       0x50 ./samuel/samuel_io.o
                0x10001c10                read_off_light_EEprom
 .text.writeSernr_B1_EEprom
                0x10001c60       0x6c ./samuel/samuel_io.o
                0x10001c60                writeSernr_B1_EEprom
 .text.writeNodeid_B2_EEprom
                0x10001ccc       0x6c ./samuel/samuel_io.o
                0x10001ccc                writeNodeid_B2_EEprom
 .text.writeLamp_data_B3_EEprom
                0x10001d38       0x6c ./samuel/samuel_io.o
                0x10001d38                writeLamp_data_B3_EEprom
 .text.writeakt_light_data_B4_EEprom
                0x10001da4       0x6c ./samuel/samuel_io.o
                0x10001da4                writeakt_light_data_B4_EEprom
 .text.writeOff_light_B5_EEprom
                0x10001e10       0x6c ./samuel/samuel_io.o
                0x10001e10                writeOff_light_B5_EEprom
 .text.sysiniValueB1
                0x10001e7c       0x80 ./samuel/samuel_io.o
                0x10001e7c                sysiniValueB1
 .text.sysiniValueB2
                0x10001efc       0x7c ./samuel/samuel_io.o
                0x10001efc                sysiniValueB2
 .text.sysiniValueB4
                0x10001f78       0xe8 ./samuel/samuel_io.o
                0x10001f78                sysiniValueB4
 .text.sysiniValueB5
                0x10002060       0x70 ./samuel/samuel_io.o
                0x10002060                sysiniValueB5
 .text.bcuInit  0x100020d0       0x98 ./samuel/samuel_io.o
                0x100020d0                bcuInit
 .text.bcuUebergabe
                0x10002168       0xb8 ./samuel/samuel_io.o
                0x10002168                bcuUebergabe
 .text.bcuAktBerechnung
                0x10002220       0xd4 ./samuel/samuel_io.o
                0x10002220                bcuAktBerechnung
 .text.bcuColorBerechnung
                0x100022f4       0x94 ./samuel/samuel_io.o
                0x100022f4                bcuColorBerechnung
 .text.Offlight_zahler_write
                0x10002388      0x110 ./samuel/samuel_io.o
                0x10002388                Offlight_zahler_write
 .text.plus39V_stop
                0x10002498        0x8 ./samuel/samuel_io.o
                0x10002498                plus39V_stop
 .text.plus39V_start
                0x100024a0        0x8 ./samuel/samuel_io.o
                0x100024a0                plus39V_start
 .text.Time1msec
                0x100024a8       0x14 ./samuel/samuel_io.o
                0x100024a8                Time1msec
 .text.Time20msec
                0x100024bc      0x110 ./samuel/samuel_io.o
                0x100024bc                Time20msec
 .text.firstuartBack
                0x100025cc       0x7c ./samuel/samuel_io.o
                0x100025cc                firstuartBack
 .text.SystemInit
                0x10002648       0x10 ./Startup/system_XMC1300.o
                0x10002648                SystemInit
 .text.SystemCoreClockUpdate
                0x10002658       0x68 ./Startup/system_XMC1300.o
                0x10002658                SystemCoreClockUpdate
 .text.XMC_FLASH_IsBusy
                0x100026c0       0x1c ./Libraries/XMCLib/src/xmc1_flash.o
 .text.XMC_FLASH_ClearStatus
                0x100026dc       0x20 ./Libraries/XMCLib/src/xmc1_flash.o
                0x100026dc                XMC_FLASH_ClearStatus
 .text.XMC_FLASH_GetStatus
                0x100026fc       0x14 ./Libraries/XMCLib/src/xmc1_flash.o
                0x100026fc                XMC_FLASH_GetStatus
 .text.XMC_FLASH_ProgramVerifyPage
                0x10002710       0x20 ./Libraries/XMCLib/src/xmc1_flash.o
                0x10002710                XMC_FLASH_ProgramVerifyPage
 .text.XMC_FLASH_WriteBlocks
                0x10002730       0xbc ./Libraries/XMCLib/src/xmc1_flash.o
                0x10002730                XMC_FLASH_WriteBlocks
 .text.XMC_FLASH_ErasePages
                0x100027ec       0x44 ./Libraries/XMCLib/src/xmc1_flash.o
                0x100027ec                XMC_FLASH_ErasePages
 .text.XMC_FLASH_ReadBlocks
                0x10002830       0x4c ./Libraries/XMCLib/src/xmc1_flash.o
                0x10002830                XMC_FLASH_ReadBlocks
 .text.XMC_FLASH_ProgramPage
                0x1000287c       0x1c ./Libraries/XMCLib/src/xmc1_flash.o
                0x1000287c                XMC_FLASH_ProgramPage
 .text.XMC_GPIO_Init
                0x10002898      0x170 ./Libraries/XMCLib/src/xmc1_gpio.o
                0x10002898                XMC_GPIO_Init
 .text.XMC_SCU_LockProtectedBits
                0x10002a08       0x14 ./Libraries/XMCLib/src/xmc1_scu.o
                0x10002a08                XMC_SCU_LockProtectedBits
 .text.XMC_SCU_UnlockProtectedBits
                0x10002a1c       0x20 ./Libraries/XMCLib/src/xmc1_scu.o
                0x10002a1c                XMC_SCU_UnlockProtectedBits
 .text.XMC_SCU_CLOCK_Init
                0x10002a3c       0x48 ./Libraries/XMCLib/src/xmc1_scu.o
                0x10002a3c                XMC_SCU_CLOCK_Init
 .text.XMC_SCU_CLOCK_UngatePeripheralClock
                0x10002a84       0x3c ./Libraries/XMCLib/src/xmc1_scu.o
                0x10002a84                XMC_SCU_CLOCK_UngatePeripheralClock
 .text.XMC_SCU_CLOCK_IsPeripheralClockGated
                0x10002ac0       0x28 ./Libraries/XMCLib/src/xmc1_scu.o
                0x10002ac0                XMC_SCU_CLOCK_IsPeripheralClockGated
 .text.XMC_SCU_CLOCK_ScaleMCLKFrequency
                0x10002ae8       0xa4 ./Libraries/XMCLib/src/xmc1_scu.o
                0x10002ae8                XMC_SCU_CLOCK_ScaleMCLKFrequency
 .text.XMC_SCU_CLOCK_lFrequencyUpScaling
                0x10002b8c       0x54 ./Libraries/XMCLib/src/xmc1_scu.o
 .text.XMC_SCU_CLOCK_lFrequencyDownScaling
                0x10002be0       0x5c ./Libraries/XMCLib/src/xmc1_scu.o
 .text.XMC_SCU_CLOCK_GetPeripheralClockFrequency
                0x10002c3c       0x14 ./Libraries/XMCLib/src/xmc1_scu.o
                0x10002c3c                XMC_SCU_CLOCK_GetPeripheralClockFrequency
 .text.XMC_BCCU_GlobalInit
                0x10002c50       0x30 ./Libraries/XMCLib/src/xmc_bccu.o
                0x10002c50                XMC_BCCU_GlobalInit
 .text.XMC_BCCU_SelectTrapInput
                0x10002c80       0x34 ./Libraries/XMCLib/src/xmc_bccu.o
                0x10002c80                XMC_BCCU_SelectTrapInput
 .text.XMC_BCCU_SetTrapEdge
                0x10002cb4       0x34 ./Libraries/XMCLib/src/xmc_bccu.o
                0x10002cb4                XMC_BCCU_SetTrapEdge
 .text.XMC_BCCU_SetDimClockPrescaler
                0x10002ce8       0x30 ./Libraries/XMCLib/src/xmc_bccu.o
                0x10002ce8                XMC_BCCU_SetDimClockPrescaler
 .text.XMC_BCCU_ConcurrentStartLinearWalk
                0x10002d18       0x1c ./Libraries/XMCLib/src/xmc_bccu.o
                0x10002d18                XMC_BCCU_ConcurrentStartLinearWalk
 .text.XMC_BCCU_EnableChannel
                0x10002d34       0x24 ./Libraries/XMCLib/src/xmc_bccu.o
                0x10002d34                XMC_BCCU_EnableChannel
 .text.XMC_BCCU_SetOutputPassiveLevel
                0x10002d58       0x28 ./Libraries/XMCLib/src/xmc_bccu.o
                0x10002d58                XMC_BCCU_SetOutputPassiveLevel
 .text.XMC_BCCU_EnableTrap
                0x10002d80       0x24 ./Libraries/XMCLib/src/xmc_bccu.o
                0x10002d80                XMC_BCCU_EnableTrap
 .text.XMC_BCCU_EnableChannelTrigger
                0x10002da4       0x50 ./Libraries/XMCLib/src/xmc_bccu.o
                0x10002da4                XMC_BCCU_EnableChannelTrigger
 .text.XMC_BCCU_CH_Init
                0x10002df4       0x28 ./Libraries/XMCLib/src/xmc_bccu.o
                0x10002df4                XMC_BCCU_CH_Init
 .text.XMC_BCCU_CH_ConfigTrigger
                0x10002e1c       0x48 ./Libraries/XMCLib/src/xmc_bccu.o
                0x10002e1c                XMC_BCCU_CH_ConfigTrigger
 .text.XMC_BCCU_CH_SetLinearWalkPrescaler
                0x10002e64       0x30 ./Libraries/XMCLib/src/xmc_bccu.o
                0x10002e64                XMC_BCCU_CH_SetLinearWalkPrescaler
 .text.XMC_BCCU_CH_SetTargetIntensity
                0x10002e94       0x18 ./Libraries/XMCLib/src/xmc_bccu.o
                0x10002e94                XMC_BCCU_CH_SetTargetIntensity
 .text.XMC_BCCU_DIM_Init
                0x10002eac       0x18 ./Libraries/XMCLib/src/xmc_bccu.o
                0x10002eac                XMC_BCCU_DIM_Init
 .text.XMC_BCCU_DIM_SetTargetDimmingLevel
                0x10002ec4       0x18 ./Libraries/XMCLib/src/xmc_bccu.o
                0x10002ec4                XMC_BCCU_DIM_SetTargetDimmingLevel
 .text.XMC_BCCU_DIM_SetDimDivider
                0x10002edc       0x28 ./Libraries/XMCLib/src/xmc_bccu.o
                0x10002edc                XMC_BCCU_DIM_SetDimDivider
 .text.XMC_GPIO_SetHardwareControl
                0x10002f04       0x4c ./Libraries/XMCLib/src/xmc_gpio.o
                0x10002f04                XMC_GPIO_SetHardwareControl
 .text.__aeabi_uidiv
                0x10002f50       0x2c ./Libraries/XMCLib/src/xmc_math.o
                0x10002f50                __aeabi_uidiv
 .text.XMC_USIC_CH_GetTransmitBufferStatus
                0x10002f7c       0x1c ./Libraries/XMCLib/src/xmc_uart.o
 .text.XMC_UART_CH_ClearStatusFlag
                0x10002f98       0x18 ./Libraries/XMCLib/src/xmc_uart.o
 .text.XMC_UART_CH_Init
                0x10002fb0       0xb0 ./Libraries/XMCLib/src/xmc_uart.o
                0x10002fb0                XMC_UART_CH_Init
 .text.XMC_UART_CH_Transmit
                0x10003060       0x5c ./Libraries/XMCLib/src/xmc_uart.o
                0x10003060                XMC_UART_CH_Transmit
 .text.XMC_UART_CH_GetReceivedData
                0x100030bc       0x40 ./Libraries/XMCLib/src/xmc_uart.o
                0x100030bc                XMC_UART_CH_GetReceivedData
 .text.XMC_USIC_CH_Enable
                0x100030fc       0x50 ./Libraries/XMCLib/src/xmc_usic.o
                0x100030fc                XMC_USIC_CH_Enable
 .text.XMC_USIC_CH_SetBaudrate
                0x1000314c       0xec ./Libraries/XMCLib/src/xmc_usic.o
                0x1000314c                XMC_USIC_CH_SetBaudrate
 .text.XMC_USIC_CH_TXFIFO_Configure
                0x10003238       0x5c ./Libraries/XMCLib/src/xmc_usic.o
                0x10003238                XMC_USIC_CH_TXFIFO_Configure
 .text.XMC_USIC_CH_RXFIFO_Configure
                0x10003294       0x64 ./Libraries/XMCLib/src/xmc_usic.o
                0x10003294                XMC_USIC_CH_RXFIFO_Configure
 .text.XMC_USIC_CH_RXFIFO_SetSizeTriggerLimit
                0x100032f8       0x5c ./Libraries/XMCLib/src/xmc_usic.o
                0x100032f8                XMC_USIC_CH_RXFIFO_SetSizeTriggerLimit
 .text.XMC_USIC_CH_SetInterruptNodePointer
                0x10003354       0x40 ./Libraries/XMCLib/src/xmc_usic.o
                0x10003354                XMC_USIC_CH_SetInterruptNodePointer
 .text.XMC_USIC_CH_TXFIFO_SetInterruptNodePointer
                0x10003394       0x48 ./Libraries/XMCLib/src/xmc_usic.o
                0x10003394                XMC_USIC_CH_TXFIFO_SetInterruptNodePointer
 .text.XMC_USIC_CH_RXFIFO_SetInterruptNodePointer
                0x100033dc       0x48 ./Libraries/XMCLib/src/xmc_usic.o
                0x100033dc                XMC_USIC_CH_RXFIFO_SetInterruptNodePointer
 .text.XMC_USIC_Enable
                0x10003424       0x20 ./Libraries/XMCLib/src/xmc_usic.o
                0x10003424                XMC_USIC_Enable
 .text.XMC_VADC_GROUP_ExternalMuxControlInit
                0x10003444       0x90 ./Libraries/XMCLib/src/xmc_vadc.o
 .text.XMC_VADC_GROUP_QueueEnableArbitrationSlot
                0x100034d4       0x20 ./Libraries/XMCLib/src/xmc_vadc.o
 .text.XMC_VADC_GROUP_QueueDisableArbitrationSlot
                0x100034f4       0x24 ./Libraries/XMCLib/src/xmc_vadc.o
 .text.XMC_VADC_GLOBAL_EnableModule
                0x10003518       0x18 ./Libraries/XMCLib/src/xmc_vadc.o
                0x10003518                XMC_VADC_GLOBAL_EnableModule
 .text.XMC_VADC_GLOBAL_Init
                0x10003530       0x58 ./Libraries/XMCLib/src/xmc_vadc.o
                0x10003530                XMC_VADC_GLOBAL_Init
 .text.XMC_VADC_GLOBAL_StartupCalibration
                0x10003588       0x74 ./Libraries/XMCLib/src/xmc_vadc.o
                0x10003588                XMC_VADC_GLOBAL_StartupCalibration
 .text.XMC_VADC_GROUP_Init
                0x100035fc       0x7c ./Libraries/XMCLib/src/xmc_vadc.o
                0x100035fc                XMC_VADC_GROUP_Init
 .text.XMC_VADC_GROUP_InputClassInit
                0x10003678       0xd4 ./Libraries/XMCLib/src/xmc_vadc.o
                0x10003678                XMC_VADC_GROUP_InputClassInit
 .text.XMC_VADC_GROUP_SetPowerMode
                0x1000374c       0x38 ./Libraries/XMCLib/src/xmc_vadc.o
                0x1000374c                XMC_VADC_GROUP_SetPowerMode
 .text.XMC_VADC_GROUP_SetSyncSlave
                0x10003784       0x40 ./Libraries/XMCLib/src/xmc_vadc.o
                0x10003784                XMC_VADC_GROUP_SetSyncSlave
 .text.XMC_VADC_GROUP_SetSyncMaster
                0x100037c4       0x28 ./Libraries/XMCLib/src/xmc_vadc.o
                0x100037c4                XMC_VADC_GROUP_SetSyncMaster
 .text.XMC_VADC_GROUP_CheckSlaveReadiness
                0x100037ec       0x20 ./Libraries/XMCLib/src/xmc_vadc.o
                0x100037ec                XMC_VADC_GROUP_CheckSlaveReadiness
 .text.XMC_VADC_GLOBAL_SHS_EnableAcceleratedMode
                0x1000380c       0x48 ./Libraries/XMCLib/src/xmc_vadc.o
                0x1000380c                XMC_VADC_GLOBAL_SHS_EnableAcceleratedMode
 .text.XMC_VADC_GROUP_QueueInit
                0x10003854       0xb0 ./Libraries/XMCLib/src/xmc_vadc.o
                0x10003854                XMC_VADC_GROUP_QueueInit
 .text.XMC_VADC_GROUP_QueueSetReqSrcEventInterruptNode
                0x10003904       0x3c ./Libraries/XMCLib/src/xmc_vadc.o
                0x10003904                XMC_VADC_GROUP_QueueSetReqSrcEventInterruptNode
 .text.XMC_VADC_GROUP_ChannelInit
                0x10003940       0xdc ./Libraries/XMCLib/src/xmc_vadc.o
                0x10003940                XMC_VADC_GROUP_ChannelInit
 .text.XMC_VADC_GROUP_SetResultInterruptNode
                0x10003a1c       0x98 ./Libraries/XMCLib/src/xmc_vadc.o
                0x10003a1c                XMC_VADC_GROUP_SetResultInterruptNode
 .text._init    0x10003ab4        0x8 ./Libraries/Newlib/syscalls.o
                0x10003ab4                _init
 .text.XMC_USIC_CH_EnableEvent
                0x10003abc       0x1c ./Dave/Generated/UART/uart.o
 .text.XMC_USIC_CH_DisableEvent
                0x10003ad8       0x20 ./Dave/Generated/UART/uart.o
 .text.XMC_USIC_CH_GetTransmitBufferStatus
                0x10003af8       0x1c ./Dave/Generated/UART/uart.o
 .text.XMC_USIC_CH_TriggerServiceRequest
                0x10003b14       0x1c ./Dave/Generated/UART/uart.o
 .text.XMC_USIC_CH_TXFIFO_EnableEvent
                0x10003b30       0x28 ./Dave/Generated/UART/uart.o
 .text.XMC_USIC_CH_TXFIFO_DisableEvent
                0x10003b58       0x28 ./Dave/Generated/UART/uart.o
 .text.XMC_USIC_CH_TXFIFO_Flush
                0x10003b80       0x1c ./Dave/Generated/UART/uart.o
 .text.XMC_USIC_CH_TXFIFO_IsFull
                0x10003b9c       0x24 ./Dave/Generated/UART/uart.o
 .text.XMC_USIC_CH_TXFIFO_IsEmpty
                0x10003bc0       0x24 ./Dave/Generated/UART/uart.o
 .text.XMC_USIC_CH_RXFIFO_EnableEvent
                0x10003be4       0x28 ./Dave/Generated/UART/uart.o
 .text.XMC_USIC_CH_RXFIFO_DisableEvent
                0x10003c0c       0x28 ./Dave/Generated/UART/uart.o
 .text.XMC_USIC_CH_RXFIFO_Flush
                0x10003c34       0x1c ./Dave/Generated/UART/uart.o
 .text.XMC_USIC_CH_RXFIFO_IsEmpty
                0x10003c50       0x24 ./Dave/Generated/UART/uart.o
 .text.UART_Init
                0x10003c74       0x30 ./Dave/Generated/UART/uart.o
                0x10003c74                UART_Init
 .text.UART_Transmit
                0x10003ca4       0x4c ./Dave/Generated/UART/uart.o
                0x10003ca4                UART_Transmit
 .text.UART_Receive
                0x10003cf0       0x4c ./Dave/Generated/UART/uart.o
                0x10003cf0                UART_Receive
 .text.UART_StartTransmitIRQ
                0x10003d3c       0xd0 ./Dave/Generated/UART/uart.o
                0x10003d3c                UART_StartTransmitIRQ
 .text.UART_StartReceiveIRQ
                0x10003e0c       0xc8 ./Dave/Generated/UART/uart.o
                0x10003e0c                UART_StartReceiveIRQ
 .text.UART_lTransmitHandler
                0x10003ed4      0x110 ./Dave/Generated/UART/uart.o
                0x10003ed4                UART_lTransmitHandler
 .text.UART_lReceiveHandler
                0x10003fe4      0x128 ./Dave/Generated/UART/uart.o
                0x10003fe4                UART_lReceiveHandler
 .text.UART_lReconfigureRxFIFO
                0x1000410c       0x54 ./Dave/Generated/UART/uart.o
 .text.NVIC_EnableIRQ
                0x10004160       0x2c ./Dave/Generated/UART/uart_conf.o
 .text.NVIC_SetPriority
                0x1000418c       0xd4 ./Dave/Generated/UART/uart_conf.o
 .text.XMC_USIC_CH_SetInputSource
                0x10004260       0x48 ./Dave/Generated/UART/uart_conf.o
 .text.XMC_UART_CH_Start
                0x100042a8       0x20 ./Dave/Generated/UART/uart_conf.o
 .text.UART_0_init
                0x100042c8      0x100 ./Dave/Generated/UART/uart_conf.o
                0x100042c8                UART_0_init
 .text.USIC0_3_IRQHandler
                0x100043c8       0x14 ./Dave/Generated/UART/uart_conf.o
                0x100043c8                USIC0_3_IRQHandler
 .text.USIC0_1_IRQHandler
                0x100043dc       0x14 ./Dave/Generated/UART/uart_conf.o
                0x100043dc                USIC0_1_IRQHandler
 .text.UART_1_init
                0x100043f0       0xe8 ./Dave/Generated/UART/uart_conf.o
                0x100043f0                UART_1_init
 .text.USIC0_4_IRQHandler
                0x100044d8       0x14 ./Dave/Generated/UART/uart_conf.o
                0x100044d8                USIC0_4_IRQHandler
 .text.USIC0_2_IRQHandler
                0x100044ec       0x14 ./Dave/Generated/UART/uart_conf.o
                0x100044ec                USIC0_2_IRQHandler
 .text.NVIC_SetPriority
                0x10004500       0xd4 ./Dave/Generated/SYSTIMER/systimer.o
 .text.SysTick_Config
                0x100045d4       0x48 ./Dave/Generated/SYSTIMER/systimer.o
 .text.SYSTIMER_lInsertTimerList
                0x1000461c      0x1c8 ./Dave/Generated/SYSTIMER/systimer.o
 .text.SYSTIMER_lRemoveTimerList
                0x100047e4       0xbc ./Dave/Generated/SYSTIMER/systimer.o
 .text.SYSTIMER_lTimerHandler
                0x100048a0       0xbc ./Dave/Generated/SYSTIMER/systimer.o
 .text.SysTick_Handler
                0x1000495c       0x48 ./Dave/Generated/SYSTIMER/systimer.o
                0x1000495c                SysTick_Handler
 .text.SYSTIMER_Init
                0x100049a4       0x78 ./Dave/Generated/SYSTIMER/systimer.o
                0x100049a4                SYSTIMER_Init
 .text.SYSTIMER_CreateTimer
                0x10004a1c      0x140 ./Dave/Generated/SYSTIMER/systimer.o
                0x10004a1c                SYSTIMER_CreateTimer
 .text.SYSTIMER_StartTimer
                0x10004b5c       0x8c ./Dave/Generated/SYSTIMER/systimer.o
                0x10004b5c                SYSTIMER_StartTimer
 .text.XMC_BCCU_StartDimming
                0x10004be8       0x1c ./Dave/Generated/PDM_DIMMED_LED_LAMP/pdm_dimmed_led_lamp.o
 .text.PDM_DIMMED_LED_LAMP_Init
                0x10004c04       0xac ./Dave/Generated/PDM_DIMMED_LED_LAMP/pdm_dimmed_led_lamp.o
                0x10004c04                PDM_DIMMED_LED_LAMP_Init
 .text.PDM_DIMMED_LED_LAMP_SetColor
                0x10004cb0       0x70 ./Dave/Generated/PDM_DIMMED_LED_LAMP/pdm_dimmed_led_lamp.o
                0x10004cb0                PDM_DIMMED_LED_LAMP_SetColor
 .text.PDM_DIMMED_LED_LAMP_SetDimLevelExponentialAdv
                0x10004d20       0x60 ./Dave/Generated/PDM_DIMMED_LED_LAMP/pdm_dimmed_led_lamp.o
                0x10004d20                PDM_DIMMED_LED_LAMP_SetDimLevelExponentialAdv
 .text.XMC_BCCU_StartLinearWalk
                0x10004d80       0x24 ./Dave/Generated/PDM_BCCU/pdm_bccu.o
 .text.PDM_BCCU_Init
                0x10004da4      0x12c ./Dave/Generated/PDM_BCCU/pdm_bccu.o
                0x10004da4                PDM_BCCU_Init
 .text.PDM_BCCU_SetIntensity
                0x10004ed0       0x20 ./Dave/Generated/PDM_BCCU/pdm_bccu.o
                0x10004ed0                PDM_BCCU_SetIntensity
 .text.PDM_BCCU_SetLinearWalk
                0x10004ef0       0x20 ./Dave/Generated/PDM_BCCU/pdm_bccu.o
                0x10004ef0                PDM_BCCU_SetLinearWalk
 .text.NVIC_EnableIRQ
                0x10004f10       0x2c ./Dave/Generated/INTERRUPT/interrupt.o
 .text.NVIC_SetPriority
                0x10004f3c       0xd4 ./Dave/Generated/INTERRUPT/interrupt.o
 .text.INTERRUPT_Enable
                0x10005010       0x1c ./Dave/Generated/INTERRUPT/interrupt.o
 .text.INTERRUPT_Init
                0x1000502c       0x34 ./Dave/Generated/INTERRUPT/interrupt.o
                0x1000502c                INTERRUPT_Init
 .text.XMC_BCCU_EnableInterrupt
                0x10005060       0x1c ./Dave/Generated/GLOBAL_BCCU/global_bccu.o
 .text.GLOBAL_BCCU_Init
                0x1000507c       0x84 ./Dave/Generated/GLOBAL_BCCU/global_bccu.o
                0x1000507c                GLOBAL_BCCU_Init
 .text.XMC_VADC_GLOBAL_DisablePostCalibration
                0x10005100       0x28 ./Dave/Generated/GLOBAL_ADC/global_adc.o
 .text.GLOBAL_ADC_Init
                0x10005128       0xc4 ./Dave/Generated/GLOBAL_ADC/global_adc.o
                0x10005128                GLOBAL_ADC_Init
 .text.XMC_FLASH_SetHardReadLevel
                0x100051ec       0x40 ./Dave/Generated/E_EEPROM_XMC1/e_eeprom_xmc1.o
 .text.E_EEPROM_XMC1_Init
                0x1000522c      0x128 ./Dave/Generated/E_EEPROM_XMC1/e_eeprom_xmc1.o
                0x1000522c                E_EEPROM_XMC1_Init
 .text.E_EEPROM_XMC1_Write
                0x10005354       0x54 ./Dave/Generated/E_EEPROM_XMC1/e_eeprom_xmc1.o
                0x10005354                E_EEPROM_XMC1_Write
 .text.E_EEPROM_XMC1_Read
                0x100053a8       0xe0 ./Dave/Generated/E_EEPROM_XMC1/e_eeprom_xmc1.o
                0x100053a8                E_EEPROM_XMC1_Read
 .text.E_EEPROM_XMC1_GetStatus
                0x10005488       0x4c ./Dave/Generated/E_EEPROM_XMC1/e_eeprom_xmc1.o
                0x10005488                E_EEPROM_XMC1_GetStatus
 .text.E_EEPROM_XMC1_lInitGc
                0x100054d4       0xa4 ./Dave/Generated/E_EEPROM_XMC1/e_eeprom_xmc1.o
 .text.E_EEPROM_XMC1_lInitllegalStateMachine
                0x10005578       0x38 ./Dave/Generated/E_EEPROM_XMC1/e_eeprom_xmc1.o
 .text.E_EEPROM_XMC1_lInitDirtyStateMachine
                0x100055b0       0xa8 ./Dave/Generated/E_EEPROM_XMC1/e_eeprom_xmc1.o
 .text.E_EEPROM_XMC1_lInitNormalStateMachine
                0x10005658       0x24 ./Dave/Generated/E_EEPROM_XMC1/e_eeprom_xmc1.o
 .text.E_EEPROM_XMC1_lInitBank0NormalStateMachine
                0x1000567c       0x98 ./Dave/Generated/E_EEPROM_XMC1/e_eeprom_xmc1.o
 .text.E_EEPROM_XMC1_lInitBank1NormalStateMachine
                0x10005714       0x98 ./Dave/Generated/E_EEPROM_XMC1/e_eeprom_xmc1.o
 .text.E_EEPROM_XMC1_lInitOtherNormalStateMachine
                0x100057ac       0x9c ./Dave/Generated/E_EEPROM_XMC1/e_eeprom_xmc1.o
 .text.E_EEPROM_XMC1_lInitGcNormalStates
                0x10005848       0x60 ./Dave/Generated/E_EEPROM_XMC1/e_eeprom_xmc1.o
 .text.E_EEPROM_XMC1_lInitGcDataCopyState
                0x100058a8       0x78 ./Dave/Generated/E_EEPROM_XMC1/e_eeprom_xmc1.o
 .text.E_EEPROM_XMC1_lErasedDirtyStateRecovery
                0x10005920       0x74 ./Dave/Generated/E_EEPROM_XMC1/e_eeprom_xmc1.o
 .text.E_EEPROM_XMC1_lCopyProcessDirtyStateRecovery
                0x10005994       0x80 ./Dave/Generated/E_EEPROM_XMC1/e_eeprom_xmc1.o
 .text.E_EEPROM_XMC1_lGarbageCollection
                0x10005a14       0xa0 ./Dave/Generated/E_EEPROM_XMC1/e_eeprom_xmc1.o
 .text.E_EEPROM_XMC1_lHandleGcRequested
                0x10005ab4       0x88 ./Dave/Generated/E_EEPROM_XMC1/e_eeprom_xmc1.o
 .text.E_EEPROM_XMC1_lHandleGcStartCopy
                0x10005b3c       0xd4 ./Dave/Generated/E_EEPROM_XMC1/e_eeprom_xmc1.o
 .text.E_EEPROM_XMC1_lHandleGcCopyWrite
                0x10005c10       0xec ./Dave/Generated/E_EEPROM_XMC1/e_eeprom_xmc1.o
 .text.E_EEPROM_XMC1_lHandleGcEndOfCopy
                0x10005cfc       0x58 ./Dave/Generated/E_EEPROM_XMC1/e_eeprom_xmc1.o
 .text.E_EEPROM_XMC1_lHandleGcOtherStates
                0x10005d54       0x7c ./Dave/Generated/E_EEPROM_XMC1/e_eeprom_xmc1.o
 .text.E_EEPROM_XMC1_lPrepareDFlash
                0x10005dd0      0x100 ./Dave/Generated/E_EEPROM_XMC1/e_eeprom_xmc1.o
 .text.E_EEPROM_XMC1_lUpdateCache
                0x10005ed0       0xf8 ./Dave/Generated/E_EEPROM_XMC1/e_eeprom_xmc1.o
 .text.E_EEPROM_XMC1_lCacheEmptyBlkEval
                0x10005fc8       0xbc ./Dave/Generated/E_EEPROM_XMC1/e_eeprom_xmc1.o
 .text.E_EEPROM_XMC1_lEvalBlockStatus
                0x10006084      0x138 ./Dave/Generated/E_EEPROM_XMC1/e_eeprom_xmc1.o
 .text.E_EEPROM_XMC1_lUpdateCacheBlockRead
                0x100061bc       0x48 ./Dave/Generated/E_EEPROM_XMC1/e_eeprom_xmc1.o
 .text.E_EEPROM_XMC1_lGetUsrBlockIndex
                0x10006204       0x60 ./Dave/Generated/E_EEPROM_XMC1/e_eeprom_xmc1.o
 .text.E_EEPROM_XMC1_lGetDFLASHPhysicalBlocks
                0x10006264       0x3c ./Dave/Generated/E_EEPROM_XMC1/e_eeprom_xmc1.o
 .text.E_EEPROM_XMC1_lGetFreeDFLASHBlocks
                0x100062a0       0x48 ./Dave/Generated/E_EEPROM_XMC1/e_eeprom_xmc1.o
 .text.E_EEPROM_XMC1_lUpdateCurrBankInfo
                0x100062e8       0x6c ./Dave/Generated/E_EEPROM_XMC1/e_eeprom_xmc1.o
 .text.E_EEPROM_XMC1_lReadMarkerBlocks
                0x10006354       0x8c ./Dave/Generated/E_EEPROM_XMC1/e_eeprom_xmc1.o
 .text.E_EEPROM_XMC1_lReadVerifyMarker
                0x100063e0       0xc0 ./Dave/Generated/E_EEPROM_XMC1/e_eeprom_xmc1.o
 .text.E_EEPROM_XMC1_lSetMarkerBlockBuffer
                0x100064a0       0x3c ./Dave/Generated/E_EEPROM_XMC1/e_eeprom_xmc1.o
 .text.E_EEPROM_XMC1_lSetMarkerPageBuffer
                0x100064dc       0x88 ./Dave/Generated/E_EEPROM_XMC1/e_eeprom_xmc1.o
 .text.E_EEPROM_XMC1_lEraseBank
                0x10006564       0x54 ./Dave/Generated/E_EEPROM_XMC1/e_eeprom_xmc1.o
 .text.E_EEPROM_XMC1_lGCWrite
                0x100065b8       0x38 ./Dave/Generated/E_EEPROM_XMC1/e_eeprom_xmc1.o
 .text.E_EEPROM_XMC1_lLocalWrite
                0x100065f0      0x104 ./Dave/Generated/E_EEPROM_XMC1/e_eeprom_xmc1.o
 .text.E_EEPROM_XMC1_lHandleWriteReq
                0x100066f4      0x160 ./Dave/Generated/E_EEPROM_XMC1/e_eeprom_xmc1.o
 .text.E_EEPROM_XMC1_lHandleInvalidReq
                0x10006854       0xac ./Dave/Generated/E_EEPROM_XMC1/e_eeprom_xmc1.o
 .text.E_EEPROM_XMC1_lPopulateFirstBlock
                0x10006900       0xc4 ./Dave/Generated/E_EEPROM_XMC1/e_eeprom_xmc1.o
 .text.E_EEPROM_XMC1_lPopulateNextBlock
                0x100069c4       0xb0 ./Dave/Generated/E_EEPROM_XMC1/e_eeprom_xmc1.o
 .text.E_EEPROM_XMC1_lWriteDataBlock
                0x10006a74       0x4c ./Dave/Generated/E_EEPROM_XMC1/e_eeprom_xmc1.o
 .text.E_EEPROM_XMC1_lReadBlockContents
                0x10006ac0       0xf8 ./Dave/Generated/E_EEPROM_XMC1/e_eeprom_xmc1.o
 .text.E_EEPROM_XMC1_lWriteSingleBlock
                0x10006bb8       0x20 ./Dave/Generated/E_EEPROM_XMC1/e_eeprom_xmc1.o
 .text.E_EEPROM_XMC1_lReadSingleBlock
                0x10006bd8       0x20 ./Dave/Generated/E_EEPROM_XMC1/e_eeprom_xmc1.o
 .text.E_EEPROM_XMC1_lWriteSinglePage
                0x10006bf8       0x1c ./Dave/Generated/E_EEPROM_XMC1/e_eeprom_xmc1.o
 .text.E_EEPROM_XMC1_lEraseSinglePage
                0x10006c14       0x18 ./Dave/Generated/E_EEPROM_XMC1/e_eeprom_xmc1.o
 .text.E_EEPROM_XMC1_lGetFlashStatus
                0x10006c2c       0x18 ./Dave/Generated/E_EEPROM_XMC1/e_eeprom_xmc1.o
 .text.XMC_BCCU_EnableDimmingEngine
                0x10006c44       0x24 ./Dave/Generated/DIM_BCCU/dim_bccu.o
 .text.XMC_BCCU_StartDimming
                0x10006c68       0x1c ./Dave/Generated/DIM_BCCU/dim_bccu.o
 .text.DIM_BCCU_Init
                0x10006c84       0x88 ./Dave/Generated/DIM_BCCU/dim_bccu.o
                0x10006c84                DIM_BCCU_Init
 .text.DIGITAL_IO_Init
                0x10006d0c       0x40 ./Dave/Generated/DIGITAL_IO/digital_io.o
                0x10006d0c                DIGITAL_IO_Init
 .text.SystemCoreSetup
                0x10006d4c        0x8 ./Dave/Generated/CPU_CTRL_XMC1/cpu_ctrl_xmc1_conf.o
                0x10006d4c                SystemCoreSetup
 .text.CLOCK_XMC1_Init
                0x10006d54       0x84 ./Dave/Generated/CLOCK_XMC1/clock_xmc1.o
                0x10006d54                CLOCK_XMC1_Init
 .text.SystemCoreClockSetup
                0x10006dd8       0x20 ./Dave/Generated/CLOCK_XMC1/clock_xmc1_conf.o
                0x10006dd8                SystemCoreClockSetup
 .text.NVIC_EnableIRQ
                0x10006df8       0x2c ./Dave/Generated/ADC_MEASUREMENT_ADV/adc_measurement_adv.o
 .text.NVIC_SetPriority
                0x10006e24       0xd4 ./Dave/Generated/ADC_MEASUREMENT_ADV/adc_measurement_adv.o
 .text.XMC_VADC_GROUP_QueueEnableArbitrationSlot
                0x10006ef8       0x20 ./Dave/Generated/ADC_MEASUREMENT_ADV/adc_measurement_adv.o
 .text.XMC_VADC_GROUP_QueueDisableArbitrationSlot
                0x10006f18       0x24 ./Dave/Generated/ADC_MEASUREMENT_ADV/adc_measurement_adv.o
 .text.XMC_VADC_GROUP_QueueIsArbitrationSlotEnabled
                0x10006f3c       0x24 ./Dave/Generated/ADC_MEASUREMENT_ADV/adc_measurement_adv.o
 .text.XMC_VADC_GROUP_QueueSetGatingMode
                0x10006f60       0x44 ./Dave/Generated/ADC_MEASUREMENT_ADV/adc_measurement_adv.o
 .text.XMC_VADC_GROUP_QueueTriggerConversion
                0x10006fa4       0x28 ./Dave/Generated/ADC_MEASUREMENT_ADV/adc_measurement_adv.o
 .text.XMC_VADC_GROUP_QueueInsertChannel
                0x10006fcc       0x1c ./Dave/Generated/ADC_MEASUREMENT_ADV/adc_measurement_adv.o
 .text.XMC_VADC_GROUP_ResultInit
                0x10006fe8       0x20 ./Dave/Generated/ADC_MEASUREMENT_ADV/adc_measurement_adv.o
 .text.ADC_MEASUREMENT_ADV_lQueueInit
                0x10007008       0xb4 ./Dave/Generated/ADC_MEASUREMENT_ADV/adc_measurement_adv.o
 .text.ADC_MEASUREMENT_ADV_lRequestSrcInit
                0x100070bc       0x30 ./Dave/Generated/ADC_MEASUREMENT_ADV/adc_measurement_adv.o
 .text.ADC_MEASUREMENT_ADV_lQueueInsertEntries
                0x100070ec       0x54 ./Dave/Generated/ADC_MEASUREMENT_ADV/adc_measurement_adv.o
 .text.ADC_MEASUREMENT_ADV_lArbitrationStatus
                0x10007140       0x6c ./Dave/Generated/ADC_MEASUREMENT_ADV/adc_measurement_adv.o
 .text.ADC_MEASUREMENT_ADV_lDisableArbitration
                0x100071ac       0x24 ./Dave/Generated/ADC_MEASUREMENT_ADV/adc_measurement_adv.o
 .text.ADC_MEASUREMENT_ADV_lInsertChannels
                0x100071d0       0x18 ./Dave/Generated/ADC_MEASUREMENT_ADV/adc_measurement_adv.o
                0x100071d0                ADC_MEASUREMENT_ADV_lInsertChannels
 .text.ADC_MEASUREMENT_ADV_lSyncADCClocks
                0x100071e8       0x7c ./Dave/Generated/ADC_MEASUREMENT_ADV/adc_measurement_adv.o
                0x100071e8                ADC_MEASUREMENT_ADV_lSyncADCClocks
 .text.ADC_MEASUREMENT_ADV_StartADC
                0x10007264       0x24 ./Dave/Generated/ADC_MEASUREMENT_ADV/adc_measurement_adv.o
                0x10007264                ADC_MEASUREMENT_ADV_StartADC
 .text.ADC_MEASUREMENT_ADV_SoftwareTrigger
                0x10007288       0x24 ./Dave/Generated/ADC_MEASUREMENT_ADV/adc_measurement_adv.o
                0x10007288                ADC_MEASUREMENT_ADV_SoftwareTrigger
 .text.ADC_MEASUREMENT_ADC_lNvicEnable
                0x100072ac       0x30 ./Dave/Generated/ADC_MEASUREMENT_ADV/adc_measurement_adv.o
                0x100072ac                ADC_MEASUREMENT_ADC_lNvicEnable
 .text.ADC_MEASUREMENT_ADV_Init
                0x100072dc      0x11c ./Dave/Generated/ADC_MEASUREMENT_ADV/adc_measurement_adv.o
                0x100072dc                ADC_MEASUREMENT_ADV_Init
 .text.ADC_MEASUREMENT_ADV_0_event_config
                0x100073f8       0x18 ./Dave/Generated/ADC_MEASUREMENT_ADV/adc_measurement_adv_conf.o
 .text.DAVE_Init
                0x10007410      0x17c ./Dave/Generated/DAVE.o
                0x10007410                DAVE_Init
 .text.XMC_GPIO_SetOutputHigh
                0x1000758c       0x20 ./main.o
 .text.XMC_GPIO_SetOutputLow
                0x100075ac       0x24 ./main.o
 .text.DIGITAL_IO_SetOutputHigh
                0x100075d0       0x20 ./main.o
 .text.DIGITAL_IO_SetOutputLow
                0x100075f0       0x20 ./main.o
 .text.XMC_VADC_GROUP_GetResult
                0x10007610       0x20 ./main.o
 .text.ADC_MEASUREMENT_ADV_GetResult
                0x10007630       0x44 ./main.o
 .text.main     0x10007674     0x1dd0 ./main.o
                0x10007674                main
 .text.endofTransmitU1
                0x10009444        0x8 ./main.o
                0x10009444                endofTransmitU1
 .text.endofReceiveU1
                0x1000944c        0x8 ./main.o
                0x1000944c                endofReceiveU1
 .text.endofTransmitU0
                0x10009454        0x8 ./main.o
                0x10009454                endofTransmitU0
 .text.endofReceiveU0
                0x1000945c        0x8 ./main.o
                0x1000945c                endofReceiveU0
 .text.VADC0_C0_0_IRQHandler
                0x10009464      0x110 ./main.o
                0x10009464                VADC0_C0_0_IRQHandler
 .text.__libc_init_array
                0x10009574       0x4c c:/davev4-64bit/dave-4.3.2/eclipse/arm-gcc-49/bin/../lib/gcc/arm-none-eabi/4.9.3/../../../../arm-none-eabi/lib/armv6-m\libg_nano.a(lib_a-init.o)
                0x10009574                __libc_init_array
 *(.init)
 *(.fini)
 *crtbegin.o(.ctors)
 *crtbegin?.o(.ctors)
 *(EXCLUDE_FILE(*crtend.o *crtend?.o) .ctors)
 *(SORT(.ctors.*))
 *(.ctors)
 *crtbegin.o(.dtors)
 *crtbegin?.o(.dtors)
 *(EXCLUDE_FILE(*crtend.o *crtend?.o) .dtors)
 *(SORT(.dtors.*))
 *(.dtors)
 *(.rodata .rodata.*)
 .rodata.bcuInit
                0x100095c0       0x18 ./samuel/samuel_io.o
 .rodata.g_xmc_vadc_group_array
                0x100095d8        0x8 ./Libraries/XMCLib/src/xmc_vadc.o
 .rodata.UART_0_channel_config
                0x100095e0        0xc ./Dave/Generated/UART/uart_conf.o
                0x100095e0                UART_0_channel_config
 .rodata.UART_0_tx_pin_config
                0x100095ec        0x8 ./Dave/Generated/UART/uart_conf.o
                0x100095ec                UART_0_tx_pin_config
 .rodata.UART_0_tx_pin
                0x100095f4        0xc ./Dave/Generated/UART/uart_conf.o
                0x100095f4                UART_0_tx_pin
 .rodata.UART_0_config
                0x10009600       0x30 ./Dave/Generated/UART/uart_conf.o
                0x10009600                UART_0_config
 .rodata.UART_0_rx_pin_config
                0x10009630        0x8 ./Dave/Generated/UART/uart_conf.o
                0x10009630                UART_0_rx_pin_config
 .rodata.UART_1_channel_config
                0x10009638        0xc ./Dave/Generated/UART/uart_conf.o
                0x10009638                UART_1_channel_config
 .rodata.UART_1_tx_pin_config
                0x10009644        0x8 ./Dave/Generated/UART/uart_conf.o
                0x10009644                UART_1_tx_pin_config
 .rodata.UART_1_tx_pin
                0x1000964c        0xc ./Dave/Generated/UART/uart_conf.o
                0x1000964c                UART_1_tx_pin
 .rodata.UART_1_config
                0x10009658       0x30 ./Dave/Generated/UART/uart_conf.o
                0x10009658                UART_1_config
 .rodata.UART_1_rx_pin_config
                0x10009688        0x8 ./Dave/Generated/UART/uart_conf.o
                0x10009688                UART_1_rx_pin_config
 .rodata.INTERRUPT_0
                0x10009690        0x4 ./Dave/Generated/INTERRUPT/interrupt_conf.o
                0x10009690                INTERRUPT_0
 .rodata.INTERRUPT_1
                0x10009694        0x4 ./Dave/Generated/INTERRUPT/interrupt_conf.o
                0x10009694                INTERRUPT_1
 .rodata.group_init_handle0
                0x10009698       0x14 ./Dave/Generated/GLOBAL_ADC/global_adc_conf.o
                0x10009698                group_init_handle0
 .rodata.group_init_handle1
                0x100096ac       0x14 ./Dave/Generated/GLOBAL_ADC/global_adc_conf.o
                0x100096ac                group_init_handle1
 .rodata.global_config
                0x100096c0       0x18 ./Dave/Generated/GLOBAL_ADC/global_adc_conf.o
                0x100096c0                global_config
 .rodata.E_EEPROM_XMC1_lGarbageCollection
                0x100096d8       0x24 ./Dave/Generated/E_EEPROM_XMC1/e_eeprom_xmc1.o
 .rodata.E_EEPROM_XMC1_block_Config
                0x100096fc       0x30 ./Dave/Generated/E_EEPROM_XMC1/e_eeprom_xmc1_conf.o
                0x100096fc                E_EEPROM_XMC1_block_Config
 .rodata.xmc_int_tcs
                0x1000972c       0x10 ./Dave/Generated/DIGITAL_IO/digital_io_conf.o
                0x1000972c                xmc_int_tcs
 .rodata.xmc_int_bmc
                0x1000973c       0x10 ./Dave/Generated/DIGITAL_IO/digital_io_conf.o
                0x1000973c                xmc_int_bmc
 .rodata.xmc_lin_en
                0x1000974c       0x10 ./Dave/Generated/DIGITAL_IO/digital_io_conf.o
                0x1000974c                xmc_lin_en
 .rodata.xmc_sel_gain
                0x1000975c       0x10 ./Dave/Generated/DIGITAL_IO/digital_io_conf.o
                0x1000975c                xmc_sel_gain
 .rodata.VCC_LED_shtdwn
                0x1000976c       0x10 ./Dave/Generated/DIGITAL_IO/digital_io_conf.o
                0x1000976c                VCC_LED_shtdwn
 .rodata        0x1000977c        0xc ./Dave/Generated/CLOCK_XMC1/clock_xmc1_conf.o
 .rodata.group_ptrs
                0x10009788        0x8 ./Dave/Generated/ADC_MEASUREMENT_ADV/adc_measurement_adv.o
                0x10009788                group_ptrs
 .rodata.ADC_MEASUREMENT_ADV_0_xmc_ntc_ch_config
                0x10009790       0x10 ./Dave/Generated/ADC_MEASUREMENT_ADV/adc_measurement_adv_conf.o
 .rodata.ADC_MEASUREMENT_ADV_0_xmc_ntc_res_config
                0x100097a0        0x4 ./Dave/Generated/ADC_MEASUREMENT_ADV/adc_measurement_adv_conf.o
 .rodata.ADC_MEASUREMENT_ADV_0_xmc_ntc_handle
                0x100097a4        0xc ./Dave/Generated/ADC_MEASUREMENT_ADV/adc_measurement_adv_conf.o
                0x100097a4                ADC_MEASUREMENT_ADV_0_xmc_ntc_handle
 .rodata.ADC_MEASUREMENT_ADV_0_xmc_I_ww_ch_config
                0x100097b0       0x10 ./Dave/Generated/ADC_MEASUREMENT_ADV/adc_measurement_adv_conf.o
 .rodata.ADC_MEASUREMENT_ADV_0_xmc_I_ww_res_config
                0x100097c0        0x4 ./Dave/Generated/ADC_MEASUREMENT_ADV/adc_measurement_adv_conf.o
 .rodata.ADC_MEASUREMENT_ADV_0_xmc_I_ww_handle
                0x100097c4        0xc ./Dave/Generated/ADC_MEASUREMENT_ADV/adc_measurement_adv_conf.o
                0x100097c4                ADC_MEASUREMENT_ADV_0_xmc_I_ww_handle
 .rodata.ADC_MEASUREMENT_ADV_0_xmc_U_in_ch_config
                0x100097d0       0x10 ./Dave/Generated/ADC_MEASUREMENT_ADV/adc_measurement_adv_conf.o
 .rodata.ADC_MEASUREMENT_ADV_0_xmc_U_in_res_config
                0x100097e0        0x4 ./Dave/Generated/ADC_MEASUREMENT_ADV/adc_measurement_adv_conf.o
 .rodata.ADC_MEASUREMENT_ADV_0_xmc_U_in_handle
                0x100097e4        0xc ./Dave/Generated/ADC_MEASUREMENT_ADV/adc_measurement_adv_conf.o
                0x100097e4                ADC_MEASUREMENT_ADV_0_xmc_U_in_handle
 .rodata.ADC_MEASUREMENT_ADV_0_xmc_I_cw_ch_config
                0x100097f0       0x10 ./Dave/Generated/ADC_MEASUREMENT_ADV/adc_measurement_adv_conf.o
 .rodata.ADC_MEASUREMENT_ADV_0_xmc_I_cw_res_config
                0x10009800        0x4 ./Dave/Generated/ADC_MEASUREMENT_ADV/adc_measurement_adv_conf.o
 .rodata.ADC_MEASUREMENT_ADV_0_xmc_I_cw_handle
                0x10009804        0xc ./Dave/Generated/ADC_MEASUREMENT_ADV/adc_measurement_adv_conf.o
                0x10009804                ADC_MEASUREMENT_ADV_0_xmc_I_cw_handle
 .rodata.ADC_MEASUREMENT_ADV_0_queue_config
                0x10009810        0xc ./Dave/Generated/ADC_MEASUREMENT_ADV/adc_measurement_adv_conf.o
 .rodata.ADC_MEASUREMENT_ADV_0_queue_handle
                0x1000981c       0x18 ./Dave/Generated/ADC_MEASUREMENT_ADV/adc_measurement_adv_conf.o
 .rodata.ADC_MEASUREMENT_ADV_0_xmc_ntc_queue_entry_0
                0x10009834        0x4 ./Dave/Generated/ADC_MEASUREMENT_ADV/adc_measurement_adv_conf.o
 .rodata.ADC_MEASUREMENT_ADV_0_xmc_I_ww_queue_entry_1
                0x10009838        0x4 ./Dave/Generated/ADC_MEASUREMENT_ADV/adc_measurement_adv_conf.o
 .rodata.ADC_MEASUREMENT_ADV_0_xmc_U_in_queue_entry_2
                0x1000983c        0x4 ./Dave/Generated/ADC_MEASUREMENT_ADV/adc_measurement_adv_conf.o
 .rodata.ADC_MEASUREMENT_ADV_0_xmc_I_cw_queue_entry_3
                0x10009840        0x4 ./Dave/Generated/ADC_MEASUREMENT_ADV/adc_measurement_adv_conf.o
 .rodata.ADC_MEASUREMENT_ADV_0
                0x10009844       0x1c ./Dave/Generated/ADC_MEASUREMENT_ADV/adc_measurement_adv_conf.o
                0x10009844                ADC_MEASUREMENT_ADV_0
 .rodata.main   0x10009860       0x84 ./main.o
 *(.gnu.linkonce.r*)

.glue_7         0x100098e4        0x0
 .glue_7        0x00000000        0x0 linker stubs

.glue_7t        0x100098e4        0x0
 .glue_7t       0x00000000        0x0 linker stubs

.vfp11_veneer   0x100098e4        0x0
 .vfp11_veneer  0x00000000        0x0 linker stubs

.v4_bx          0x100098e4        0x0
 .v4_bx         0x00000000        0x0 linker stubs

.iplt           0x100098e4        0x0
 .iplt          0x00000000        0x0 ./samuel/samuel_io.o

.eh_frame_hdr
 *(.eh_frame_hdr)

.eh_frame
 *(.eh_frame)

.ARM.extab
 *(.ARM.extab* .gnu.linkonce.armextab.*)
                0x100098e4                . = ALIGN (0x4)
                0x100098e4                __exidx_start = .

.ARM.exidx
 *(.ARM.exidx* .gnu.linkonce.armexidx.*)
                0x100098e4                __exidx_end = .
                0x100098e4                . = ALIGN (0x4)
                0x100098e4                eROData = .

.VENEER_Code    0x2000000c      0x138 load address 0x100098e4
                0x2000000c                . = ALIGN (0x4)
                0x2000000c                VeneerStart = .
 *(.XmcVeneerCode)
 .XmcVeneerCode
                0x2000000c      0x138 ./Startup/startup_XMC1300.o
                0x2000000c                HardFault_Veneer
                0x2000002c                SVC_Veneer
                0x20000038                PendSV_Veneer
                0x2000003c                SysTick_Veneer
                0x20000040                SCU_0_Veneer
                0x20000044                SCU_1_Veneer
                0x20000048                SCU_2_Veneer
                0x2000004c                SCU_3_Veneer
                0x20000050                SCU_4_Veneer
                0x20000054                SCU_5_Veneer
                0x20000058                SCU_6_Veneer
                0x2000005c                MATH_Veneer
                0x20000064                USIC0_0_Veneer
                0x20000068                USIC0_1_Veneer
                0x2000006c                USIC0_2_Veneer
                0x20000070                USIC0_3_Veneer
                0x20000074                USIC0_4_Veneer
                0x20000078                USIC0_5_Veneer
                0x2000007c                VADC0_C0_0_Veneer
                0x20000080                VADC0_C0_1_Veneer
                0x20000084                VADC0_G0_0_Veneer
                0x20000088                VADC0_G0_1_Veneer
                0x2000008c                VADC0_G1_0_Veneer
                0x20000090                VADC0_G1_1_Veneer
                0x20000094                CCU40_0_Veneer
                0x20000098                CCU40_1_Veneer
                0x2000009c                CCU40_2_Veneer
                0x200000a0                CCU40_3_Veneer
                0x200000a4                CCU80_0_Veneer
                0x200000a8                CCU80_1_Veneer
                0x200000ac                POSIF0_0_Veneer
                0x200000b0                POSIF0_1_Veneer
                0x200000bc                BCCU0_0_Veneer
                0x20000144                . = ALIGN (0x4)
                0x20000144                VeneerEnd = .
                0x00000138                VeneerSize = (ABSOLUTE (VeneerEnd) - ABSOLUTE (VeneerStart))

.rel.dyn        0x20000144        0x0 load address 0x10009a1c
 .rel.iplt      0x00000000        0x0 ./samuel/samuel_io.o

Stack           0x20000144      0x404 load address 0x00000000
                0x20000148                . = ALIGN (0x8)
 *fill*         0x20000144        0x4 
                0x20000548                . = (. + stack_size)
 *fill*         0x20000148      0x400 
                0x20000548                __initial_sp = .
                0x10009a1c                DataLoadAddr = (eROData + VeneerSize)

.data           0x20000548      0x21c load address 0x10009a1c
                0x20000548                . = ALIGN (0x4)
                0x20000548                __data_start = .
 *(vtable)
 *(.data)
 *(.data*)
 .data.resultB  0x20000548        0x2 ./samuel/samuel_io.o
                0x20000548                resultB
 .data.linearwalk_gen
                0x2000054a        0x2 ./samuel/samuel_io.o
                0x2000054a                linearwalk_gen
 .data.Brightness_Gen
                0x2000054c        0x2 ./samuel/samuel_io.o
                0x2000054c                Brightness_Gen
 .data.ColorQuot_Gen
                0x2000054e        0x2 ./samuel/samuel_io.o
                0x2000054e                ColorQuot_Gen
 .data.transmit_buf_size
                0x20000550        0x1 ./samuel/samuel_io.o
                0x20000550                transmit_buf_size
 *fill*         0x20000551        0x3 
 .data.UART_0   0x20000554        0xc ./Dave/Generated/UART/uart_conf.o
                0x20000554                UART_0
 .data.UART_1   0x20000560        0xc ./Dave/Generated/UART/uart_conf.o
                0x20000560                UART_1
 .data.PDM_DIMMED_LED_LAMP_0_config
                0x2000056c       0x14 ./Dave/Generated/PDM_DIMMED_LED_LAMP/pdm_dimmed_led_lamp_conf.o
                0x2000056c                PDM_DIMMED_LED_LAMP_0_config
 .data.PDM_DIMMED_LED_LAMP_0
                0x20000580       0x3c ./Dave/Generated/PDM_DIMMED_LED_LAMP/pdm_dimmed_led_lamp_conf.o
                0x20000580                PDM_DIMMED_LED_LAMP_0
 .data.PDM_BCCU_0_config
                0x200005bc        0xc ./Dave/Generated/PDM_BCCU/pdm_bccu_conf.o
                0x200005bc                PDM_BCCU_0_config
 .data.PDM_BCCU_0_gpio_config
                0x200005c8        0x8 ./Dave/Generated/PDM_BCCU/pdm_bccu_conf.o
                0x200005c8                PDM_BCCU_0_gpio_config
 .data.PDM_BCCU_0
                0x200005d0       0x30 ./Dave/Generated/PDM_BCCU/pdm_bccu_conf.o
                0x200005d0                PDM_BCCU_0
 .data.PDM_BCCU_1_config
                0x20000600        0xc ./Dave/Generated/PDM_BCCU/pdm_bccu_conf.o
                0x20000600                PDM_BCCU_1_config
 .data.PDM_BCCU_1_gpio_config
                0x2000060c        0x8 ./Dave/Generated/PDM_BCCU/pdm_bccu_conf.o
                0x2000060c                PDM_BCCU_1_gpio_config
 .data.PDM_BCCU_1
                0x20000614       0x30 ./Dave/Generated/PDM_BCCU/pdm_bccu_conf.o
                0x20000614                PDM_BCCU_1
 .data.PDM_BCCU_2_config
                0x20000644        0xc ./Dave/Generated/PDM_BCCU/pdm_bccu_conf.o
                0x20000644                PDM_BCCU_2_config
 .data.PDM_BCCU_2_gpio_config
                0x20000650        0x8 ./Dave/Generated/PDM_BCCU/pdm_bccu_conf.o
                0x20000650                PDM_BCCU_2_gpio_config
 .data.PDM_BCCU_2
                0x20000658       0x30 ./Dave/Generated/PDM_BCCU/pdm_bccu_conf.o
                0x20000658                PDM_BCCU_2
 .data.PDM_BCCU_3_config
                0x20000688        0xc ./Dave/Generated/PDM_BCCU/pdm_bccu_conf.o
                0x20000688                PDM_BCCU_3_config
 .data.PDM_BCCU_3_gpio_config
                0x20000694        0x8 ./Dave/Generated/PDM_BCCU/pdm_bccu_conf.o
                0x20000694                PDM_BCCU_3_gpio_config
 .data.PDM_BCCU_3
                0x2000069c       0x30 ./Dave/Generated/PDM_BCCU/pdm_bccu_conf.o
                0x2000069c                PDM_BCCU_3
 .data.confighandle
                0x200006cc        0xc ./Dave/Generated/GLOBAL_BCCU/global_bccu_conf.o
                0x200006cc                confighandle
 .data.GLOBAL_BCCU_0
                0x200006d8       0x10 ./Dave/Generated/GLOBAL_BCCU/global_bccu_conf.o
                0x200006d8                GLOBAL_BCCU_0
 .data.group_0_config
                0x200006e8        0xc ./Dave/Generated/GLOBAL_ADC/global_adc_conf.o
                0x200006e8                group_0_config
 .data.group_1_config
                0x200006f4        0xc ./Dave/Generated/GLOBAL_ADC/global_adc_conf.o
                0x200006f4                group_1_config
 .data.GLOBAL_ADC_0
                0x20000700       0x18 ./Dave/Generated/GLOBAL_ADC/global_adc_conf.o
                0x20000700                GLOBAL_ADC_0
 .data.E_EEPROM_XMC1_0
                0x20000718       0x10 ./Dave/Generated/E_EEPROM_XMC1/e_eeprom_xmc1_conf.o
                0x20000718                E_EEPROM_XMC1_0
 .data.DIM_BCCU_0_confighandle
                0x20000728        0x4 ./Dave/Generated/DIM_BCCU/dim_bccu_conf.o
                0x20000728                DIM_BCCU_0_confighandle
 .data.DIM_BCCU_0
                0x2000072c       0x14 ./Dave/Generated/DIM_BCCU/dim_bccu_conf.o
                0x2000072c                DIM_BCCU_0
 .data.ADC_MEASUREMENT_ADV_0_queue_entries
                0x20000740       0x10 ./Dave/Generated/ADC_MEASUREMENT_ADV/adc_measurement_adv_conf.o
 .data.ADC_MEASUREMENT_ADV_0_channel_array
                0x20000750       0x10 ./Dave/Generated/ADC_MEASUREMENT_ADV/adc_measurement_adv_conf.o
 .data.ADC_MEASUREMENT_ADV_0_initialization_status
                0x20000760        0x1 ./Dave/Generated/ADC_MEASUREMENT_ADV/adc_measurement_adv_conf.o
 *(*.data)
 *(.gnu.linkonce.d*)
                0x20000764                . = ALIGN (0x4)
 *fill*         0x20000761        0x3 
                0x20000764                PROVIDE (__preinit_array_start, .)
 *(.preinit_array)
                0x20000764                PROVIDE (__preinit_array_end, .)
                0x20000764                . = ALIGN (0x4)
                0x20000764                PROVIDE (__init_array_start, .)
 *(SORT(.init_array.*))
 *(.init_array)
                0x20000764                PROVIDE (__init_array_end, .)
                0x20000764                . = ALIGN (0x4)
                0x20000764                PROVIDE (__fini_array_start, .)
 *(SORT(.fini_array.*))
 *(.fini_array)
                0x20000764                PROVIDE (__fini_array_end, .)
                0x20000764                . = ALIGN (0x4)
                0x20000764                __data_end = .
                0x0000021c                __data_size = (__data_end - __data_start)

.igot.plt       0x20000764        0x0 load address 0x10009c38
 .igot.plt      0x00000000        0x0 ./samuel/samuel_io.o

.ram_code       0x20000764        0x0 load address 0x10009c38
                0x20000764                . = ALIGN (0x4)
                0x20000764                __ram_code_start = .
 *(.ram_code)
                0x20000764                . = ALIGN (0x4)
                0x20000764                __ram_code_end = .
                0x10009c38                __ram_code_load = LOADADDR (.ram_code)
                0x00000000                __ram_code_size = (__ram_code_end - __ram_code_start)

.bss            0x20000764      0x4d4 load address 0x10009c38
                0x20000764                . = ALIGN (0x4)
                0x20000764                __bss_start = .
 *(.bss)
 *(.bss*)
 .bss.adc_ready20m
                0x20000764        0x2 ./samuel/samuel_io.o
                0x20000764                adc_ready20m
 .bss.resultDalt
                0x20000766        0x2 ./samuel/samuel_io.o
                0x20000766                resultDalt
 .bss.zahler_offlight
                0x20000768        0x2 ./samuel/samuel_io.o
                0x20000768                zahler_offlight
 .bss.zahler_lightprog01
                0x2000076a        0x2 ./samuel/samuel_io.o
                0x2000076a                zahler_lightprog01
 .bss.B_first_uart
                0x2000076c        0x1 ./samuel/samuel_io.o
                0x2000076c                B_first_uart
 .bss.B_nextLedOff
                0x2000076d        0x1 ./samuel/samuel_io.o
                0x2000076d                B_nextLedOff
 *fill*         0x2000076e        0x2 
 .bss.IDIV.4926
                0x20000770        0x4 ./Startup/system_XMC1300.o
 .bss.FDIV.4927
                0x20000774        0x4 ./Startup/system_XMC1300.o
 .bss.UART_0_runtime
                0x20000778       0x1c ./Dave/Generated/UART/uart_conf.o
                0x20000778                UART_0_runtime
 .bss.UART_1_runtime
                0x20000794       0x1c ./Dave/Generated/UART/uart_conf.o
                0x20000794                UART_1_runtime
 .bss.g_timer_list
                0x200007b0        0x4 ./Dave/Generated/SYSTIMER/systimer.o
                0x200007b0                g_timer_list
 .bss.g_timer_tracker
                0x200007b4        0x4 ./Dave/Generated/SYSTIMER/systimer.o
                0x200007b4                g_timer_tracker
 .bss.g_systick_count
                0x200007b8        0x4 ./Dave/Generated/SYSTIMER/systimer.o
                0x200007b8                g_systick_count
 .bss.SYSTIMER_0
                0x200007bc        0x4 ./Dave/Generated/SYSTIMER/systimer_conf.o
                0x200007bc                SYSTIMER_0
 .bss.CLOCK_XMC1_0
                0x200007c0        0x4 ./Dave/Generated/CLOCK_XMC1/clock_xmc1_conf.o
                0x200007c0                CLOCK_XMC1_0
 *(COMMON)
 COMMON         0x200007c4      0x1ae ./samuel/samuel_io.o
                0x200007c4                resultAalt
                0x200007c6                charcount
                0x200007c8                dimNorm2_Ww
                0x200007ca                node_id_neu
                0x200007cc                ReadBuffer3
                0x200007ec                linearwalk_ww1
                0x200007ee                Index
                0x200007f0                Hard_Vers
                0x200007f2                LED_WW_Vers
                0x200007f4                Reserve_2
                0x200007f6                resultC2
                0x200007f8                Farbe_ww2
                0x200007fa                Farbe_ww1
                0x200007fc                Mon_Vers
                0x200007fe                resultB2
                0x20000800                Farbe_cw1
                0x20000804                new_data
                0x20000814                Dimm_Valu
                0x20000815                framelength
                0x20000816                neu_Ser_NrH
                0x20000818                RegOnOff2
                0x2000081a                resultAalt2
                0x2000081c                Farbe_ww2_Quot
                0x2000081e                synclevel
                0x20000820                resultD2
                0x20000824                ReadData
                0x2000082c                command
                0x2000082e                LED_CW_Vers
                0x20000830                Ser_NrH
                0x20000832                Farbe_ww1_Quot
                0x20000834                led_grupp
                0x20000836                node_id
                0x20000838                Dimm_Max_WW
                0x2000083a                val_Spannung_min
                0x2000083c                GEH_Vers
                0x2000083e                linearwalk_cw2
                0x20000840                Dimm_Stufen
                0x20000842                linearwalk_ww2
                0x20000844                node_id_alt
                0x20000848                ReadBuffer2
                0x20000858                led_Strom
                0x2000085a                RegOnOff
                0x2000085c                val_Pow_Nom
                0x2000085e                resultC
                0x20000860                node_id_16bit
                0x20000862                Dimm_Gamma
                0x20000863                EEprom_status
                0x20000864                dimOff_Cw
                0x20000868                eeprom_data
                0x20000888                resultBalt2
                0x2000088a                Dimm_StufenGR
                0x2000088c                Dimm_Max_CW
                0x20000890                ReadBuffer1
                0x200008a0                Farbe_wwcw_Quot_gen
                0x200008a2                resultBalt
                0x200008a4                dimNorm1_Ww
                0x200008a6                Farbe_cw2_Quot
                0x200008a8                Ser_NrL
                0x200008aa                Smooth_Value
                0x200008ac                dimAkt_Ww
                0x200008ae                resultDCalt2
                0x200008b0                execute
                0x200008b2                dimNorm1_Cw
                0x200008b4                Soft_Vers
                0x200008b6                resultA
                0x200008b8                Reserve_1
                0x200008ba                resultCalt2
                0x200008bc                resultD
                0x200008be                val_Spannung_max
                0x200008c0                dimAkt_Cw
                0x200008c4                rec_data
                0x200008d4                ReadBuffer4
                0x200008f4                Farbe_cw1_Quot
                0x200008f6                val_Pow_max
                0x200008f8                node_id_resi
                0x200008fa                adc_ready
                0x200008fc                oper_status
                0x200008fe                resultA2
                0x20000900                dimOff_Ww
                0x20000902                Farbe_cw2
                0x20000904                neu_Ser_NrL
                0x20000906                resultCalt
                0x20000908                linearwalk_cw1
                0x2000090c                data_buffer
                0x20000970                dimNorm2_Cw
 *fill*         0x20000972        0x2 
 COMMON         0x20000974      0x120 ./Dave/Generated/SYSTIMER/systimer.o
                0x20000974                g_timer_tbl
 COMMON         0x20000a94      0x190 ./Dave/Generated/E_EEPROM_XMC1/e_eeprom_xmc1_conf.o
                0x20000a94                E_EEPROM_XMC1_data
 COMMON         0x20000c24       0x14 ./main.o
                0x20000c24                tester3
                0x20000c28                tester
                0x20000c2c                Dstatus
                0x20000c2e                command_nr
                0x20000c30                tester5
                0x20000c32                tester4
                0x20000c34                tester2
                0x20000c36                tester1
 *(.gnu.linkonce.b*)
                0x20000c38                . = ALIGN (0x4)
                0x20000c38                __bss_end = .
                0x20000c38                . = ALIGN (0x8)
                0x20000c38                Heap_Bank1_Start = .
                0x000004d4                __bss_size = (__bss_end - __bss_start)

.no_init        0x20003ffc        0x4 load address 0x1000d4d0
                0x20003ffc                Heap_Bank1_End = .
 *(.no_init)
 .no_init       0x20003ffc        0x4 ./Startup/system_XMC1300.o
                0x20003ffc                SystemCoreClock
                0x000033c4                Heap_Bank1_Size = (Heap_Bank1_End - Heap_Bank1_Start)
                0x00000001                ASSERT ((Heap_Bank1_Start <= Heap_Bank1_End), region SRAM overflowed no_init section)

/DISCARD/
 *(.comment)

.stab
 *(.stab)

.stabstr
 *(.stabstr)

.debug
 *(.debug)

.line
 *(.line)

.debug_srcinfo
 *(.debug_srcinfo)

.debug_sfnames
 *(.debug_sfnames)

.debug_aranges  0x00000000     0x1478
 *(.debug_aranges)
 .debug_aranges
                0x00000000      0x1c0 ./samuel/samuel_io.o
 .debug_aranges
                0x000001c0       0x28 ./Startup/startup_XMC1300.o
 .debug_aranges
                0x000001e8       0x38 ./Startup/system_XMC1300.o
 .debug_aranges
                0x00000220       0x80 ./Libraries/XMCLib/src/xmc1_flash.o
 .debug_aranges
                0x000002a0       0x28 ./Libraries/XMCLib/src/xmc1_gpio.o
 .debug_aranges
                0x000002c8      0x120 ./Libraries/XMCLib/src/xmc1_scu.o
 .debug_aranges
                0x000003e8      0x198 ./Libraries/XMCLib/src/xmc_bccu.o
 .debug_aranges
                0x00000580       0x28 ./Libraries/XMCLib/src/xmc_gpio.o
 .debug_aranges
                0x000005a8       0xf0 ./Libraries/XMCLib/src/xmc_math.o
 .debug_aranges
                0x00000698       0x68 ./Libraries/XMCLib/src/xmc_uart.o
 .debug_aranges
                0x00000700       0x90 ./Libraries/XMCLib/src/xmc_usic.o
 .debug_aranges
                0x00000790      0x2d0 ./Libraries/XMCLib/src/xmc_vadc.o
 .debug_aranges
                0x00000a60       0x28 ./Libraries/Newlib/syscalls.o
 .debug_aranges
                0x00000a88       0xf8 ./Dave/Generated/UART/uart.o
 .debug_aranges
                0x00000b80       0x68 ./Dave/Generated/UART/uart_conf.o
 .debug_aranges
                0x00000be8       0x98 ./Dave/Generated/SYSTIMER/systimer.o
 .debug_aranges
                0x00000c80       0x18 ./Dave/Generated/SYSTIMER/systimer_conf.o
 .debug_aranges
                0x00000c98       0x68 ./Dave/Generated/PDM_DIMMED_LED_LAMP/pdm_dimmed_led_lamp.o
 .debug_aranges
                0x00000d00       0x18 ./Dave/Generated/PDM_DIMMED_LED_LAMP/pdm_dimmed_led_lamp_conf.o
 .debug_aranges
                0x00000d18       0xa0 ./Dave/Generated/PDM_BCCU/pdm_bccu.o
 .debug_aranges
                0x00000db8       0x18 ./Dave/Generated/PDM_BCCU/pdm_bccu_conf.o
 .debug_aranges
                0x00000dd0       0x40 ./Dave/Generated/INTERRUPT/interrupt.o
 .debug_aranges
                0x00000e10       0x18 ./Dave/Generated/INTERRUPT/interrupt_conf.o
 .debug_aranges
                0x00000e28       0x78 ./Dave/Generated/GLOBAL_BCCU/global_bccu.o
 .debug_aranges
                0x00000ea0       0x18 ./Dave/Generated/GLOBAL_BCCU/global_bccu_conf.o
 .debug_aranges
                0x00000eb8       0x30 ./Dave/Generated/GLOBAL_ADC/global_adc.o
 .debug_aranges
                0x00000ee8       0x18 ./Dave/Generated/GLOBAL_ADC/global_adc_conf.o
 .debug_aranges
                0x00000f00      0x1e8 ./Dave/Generated/E_EEPROM_XMC1/e_eeprom_xmc1.o
 .debug_aranges
                0x000010e8       0x18 ./Dave/Generated/E_EEPROM_XMC1/e_eeprom_xmc1_conf.o
 .debug_aranges
                0x00001100       0xd8 ./Dave/Generated/DIM_BCCU/dim_bccu.o
 .debug_aranges
                0x000011d8       0x18 ./Dave/Generated/DIM_BCCU/dim_bccu_conf.o
 .debug_aranges
                0x000011f0       0x28 ./Dave/Generated/DIGITAL_IO/digital_io.o
 .debug_aranges
                0x00001218       0x18 ./Dave/Generated/DIGITAL_IO/digital_io_conf.o
 .debug_aranges
                0x00001230       0x20 ./Dave/Generated/CPU_CTRL_XMC1/cpu_ctrl_xmc1_conf.o
 .debug_aranges
                0x00001250       0x30 ./Dave/Generated/CLOCK_XMC1/clock_xmc1.o
 .debug_aranges
                0x00001280       0x20 ./Dave/Generated/CLOCK_XMC1/clock_xmc1_conf.o
 .debug_aranges
                0x000012a0      0x120 ./Dave/Generated/ADC_MEASUREMENT_ADV/adc_measurement_adv.o
 .debug_aranges
                0x000013c0       0x20 ./Dave/Generated/ADC_MEASUREMENT_ADV/adc_measurement_adv_conf.o
 .debug_aranges
                0x000013e0       0x20 ./Dave/Generated/DAVE.o
 .debug_aranges
                0x00001400       0x78 ./main.o

.debug_pubnames
 *(.debug_pubnames)

.debug_pubtypes
 *(.debug_pubtypes)

.debug_info     0x00000000    0x21163
 *(.debug_info .gnu.linkonce.wi.*)
 .debug_info    0x00000000     0x30b4 ./samuel/samuel_io.o
 .debug_info    0x000030b4       0x77 ./Startup/startup_XMC1300.o
 .debug_info    0x0000312b      0x353 ./Startup/system_XMC1300.o
 .debug_info    0x0000347e      0x4e4 ./Libraries/XMCLib/src/xmc1_flash.o
 .debug_info    0x00003962      0x410 ./Libraries/XMCLib/src/xmc1_gpio.o
 .debug_info    0x00003d72      0xcd7 ./Libraries/XMCLib/src/xmc1_scu.o
 .debug_info    0x00004a49     0x1365 ./Libraries/XMCLib/src/xmc_bccu.o
 .debug_info    0x00005dae      0x3a3 ./Libraries/XMCLib/src/xmc_gpio.o
 .debug_info    0x00006151      0x975 ./Libraries/XMCLib/src/xmc_math.o
 .debug_info    0x00006ac6      0x835 ./Libraries/XMCLib/src/xmc_uart.o
 .debug_info    0x000072fb      0xa8f ./Libraries/XMCLib/src/xmc_usic.o
 .debug_info    0x00007d8a     0x35b9 ./Libraries/XMCLib/src/xmc_vadc.o
 .debug_info    0x0000b343      0x11f ./Libraries/Newlib/syscalls.o
 .debug_info    0x0000b462     0x14c5 ./Dave/Generated/UART/uart.o
 .debug_info    0x0000c927     0x109c ./Dave/Generated/UART/uart_conf.o
 .debug_info    0x0000d9c3      0x98a ./Dave/Generated/SYSTIMER/systimer.o
 .debug_info    0x0000e34d       0xb1 ./Dave/Generated/SYSTIMER/systimer_conf.o
 .debug_info    0x0000e3fe      0xfd7 ./Dave/Generated/PDM_DIMMED_LED_LAMP/pdm_dimmed_led_lamp.o
 .debug_info    0x0000f3d5      0xd23 ./Dave/Generated/PDM_DIMMED_LED_LAMP/pdm_dimmed_led_lamp_conf.o
 .debug_info    0x000100f8      0xdb5 ./Dave/Generated/PDM_BCCU/pdm_bccu.o
 .debug_info    0x00010ead      0xad3 ./Dave/Generated/PDM_BCCU/pdm_bccu_conf.o
 .debug_info    0x00011980      0x51e ./Dave/Generated/INTERRUPT/interrupt.o
 .debug_info    0x00011e9e      0x1ef ./Dave/Generated/INTERRUPT/interrupt_conf.o
 .debug_info    0x0001208d      0x707 ./Dave/Generated/GLOBAL_BCCU/global_bccu.o
 .debug_info    0x00012794      0x406 ./Dave/Generated/GLOBAL_BCCU/global_bccu_conf.o
 .debug_info    0x00012b9a     0x1216 ./Dave/Generated/GLOBAL_ADC/global_adc.o
 .debug_info    0x00013db0     0x11a6 ./Dave/Generated/GLOBAL_ADC/global_adc_conf.o
 .debug_info    0x00014f56     0x19da ./Dave/Generated/E_EEPROM_XMC1/e_eeprom_xmc1.o
 .debug_info    0x00016930      0x46d ./Dave/Generated/E_EEPROM_XMC1/e_eeprom_xmc1_conf.o
 .debug_info    0x00016d9d      0xac0 ./Dave/Generated/DIM_BCCU/dim_bccu.o
 .debug_info    0x0001785d      0x5af ./Dave/Generated/DIM_BCCU/dim_bccu_conf.o
 .debug_info    0x00017e0c      0x4c5 ./Dave/Generated/DIGITAL_IO/digital_io.o
 .debug_info    0x000182d1      0x448 ./Dave/Generated/DIGITAL_IO/digital_io_conf.o
 .debug_info    0x00018719       0xd3 ./Dave/Generated/CPU_CTRL_XMC1/cpu_ctrl_xmc1_conf.o
 .debug_info    0x000187ec      0x219 ./Dave/Generated/CLOCK_XMC1/clock_xmc1.o
 .debug_info    0x00018a05      0x1de ./Dave/Generated/CLOCK_XMC1/clock_xmc1_conf.o
 .debug_info    0x00018be3     0x268a ./Dave/Generated/ADC_MEASUREMENT_ADV/adc_measurement_adv.o
 .debug_info    0x0001b26d     0x1324 ./Dave/Generated/ADC_MEASUREMENT_ADV/adc_measurement_adv_conf.o
 .debug_info    0x0001c591     0x27eb ./Dave/Generated/DAVE.o
 .debug_info    0x0001ed7c     0x23e7 ./main.o

.debug_abbrev   0x00000000     0x3d85
 *(.debug_abbrev)
 .debug_abbrev  0x00000000      0x316 ./samuel/samuel_io.o
 .debug_abbrev  0x00000316       0x12 ./Startup/startup_XMC1300.o
 .debug_abbrev  0x00000328       0xfb ./Startup/system_XMC1300.o
 .debug_abbrev  0x00000423      0x145 ./Libraries/XMCLib/src/xmc1_flash.o
 .debug_abbrev  0x00000568       0xdf ./Libraries/XMCLib/src/xmc1_gpio.o
 .debug_abbrev  0x00000647      0x22c ./Libraries/XMCLib/src/xmc1_scu.o
 .debug_abbrev  0x00000873      0x1ea ./Libraries/XMCLib/src/xmc_bccu.o
 .debug_abbrev  0x00000a5d       0xdf ./Libraries/XMCLib/src/xmc_gpio.o
 .debug_abbrev  0x00000b3c      0x157 ./Libraries/XMCLib/src/xmc_math.o
 .debug_abbrev  0x00000c93      0x1ed ./Libraries/XMCLib/src/xmc_uart.o
 .debug_abbrev  0x00000e80      0x1da ./Libraries/XMCLib/src/xmc_usic.o
 .debug_abbrev  0x0000105a      0x26d ./Libraries/XMCLib/src/xmc_vadc.o
 .debug_abbrev  0x000012c7       0xbd ./Libraries/Newlib/syscalls.o
 .debug_abbrev  0x00001384      0x255 ./Dave/Generated/UART/uart.o
 .debug_abbrev  0x000015d9      0x242 ./Dave/Generated/UART/uart_conf.o
 .debug_abbrev  0x0000181b      0x249 ./Dave/Generated/SYSTIMER/systimer.o
 .debug_abbrev  0x00001a64       0x62 ./Dave/Generated/SYSTIMER/systimer_conf.o
 .debug_abbrev  0x00001ac6      0x21f ./Dave/Generated/PDM_DIMMED_LED_LAMP/pdm_dimmed_led_lamp.o
 .debug_abbrev  0x00001ce5      0x163 ./Dave/Generated/PDM_DIMMED_LED_LAMP/pdm_dimmed_led_lamp_conf.o
 .debug_abbrev  0x00001e48      0x203 ./Dave/Generated/PDM_BCCU/pdm_bccu.o
 .debug_abbrev  0x0000204b      0x156 ./Dave/Generated/PDM_BCCU/pdm_bccu_conf.o
 .debug_abbrev  0x000021a1      0x17d ./Dave/Generated/INTERRUPT/interrupt.o
 .debug_abbrev  0x0000231e       0x7f ./Dave/Generated/INTERRUPT/interrupt_conf.o
 .debug_abbrev  0x0000239d      0x1f1 ./Dave/Generated/GLOBAL_BCCU/global_bccu.o
 .debug_abbrev  0x0000258e      0x122 ./Dave/Generated/GLOBAL_BCCU/global_bccu_conf.o
 .debug_abbrev  0x000026b0      0x1d5 ./Dave/Generated/GLOBAL_ADC/global_adc.o
 .debug_abbrev  0x00002885      0x163 ./Dave/Generated/GLOBAL_ADC/global_adc_conf.o
 .debug_abbrev  0x000029e8      0x202 ./Dave/Generated/E_EEPROM_XMC1/e_eeprom_xmc1.o
 .debug_abbrev  0x00002bea      0x100 ./Dave/Generated/E_EEPROM_XMC1/e_eeprom_xmc1_conf.o
 .debug_abbrev  0x00002cea      0x20b ./Dave/Generated/DIM_BCCU/dim_bccu.o
 .debug_abbrev  0x00002ef5      0x142 ./Dave/Generated/DIM_BCCU/dim_bccu_conf.o
 .debug_abbrev  0x00003037       0xfd ./Dave/Generated/DIGITAL_IO/digital_io.o
 .debug_abbrev  0x00003134       0xb2 ./Dave/Generated/DIGITAL_IO/digital_io_conf.o
 .debug_abbrev  0x000031e6       0x80 ./Dave/Generated/CPU_CTRL_XMC1/cpu_ctrl_xmc1_conf.o
 .debug_abbrev  0x00003266       0xdd ./Dave/Generated/CLOCK_XMC1/clock_xmc1.o
 .debug_abbrev  0x00003343       0xec ./Dave/Generated/CLOCK_XMC1/clock_xmc1_conf.o
 .debug_abbrev  0x0000342f      0x2d6 ./Dave/Generated/ADC_MEASUREMENT_ADV/adc_measurement_adv.o
 .debug_abbrev  0x00003705      0x1c6 ./Dave/Generated/ADC_MEASUREMENT_ADV/adc_measurement_adv_conf.o
 .debug_abbrev  0x000038cb      0x215 ./Dave/Generated/DAVE.o
 .debug_abbrev  0x00003ae0      0x2a5 ./main.o

.debug_line     0x00000000     0x8e43
 *(.debug_line)
 .debug_line    0x00000000      0xbd6 ./samuel/samuel_io.o
 .debug_line    0x00000bd6      0x102 ./Startup/startup_XMC1300.o
 .debug_line    0x00000cd8      0x1b2 ./Startup/system_XMC1300.o
 .debug_line    0x00000e8a      0x39f ./Libraries/XMCLib/src/xmc1_flash.o
 .debug_line    0x00001229      0x189 ./Libraries/XMCLib/src/xmc1_gpio.o
 .debug_line    0x000013b2      0x4e3 ./Libraries/XMCLib/src/xmc1_scu.o
 .debug_line    0x00001895      0x55c ./Libraries/XMCLib/src/xmc_bccu.o
 .debug_line    0x00001df1      0x17d ./Libraries/XMCLib/src/xmc_gpio.o
 .debug_line    0x00001f6e      0x425 ./Libraries/XMCLib/src/xmc_math.o
 .debug_line    0x00002393      0x2bb ./Libraries/XMCLib/src/xmc_uart.o
 .debug_line    0x0000264e      0x372 ./Libraries/XMCLib/src/xmc_usic.o
 .debug_line    0x000029c0      0xb39 ./Libraries/XMCLib/src/xmc_vadc.o
 .debug_line    0x000034f9       0xbd ./Libraries/Newlib/syscalls.o
 .debug_line    0x000035b6      0x511 ./Dave/Generated/UART/uart.o
 .debug_line    0x00003ac7      0x344 ./Dave/Generated/UART/uart_conf.o
 .debug_line    0x00003e0b      0x41a ./Dave/Generated/SYSTIMER/systimer.o
 .debug_line    0x00004225       0x59 ./Dave/Generated/SYSTIMER/systimer_conf.o
 .debug_line    0x0000427e      0x454 ./Dave/Generated/PDM_DIMMED_LED_LAMP/pdm_dimmed_led_lamp.o
 .debug_line    0x000046d2      0x303 ./Dave/Generated/PDM_DIMMED_LED_LAMP/pdm_dimmed_led_lamp_conf.o
 .debug_line    0x000049d5      0x3d8 ./Dave/Generated/PDM_BCCU/pdm_bccu.o
 .debug_line    0x00004dad      0x239 ./Dave/Generated/PDM_BCCU/pdm_bccu_conf.o
 .debug_line    0x00004fe6      0x28b ./Dave/Generated/INTERRUPT/interrupt.o
 .debug_line    0x00005271      0x179 ./Dave/Generated/INTERRUPT/interrupt_conf.o
 .debug_line    0x000053ea      0x314 ./Dave/Generated/GLOBAL_BCCU/global_bccu.o
 .debug_line    0x000056fe      0x1d2 ./Dave/Generated/GLOBAL_BCCU/global_bccu_conf.o
 .debug_line    0x000058d0      0x292 ./Dave/Generated/GLOBAL_ADC/global_adc.o
 .debug_line    0x00005b62      0x1e3 ./Dave/Generated/GLOBAL_ADC/global_adc_conf.o
 .debug_line    0x00005d45      0xb1d ./Dave/Generated/E_EEPROM_XMC1/e_eeprom_xmc1.o
 .debug_line    0x00006862      0x118 ./Dave/Generated/E_EEPROM_XMC1/e_eeprom_xmc1_conf.o
 .debug_line    0x0000697a      0x43c ./Dave/Generated/DIM_BCCU/dim_bccu.o
 .debug_line    0x00006db6      0x21c ./Dave/Generated/DIM_BCCU/dim_bccu_conf.o
 .debug_line    0x00006fd2      0x1e6 ./Dave/Generated/DIGITAL_IO/digital_io.o
 .debug_line    0x000071b8      0x171 ./Dave/Generated/DIGITAL_IO/digital_io_conf.o
 .debug_line    0x00007329       0x78 ./Dave/Generated/CPU_CTRL_XMC1/cpu_ctrl_xmc1_conf.o
 .debug_line    0x000073a1      0x214 ./Dave/Generated/CLOCK_XMC1/clock_xmc1.o
 .debug_line    0x000075b5      0x1eb ./Dave/Generated/CLOCK_XMC1/clock_xmc1_conf.o
 .debug_line    0x000077a0      0x69c ./Dave/Generated/ADC_MEASUREMENT_ADV/adc_measurement_adv.o
 .debug_line    0x00007e3c      0x210 ./Dave/Generated/ADC_MEASUREMENT_ADV/adc_measurement_adv_conf.o
 .debug_line    0x0000804c      0x500 ./Dave/Generated/DAVE.o
 .debug_line    0x0000854c      0x8f7 ./main.o

.debug_frame    0x00000000     0x4428
 *(.debug_frame)
 .debug_frame   0x00000000      0x618 ./samuel/samuel_io.o
 .debug_frame   0x00000618       0x80 ./Startup/system_XMC1300.o
 .debug_frame   0x00000698      0x1a4 ./Libraries/XMCLib/src/xmc1_flash.o
 .debug_frame   0x0000083c       0x58 ./Libraries/XMCLib/src/xmc1_gpio.o
 .debug_frame   0x00000894      0x40c ./Libraries/XMCLib/src/xmc1_scu.o
 .debug_frame   0x00000ca0      0x610 ./Libraries/XMCLib/src/xmc_bccu.o
 .debug_frame   0x000012b0       0x54 ./Libraries/XMCLib/src/xmc_gpio.o
 .debug_frame   0x00001304      0x380 ./Libraries/XMCLib/src/xmc_math.o
 .debug_frame   0x00001684      0x150 ./Libraries/XMCLib/src/xmc_uart.o
 .debug_frame   0x000017d4      0x1f0 ./Libraries/XMCLib/src/xmc_usic.o
 .debug_frame   0x000019c4      0xaf4 ./Libraries/XMCLib/src/xmc_vadc.o
 .debug_frame   0x000024b8       0x4c ./Libraries/Newlib/syscalls.o
 .debug_frame   0x00002504      0x3a4 ./Dave/Generated/UART/uart.o
 .debug_frame   0x000028a8      0x148 ./Dave/Generated/UART/uart_conf.o
 .debug_frame   0x000029f0      0x218 ./Dave/Generated/SYSTIMER/systimer.o
 .debug_frame   0x00002c08      0x154 ./Dave/Generated/PDM_DIMMED_LED_LAMP/pdm_dimmed_led_lamp.o
 .debug_frame   0x00002d5c      0x234 ./Dave/Generated/PDM_BCCU/pdm_bccu.o
 .debug_frame   0x00002f90       0xb8 ./Dave/Generated/INTERRUPT/interrupt.o
 .debug_frame   0x00003048      0x190 ./Dave/Generated/GLOBAL_BCCU/global_bccu.o
 .debug_frame   0x000031d8       0x70 ./Dave/Generated/GLOBAL_ADC/global_adc.o
 .debug_frame   0x00003248      0x74c ./Dave/Generated/E_EEPROM_XMC1/e_eeprom_xmc1.o
 .debug_frame   0x00003994      0x314 ./Dave/Generated/DIM_BCCU/dim_bccu.o
 .debug_frame   0x00003ca8       0x50 ./Dave/Generated/DIGITAL_IO/digital_io.o
 .debug_frame   0x00003cf8       0x2c ./Dave/Generated/CPU_CTRL_XMC1/cpu_ctrl_xmc1_conf.o
 .debug_frame   0x00003d24       0x70 ./Dave/Generated/CLOCK_XMC1/clock_xmc1.o
 .debug_frame   0x00003d94       0x34 ./Dave/Generated/CLOCK_XMC1/clock_xmc1_conf.o
 .debug_frame   0x00003dc8      0x450 ./Dave/Generated/ADC_MEASUREMENT_ADV/adc_measurement_adv.o
 .debug_frame   0x00004218       0x2c ./Dave/Generated/ADC_MEASUREMENT_ADV/adc_measurement_adv_conf.o
 .debug_frame   0x00004244       0x34 ./Dave/Generated/DAVE.o
 .debug_frame   0x00004278      0x184 ./main.o
 .debug_frame   0x000043fc       0x2c c:/davev4-64bit/dave-4.3.2/eclipse/arm-gcc-49/bin/../lib/gcc/arm-none-eabi/4.9.3/../../../../arm-none-eabi/lib/armv6-m\libg_nano.a(lib_a-init.o)

.debug_str      0x00000000     0xbdc4
 *(.debug_str)
 .debug_str     0x00000000     0x2f2f ./samuel/samuel_io.o
                               0x306b (size before relaxing)
 .debug_str     0x00002f2f      0x112 ./Startup/system_XMC1300.o
                                0x2f2 (size before relaxing)
 .debug_str     0x00003041      0x40c ./Libraries/XMCLib/src/xmc1_flash.o
                                0x604 (size before relaxing)
 .debug_str     0x0000344d       0x4e ./Libraries/XMCLib/src/xmc1_gpio.o
                                0x7ac (size before relaxing)
 .debug_str     0x0000349b      0x92e ./Libraries/XMCLib/src/xmc1_scu.o
                                0xc0e (size before relaxing)
 .debug_str     0x00003dc9      0x907 ./Libraries/XMCLib/src/xmc_bccu.o
                               0x10c7 (size before relaxing)
 .debug_str     0x000046d0       0x50 ./Libraries/XMCLib/src/xmc_gpio.o
                                0x6fa (size before relaxing)
 .debug_str     0x00004720      0x694 ./Libraries/XMCLib/src/xmc_math.o
                                0x8b2 (size before relaxing)
 .debug_str     0x00004db4      0x671 ./Libraries/XMCLib/src/xmc_uart.o
                                0xa88 (size before relaxing)
 .debug_str     0x00005425      0x753 ./Libraries/XMCLib/src/xmc_usic.o
                                0xe07 (size before relaxing)
 .debug_str     0x00005b78     0x21a4 ./Libraries/XMCLib/src/xmc_vadc.o
                               0x2c51 (size before relaxing)
 .debug_str     0x00007d1c       0x6f ./Libraries/Newlib/syscalls.o
                                0x1f1 (size before relaxing)
 .debug_str     0x00007d8b      0x845 ./Dave/Generated/UART/uart.o
                               0x1cb4 (size before relaxing)
 .debug_str     0x000085d0      0x3c6 ./Dave/Generated/UART/uart_conf.o
                               0x15ba (size before relaxing)
 .debug_str     0x00008996      0x37c ./Dave/Generated/SYSTIMER/systimer.o
                                0x827 (size before relaxing)
 .debug_str     0x00008d12       0x36 ./Dave/Generated/SYSTIMER/systimer_conf.o
                                0x1d8 (size before relaxing)
 .debug_str     0x00008d48      0x20c ./Dave/Generated/PDM_DIMMED_LED_LAMP/pdm_dimmed_led_lamp.o
                               0x12ff (size before relaxing)
 .debug_str     0x00008f54       0x5e ./Dave/Generated/PDM_DIMMED_LED_LAMP/pdm_dimmed_led_lamp_conf.o
                               0x1124 (size before relaxing)
 .debug_str     0x00008fb2      0x219 ./Dave/Generated/PDM_BCCU/pdm_bccu.o
                               0x1011 (size before relaxing)
 .debug_str     0x000091cb       0xdd ./Dave/Generated/PDM_BCCU/pdm_bccu_conf.o
                                0xe87 (size before relaxing)
 .debug_str     0x000092a8       0xc2 ./Dave/Generated/INTERRUPT/interrupt.o
                                0x567 (size before relaxing)
 .debug_str     0x0000936a       0x45 ./Dave/Generated/INTERRUPT/interrupt_conf.o
                                0x3ec (size before relaxing)
 .debug_str     0x000093af      0x30c ./Dave/Generated/GLOBAL_BCCU/global_bccu.o
                                0x829 (size before relaxing)
 .debug_str     0x000096bb       0x31 ./Dave/Generated/GLOBAL_BCCU/global_bccu_conf.o
                                0x59e (size before relaxing)
 .debug_str     0x000096ec      0x1c0 ./Dave/Generated/GLOBAL_ADC/global_adc.o
                                0xae7 (size before relaxing)
 .debug_str     0x000098ac      0x1d9 ./Dave/Generated/GLOBAL_ADC/global_adc_conf.o
                                0xb48 (size before relaxing)
 .debug_str     0x00009a85      0xe4c ./Dave/Generated/E_EEPROM_XMC1/e_eeprom_xmc1.o
                               0x1482 (size before relaxing)
 .debug_str     0x0000a8d1       0x63 ./Dave/Generated/E_EEPROM_XMC1/e_eeprom_xmc1_conf.o
                                0x621 (size before relaxing)
 .debug_str     0x0000a934      0x291 ./Dave/Generated/DIM_BCCU/dim_bccu.o
                                0x9c7 (size before relaxing)
 .debug_str     0x0000abc5       0x43 ./Dave/Generated/DIM_BCCU/dim_bccu_conf.o
                                0x6df (size before relaxing)
 .debug_str     0x0000ac08       0xa8 ./Dave/Generated/DIGITAL_IO/digital_io.o
                                0x8e6 (size before relaxing)
 .debug_str     0x0000acb0       0x5f ./Dave/Generated/DIGITAL_IO/digital_io_conf.o
                                0x866 (size before relaxing)
 .debug_str     0x0000ad0f       0x6f ./Dave/Generated/CPU_CTRL_XMC1/cpu_ctrl_xmc1_conf.o
                                0x201 (size before relaxing)
 .debug_str     0x0000ad7e      0x138 ./Dave/Generated/CLOCK_XMC1/clock_xmc1.o
                                0x351 (size before relaxing)
 .debug_str     0x0000aeb6       0x50 ./Dave/Generated/CLOCK_XMC1/clock_xmc1_conf.o
                                0x3ca (size before relaxing)
 .debug_str     0x0000af06      0x7f0 ./Dave/Generated/ADC_MEASUREMENT_ADV/adc_measurement_adv.o
                               0x2341 (size before relaxing)
 .debug_str     0x0000b6f6      0x541 ./Dave/Generated/ADC_MEASUREMENT_ADV/adc_measurement_adv_conf.o
                               0x1ad0 (size before relaxing)
 .debug_str     0x0000bc37       0x85 ./Dave/Generated/DAVE.o
                               0x2ae7 (size before relaxing)
 .debug_str     0x0000bcbc      0x108 ./main.o
                               0x23de (size before relaxing)

.debug_loc      0x00000000     0x712e
 *(.debug_loc)
 .debug_loc     0x00000000      0x9b8 ./samuel/samuel_io.o
 .debug_loc     0x000009b8       0xb0 ./Startup/system_XMC1300.o
 .debug_loc     0x00000a68      0x2b4 ./Libraries/XMCLib/src/xmc1_flash.o
 .debug_loc     0x00000d1c       0x70 ./Libraries/XMCLib/src/xmc1_gpio.o
 .debug_loc     0x00000d8c      0x6cc ./Libraries/XMCLib/src/xmc1_scu.o
 .debug_loc     0x00001458      0xa80 ./Libraries/XMCLib/src/xmc_bccu.o
 .debug_loc     0x00001ed8       0x70 ./Libraries/XMCLib/src/xmc_gpio.o
 .debug_loc     0x00001f48      0x5e8 ./Libraries/XMCLib/src/xmc_math.o
 .debug_loc     0x00002530      0x230 ./Libraries/XMCLib/src/xmc_uart.o
 .debug_loc     0x00002760      0x34a ./Libraries/XMCLib/src/xmc_usic.o
 .debug_loc     0x00002aaa     0x12f0 ./Libraries/XMCLib/src/xmc_vadc.o
 .debug_loc     0x00003d9a       0x64 ./Libraries/Newlib/syscalls.o
 .debug_loc     0x00003dfe      0x620 ./Dave/Generated/UART/uart.o
 .debug_loc     0x0000441e      0x200 ./Dave/Generated/UART/uart_conf.o
 .debug_loc     0x0000461e      0x368 ./Dave/Generated/SYSTIMER/systimer.o
 .debug_loc     0x00004986      0x230 ./Dave/Generated/PDM_DIMMED_LED_LAMP/pdm_dimmed_led_lamp.o
 .debug_loc     0x00004bb6      0x3b8 ./Dave/Generated/PDM_BCCU/pdm_bccu.o
 .debug_loc     0x00004f6e      0x118 ./Dave/Generated/INTERRUPT/interrupt.o
 .debug_loc     0x00005086      0x2a0 ./Dave/Generated/GLOBAL_BCCU/global_bccu.o
 .debug_loc     0x00005326       0xa8 ./Dave/Generated/GLOBAL_ADC/global_adc.o
 .debug_loc     0x000053ce      0xca4 ./Dave/Generated/E_EEPROM_XMC1/e_eeprom_xmc1.o
 .debug_loc     0x00006072      0x540 ./Dave/Generated/DIM_BCCU/dim_bccu.o
 .debug_loc     0x000065b2       0x70 ./Dave/Generated/DIGITAL_IO/digital_io.o
 .debug_loc     0x00006622       0x2c ./Dave/Generated/CPU_CTRL_XMC1/cpu_ctrl_xmc1_conf.o
 .debug_loc     0x0000664e       0xa8 ./Dave/Generated/CLOCK_XMC1/clock_xmc1.o
 .debug_loc     0x000066f6       0x38 ./Dave/Generated/CLOCK_XMC1/clock_xmc1_conf.o
 .debug_loc     0x0000672e      0x738 ./Dave/Generated/ADC_MEASUREMENT_ADV/adc_measurement_adv.o
 .debug_loc     0x00006e66       0x2c ./Dave/Generated/ADC_MEASUREMENT_ADV/adc_measurement_adv_conf.o
 .debug_loc     0x00006e92       0x38 ./Dave/Generated/DAVE.o
 .debug_loc     0x00006eca      0x264 ./main.o

.debug_macinfo
 *(.debug_macinfo)

.debug_ranges   0x00000000     0x11b8
 *(.debug_ranges)
 .debug_ranges  0x00000000      0x1b0 ./samuel/samuel_io.o
 .debug_ranges  0x000001b0       0x20 ./Startup/startup_XMC1300.o
 .debug_ranges  0x000001d0       0x28 ./Startup/system_XMC1300.o
 .debug_ranges  0x000001f8       0x70 ./Libraries/XMCLib/src/xmc1_flash.o
 .debug_ranges  0x00000268       0x18 ./Libraries/XMCLib/src/xmc1_gpio.o
 .debug_ranges  0x00000280      0x110 ./Libraries/XMCLib/src/xmc1_scu.o