Archive member included because of file (symbol)

c:/davev4-64bit/dave-4.3.2/eclipse/arm-gcc-49/bin/../lib/gcc/arm-none-eabi/4.9.3/../../../../arm-none-eabi/lib/armv6-m\libg_nano.a(lib_a-errno.o)
                              ./Libraries/Newlib/syscalls.o (__errno)
c:/davev4-64bit/dave-4.3.2/eclipse/arm-gcc-49/bin/../lib/gcc/arm-none-eabi/4.9.3/../../../../arm-none-eabi/lib/armv6-m\libg_nano.a(lib_a-impure.o)
                              c:/davev4-64bit/dave-4.3.2/eclipse/arm-gcc-49/bin/../lib/gcc/arm-none-eabi/4.9.3/../../../../arm-none-eabi/lib/armv6-m\libg_nano.a(lib_a-errno.o) (_impure_ptr)
c:/davev4-64bit/dave-4.3.2/eclipse/arm-gcc-49/bin/../lib/gcc/arm-none-eabi/4.9.3/../../../../arm-none-eabi/lib/armv6-m\libg_nano.a(lib_a-init.o)
                              ./Startup/startup_XMC1300.o (__libc_init_array)

Allocating common symbols
Common symbol       size              file

resultAalt          0x2               ./samuel/samuel_io.o
charcount           0x1               ./samuel/samuel_io.o
dimNorm2_Ww         0x2               ./samuel/samuel_io.o
node_id_neu         0x1               ./samuel/samuel_io.o
ReadBuffer3         0x20              ./samuel/samuel_io.o
linearwalk_ww1      0x2               ./samuel/samuel_io.o
Index               0x1               ./samuel/samuel_io.o
Hard_Vers           0x2               ./samuel/samuel_io.o
LED_WW_Vers         0x2               ./samuel/samuel_io.o
tester3             0x2               ./main.o
Reserve_2           0x2               ./samuel/samuel_io.o
resultC2            0x2               ./samuel/samuel_io.o
Farbe_ww2           0x2               ./samuel/samuel_io.o
Farbe_ww1           0x2               ./samuel/samuel_io.o
Mon_Vers            0x2               ./samuel/samuel_io.o
resultB2            0x2               ./samuel/samuel_io.o
Farbe_cw1           0x2               ./samuel/samuel_io.o
new_data            0x10              ./samuel/samuel_io.o
Dimm_Valu           0x1               ./samuel/samuel_io.o
framelength         0x1               ./samuel/samuel_io.o
neu_Ser_NrH         0x2               ./samuel/samuel_io.o
RegOnOff2           0x1               ./samuel/samuel_io.o
resultAalt2         0x2               ./samuel/samuel_io.o
Farbe_ww2_Quot      0x2               ./samuel/samuel_io.o
synclevel           0x1               ./samuel/samuel_io.o
resultD2            0x2               ./samuel/samuel_io.o
tester              0x4               ./main.o
ReadData            0x8               ./samuel/samuel_io.o
command             0x1               ./samuel/samuel_io.o
LED_CW_Vers         0x2               ./samuel/samuel_io.o
Ser_NrH             0x2               ./samuel/samuel_io.o
Farbe_ww1_Quot      0x2               ./samuel/samuel_io.o
led_grupp           0x2               ./samuel/samuel_io.o
node_id             0x1               ./samuel/samuel_io.o
g_timer_tbl         0x120             ./Dave/Generated/SYSTIMER/systimer.o
Dimm_Max_WW         0x2               ./samuel/samuel_io.o
val_Spannung_min    0x2               ./samuel/samuel_io.o
GEH_Vers            0x2               ./samuel/samuel_io.o
linearwalk_cw2      0x2               ./samuel/samuel_io.o
Dimm_Stufen         0x1               ./samuel/samuel_io.o
linearwalk_ww2      0x2               ./samuel/samuel_io.o
node_id_alt         0x1               ./samuel/samuel_io.o
ReadBuffer2         0x10              ./samuel/samuel_io.o
led_Strom           0x2               ./samuel/samuel_io.o
RegOnOff            0x1               ./samuel/samuel_io.o
val_Pow_Nom         0x2               ./samuel/samuel_io.o
Dstatus             0x1               ./main.o
command_nr          0x2               ./main.o
tester5             0x2               ./main.o
resultC             0x2               ./samuel/samuel_io.o
node_id_16bit       0x2               ./samuel/samuel_io.o
Dimm_Gamma          0x1               ./samuel/samuel_io.o
EEprom_status       0x1               ./samuel/samuel_io.o
E_EEPROM_XMC1_data  0x190             ./Dave/Generated/E_EEPROM_XMC1/e_eeprom_xmc1_conf.o
dimOff_Cw           0x2               ./samuel/samuel_io.o
eeprom_data         0x20              ./samuel/samuel_io.o
resultBalt2         0x2               ./samuel/samuel_io.o
Dimm_StufenGR       0x1               ./samuel/samuel_io.o
Dimm_Max_CW         0x2               ./samuel/samuel_io.o
ReadBuffer1         0x10              ./samuel/samuel_io.o
Farbe_wwcw_Quot_gen
                    0x2               ./samuel/samuel_io.o
resultBalt          0x2               ./samuel/samuel_io.o
dimNorm1_Ww         0x2               ./samuel/samuel_io.o
Farbe_cw2_Quot      0x2               ./samuel/samuel_io.o
Ser_NrL             0x2               ./samuel/samuel_io.o
Smooth_Value        0x2               ./samuel/samuel_io.o
tester4             0x2               ./main.o
dimAkt_Ww           0x2               ./samuel/samuel_io.o
resultDCalt2        0x2               ./samuel/samuel_io.o
[...]
Memory Configuration

Name             Origin             Length             Attributes
FLASH            0x10001000         0x0000fa00         xr
SRAM             0x20000000         0x00004000         !xr
*default*        0x00000000         0xffffffff

Linker script and memory map

LOAD ./samuel/arbeit.o
LOAD ./samuel/samuel_io.o
LOAD ./Startup/startup_XMC1300.o
LOAD ./Startup/system_XMC1300.o
LOAD ./Libraries/XMCLib/src/xmc1_eru.o
LOAD ./Libraries/XMCLib/src/xmc1_flash.o
LOAD ./Libraries/XMCLib/src/xmc1_gpio.o
LOAD ./Libraries/XMCLib/src/xmc1_rtc.o
LOAD ./Libraries/XMCLib/src/xmc1_scu.o
LOAD ./Libraries/XMCLib/src/xmc_acmp.o
LOAD ./Libraries/XMCLib/src/xmc_bccu.o
LOAD ./Libraries/XMCLib/src/xmc_can.o
LOAD ./Libraries/XMCLib/src/xmc_ccu4.o
LOAD ./Libraries/XMCLib/src/xmc_ccu8.o
LOAD ./Libraries/XMCLib/src/xmc_common.o
LOAD ./Libraries/XMCLib/src/xmc_eru.o
LOAD ./Libraries/XMCLib/src/xmc_gpio.o
LOAD ./Libraries/XMCLib/src/xmc_i2c.o
LOAD ./Libraries/XMCLib/src/xmc_i2s.o
LOAD ./Libraries/XMCLib/src/xmc_ledts.o
LOAD ./Libraries/XMCLib/src/xmc_math.o
LOAD ./Libraries/XMCLib/src/xmc_pau.o
LOAD ./Libraries/XMCLib/src/xmc_posif.o
LOAD ./Libraries/XMCLib/src/xmc_prng.o
LOAD ./Libraries/XMCLib/src/xmc_rtc.o
LOAD ./Libraries/XMCLib/src/xmc_spi.o
LOAD ./Libraries/XMCLib/src/xmc_uart.o
LOAD ./Libraries/XMCLib/src/xmc_usic.o
LOAD ./Libraries/XMCLib/src/xmc_vadc.o
LOAD ./Libraries/XMCLib/src/xmc_wdt.o
LOAD ./Libraries/Newlib/syscalls.o
LOAD ./Dave/Generated/UART/uart.o
LOAD ./Dave/Generated/UART/uart_conf.o
LOAD ./Dave/Generated/SYSTIMER/systimer.o
LOAD ./Dave/Generated/SYSTIMER/systimer_conf.o
LOAD ./Dave/Generated/PDM_DIMMED_LED_LAMP/pdm_dimmed_led_lamp.o
LOAD ./Dave/Generated/PDM_DIMMED_LED_LAMP/pdm_dimmed_led_lamp_conf.o
LOAD ./Dave/Generated/PDM_BCCU/pdm_bccu.o
LOAD ./Dave/Generated/PDM_BCCU/pdm_bccu_conf.o
LOAD ./Dave/Generated/INTERRUPT/interrupt.o
LOAD ./Dave/Generated/INTERRUPT/interrupt_conf.o
LOAD ./Dave/Generated/GLOBAL_BCCU/global_bccu.o
LOAD ./Dave/Generated/GLOBAL_BCCU/global_bccu_conf.o
LOAD ./Dave/Generated/GLOBAL_ADC/global_adc.o
LOAD ./Dave/Generated/GLOBAL_ADC/global_adc_conf.o
LOAD ./Dave/Generated/E_EEPROM_XMC1/e_eeprom_xmc1.o
LOAD ./Dave/Generated/E_EEPROM_XMC1/e_eeprom_xmc1_conf.o
LOAD ./Dave/Generated/DIM_BCCU/dim_bccu.o
LOAD ./Dave/Generated/DIM_BCCU/dim_bccu_conf.o
LOAD ./Dave/Generated/DIGITAL_IO/digital_io.o
LOAD ./Dave/Generated/DIGITAL_IO/digital_io_conf.o
LOAD ./Dave/Generated/CPU_CTRL_XMC1/cpu_ctrl_xmc1.o
LOAD ./Dave/Generated/CPU_CTRL_XMC1/cpu_ctrl_xmc1_conf.o
LOAD ./Dave/Generated/CLOCK_XMC1/clock_xmc1.o
LOAD ./Dave/Generated/CLOCK_XMC1/clock_xmc1_conf.o
LOAD ./Dave/Generated/ADC_MEASUREMENT_ADV/adc_measurement_adv.o
LOAD ./Dave/Generated/ADC_MEASUREMENT_ADV/adc_measurement_adv_conf.o
LOAD ./Dave/Generated/DAVE.o
LOAD ./main.o
LOAD c:/davev4-64bit/dave-4.3.2/eclipse/arm-gcc-49/bin/../lib/gcc/arm-none-eabi/4.9.3/../../../../arm-none-eabi/lib/armv6-m\libm.a
START GROUP
LOAD c:/davev4-64bit/dave-4.3.2/eclipse/arm-gcc-49/bin/../lib/gcc/arm-none-eabi/4.9.3/armv6-m\libgcc.a
LOAD c:/davev4-64bit/dave-4.3.2/eclipse/arm-gcc-49/bin/../lib/gcc/arm-none-eabi/4.9.3/../../../../arm-none-eabi/lib/armv6-m\libg_nano.a
LOAD c:/davev4-64bit/dave-4.3.2/eclipse/arm-gcc-49/bin/../lib/gcc/arm-none-eabi/4.9.3/../../../../arm-none-eabi/lib/armv6-m\libc_nano.a
END GROUP
START GROUP
LOAD c:/davev4-64bit/dave-4.3.2/eclipse/arm-gcc-49/bin/../lib/gcc/arm-none-eabi/4.9.3/armv6-m\libgcc.a
LOAD c:/davev4-64bit/dave-4.3.2/eclipse/arm-gcc-49/bin/../lib/gcc/arm-none-eabi/4.9.3/../../../../arm-none-eabi/lib/armv6-m\libc_nano.a
LOAD c:/davev4-64bit/dave-4.3.2/eclipse/arm-gcc-49/bin/../lib/gcc/arm-none-eabi/4.9.3/../../../../arm-none-eabi/lib/armv6-m\libnosys.a
END GROUP
START GROUP
LOAD c:/davev4-64bit/dave-4.3.2/eclipse/arm-gcc-49/bin/../lib/gcc/arm-none-eabi/4.9.3/armv6-m\libgcc.a
LOAD c:/davev4-64bit/dave-4.3.2/eclipse/arm-gcc-49/bin/../lib/gcc/arm-none-eabi/4.9.3/../../../../arm-none-eabi/lib/armv6-m\libc_nano.a
LOAD c:/davev4-64bit/dave-4.3.2/eclipse/arm-gcc-49/bin/../lib/gcc/arm-none-eabi/4.9.3/../../../../arm-none-eabi/lib/armv6-m\libnosys.a
END GROUP
                0x00000400                stack_size = DEFINED (stack_size)?stack_size:0x400
                0x00000004                no_init_size = 0x4

.text           0x10001000     0x88e0
                0x10001000                sText = .
 *(.reset)
 .reset         0x10001000       0x9c ./Startup/startup_XMC1300.o
                0x10001000                __Vectors
                0x10001018                Reset_Handler
                0x10001098                POSIF0_0_IRQHandler
                0x10001098                HardFault_Handler
                0x10001098                VADC0_G1_1_IRQHandler
                0x10001098                PendSV_Handler
                0x10001098                CCU40_2_IRQHandler
                0x10001098                USIC0_5_IRQHandler
                0x10001098                CCU80_1_IRQHandler
                0x10001098                USIC0_0_IRQHandler
                0x10001098                ERU0_2_IRQHandler
                0x10001098                BCCU0_0_IRQHandler
                0x10001098                ERU0_3_IRQHandler
                0x10001098                ERU0_0_IRQHandler
                0x10001098                VADC0_G0_1_IRQHandler
                0x10001098                CCU40_0_IRQHandler
                0x10001098                POSIF0_1_IRQHandler
                0x10001098                VADC0_G0_0_IRQHandler
                0x10001098                MATH0_0_IRQHandler
                0x10001098                VADC0_C0_1_IRQHandler
                0x10001098                SVC_Handler
                0x10001098                VADC0_G1_0_IRQHandler
                0x10001098                CCU80_0_IRQHandler
                0x10001098                CCU40_1_IRQHandler
                0x10001098                SCU_2_IRQHandler
                0x10001098                CCU40_3_IRQHandler
                0x10001098                SCU_1_IRQHandler
                0x10001098                ERU0_1_IRQHandler
                0x10001098                Default_handler
 *(.text .text.* .gnu.linkonce.t.*)
 .text.XMC_GPIO_SetOutputHigh
                0x1000109c       0x20 ./samuel/samuel_io.o
 .text.XMC_GPIO_SetOutputLow
                0x100010bc       0x24 ./samuel/samuel_io.o
 .text.DIGITAL_IO_SetOutputHigh
                0x100010e0       0x20 ./samuel/samuel_io.o
 .text.DIGITAL_IO_SetOutputLow
                0x10001100       0x20 ./samuel/samuel_io.o
 .text.LED_Toggle_EverySec
                0x10001120       0x14 ./samuel/samuel_io.o
                0x10001120                LED_Toggle_EverySec
 .text.lightprog01
                0x10001134      0x1d4 ./samuel/samuel_io.o
                0x10001134                lightprog01
 .text.SCU_0_IRQHandler
                0x10001308        0x8 ./samuel/samuel_io.o
                0x10001308                SCU_0_IRQHandler
 .text.new_data_fill
                0x10001310       0x58 ./samuel/samuel_io.o
                0x10001310                new_data_fill
 .text.new_data_BroadcastBack
                0x10001368       0x80 ./samuel/samuel_io.o
                0x10001368                new_data_BroadcastBack
 .text.new_data_analog1Back
                0x100013e8       0x80 ./samuel/samuel_io.o
                0x100013e8                new_data_analog1Back
 .text.new_data_analog2Back
                0x10001468       0x80 ./samuel/samuel_io.o
                0x10001468                new_data_analog2Back
 .text.new_data_aktLichtBack
                0x100014e8       0x80 ./samuel/samuel_io.o
                0x100014e8                new_data_aktLichtBack
 .text.new_data_offLichtBack
                0x10001568       0x98 ./samuel/samuel_io.o
                0x10001568                new_data_offLichtBack
 .text.new_data_Bright_Color_Back
                0x10001600       0x80 ./samuel/samuel_io.o
                0x10001600                new_data_Bright_Color_Back
 .text.new_data_Quot_Walk_Back
                0x10001680       0x80 ./samuel/samuel_io.o
                0x10001680                new_data_Quot_Walk_Back
 .text.new_data_HalloBack
                0x10001700       0x60 ./samuel/samuel_io.o
                0x10001700                new_data_HalloBack
 .text.new_data_neuNodeIdBack
                0x10001760       0x8c ./samuel/samuel_io.o
                0x10001760                new_data_neuNodeIdBack
 .text.new_data_neuSerNrBack
                0x100017ec       0xb8 ./samuel/samuel_io.o
                0x100017ec                new_data_neuSerNrBack
 .text.new_data_NodeIdBack
                0x100018a4       0x94 ./samuel/samuel_io.o
                0x100018a4                new_data_NodeIdBack
 .text.new_data_SerNrBack
                0x10001938       0x80 ./samuel/samuel_io.o
                0x10001938                new_data_SerNrBack
 .text.new_data_readbuff2Back
                0x100019b8       0xd4 ./samuel/samuel_io.o
                0x100019b8                new_data_readbuff2Back
 .text.clearEpromBuffer
                0x10001a8c       0x90 ./samuel/samuel_io.o
                0x10001a8c                clearEpromBuffer
 .text.readSerNrEEprom
                0x10001b1c       0x50 ./samuel/samuel_io.o
                0x10001b1c                readSerNrEEprom
 .text.readNodeIdEEprom
                0x10001b6c       0x50 ./samuel/samuel_io.o
                0x10001b6c                readNodeIdEEprom
 .text.read_akt_light_EEprom
                0x10001bbc       0x50 ./samuel/samuel_io.o
                0x10001bbc                read_akt_light_EEprom
 .text.read_off_light_EEprom
                0x10001c0c       0x50 ./samuel/samuel_io.o
                0x10001c0c                read_off_light_EEprom
 .text.writeSernr_B1_EEprom
                0x10001c5c       0x6c ./samuel/samuel_io.o
                0x10001c5c                writeSernr_B1_EEprom
 .text.writeNodeid_B2_EEprom
                0x10001cc8       0x6c ./samuel/samuel_io.o
                0x10001cc8                writeNodeid_B2_EEprom
 .text.writeLamp_data_B3_EEprom
                0x10001d34       0x6c ./samuel/samuel_io.o
                0x10001d34                writeLamp_data_B3_EEprom
 .text.writeakt_light_data_B4_EEprom
                0x10001da0       0x6c ./samuel/samuel_io.o
                0x10001da0                writeakt_light_data_B4_EEprom
 .text.writeOff_light_B5_EEprom
                0x10001e0c       0x6c ./samuel/samuel_io.o
                0x10001e0c                writeOff_light_B5_EEprom
 .text.sysiniValueB1
                0x10001e78       0x80 ./samuel/samuel_io.o
                0x10001e78                sysiniValueB1
 .text.sysiniValueB2
                0x10001ef8       0x7c ./samuel/samuel_io.o
                0x10001ef8                sysiniValueB2
 .text.sysiniValueB4
                0x10001f74       0xe8 ./samuel/samuel_io.o
                0x10001f74                sysiniValueB4
 .text.sysiniValueB5
                0x1000205c       0x70 ./samuel/samuel_io.o
                0x1000205c                sysiniValueB5
 .text.bcuInit  0x100020cc       0x98 ./samuel/samuel_io.o
                0x100020cc                bcuInit
 .text.bcuUebergabe
                0x10002164       0xb8 ./samuel/samuel_io.o
                0x10002164                bcuUebergabe
 .text.bcuAktBerechnung
                0x1000221c       0xd4 ./samuel/samuel_io.o
                0x1000221c                bcuAktBerechnung
 .text.bcuColorBerechnung
                0x100022f0       0x94 ./samuel/samuel_io.o
                0x100022f0                bcuColorBerechnung
 .text.Offlight_zahler_write
                0x10002384      0x110 ./samuel/samuel_io.o
                0x10002384                Offlight_zahler_write
 .text.plus39V_stop
                0x10002494        0x8 ./samuel/samuel_io.o
                0x10002494                plus39V_stop
 .text.plus39V_start
                0x1000249c        0x8 ./samuel/samuel_io.o
                0x1000249c                plus39V_start
 .text.Time1msec
                0x100024a4       0x14 ./samuel/samuel_io.o
                0x100024a4                Time1msec
 .text.Time20msec
                0x100024b8      0x110 ./samuel/samuel_io.o
                0x100024b8                Time20msec
 .text.firstuartBack
                0x100025c8       0x7c ./samuel/samuel_io.o
                0x100025c8                firstuartBack
 .text.SystemInit
                0x10002644       0x10 ./Startup/system_XMC1300.o
                0x10002644                SystemInit
 .text.SystemCoreClockUpdate
                0x10002654       0x68 ./Startup/system_XMC1300.o
                0x10002654                SystemCoreClockUpdate
 .text.XMC_FLASH_IsBusy
                0x100026bc       0x1c ./Libraries/XMCLib/src/xmc1_flash.o
 .text.XMC_FLASH_ClearStatus
                0x100026d8       0x20 ./Libraries/XMCLib/src/xmc1_flash.o
                0x100026d8                XMC_FLASH_ClearStatus
 .text.XMC_FLASH_GetStatus
                0x100026f8       0x14 ./Libraries/XMCLib/src/xmc1_flash.o
                0x100026f8                XMC_FLASH_GetStatus
 .text.XMC_FLASH_ProgramVerifyPage
                0x1000270c       0x20 ./Libraries/XMCLib/src/xmc1_flash.o
                0x1000270c                XMC_FLASH_ProgramVerifyPage
 .text.XMC_FLASH_WriteBlocks
                0x1000272c       0xbc ./Libraries/XMCLib/src/xmc1_flash.o
                0x1000272c                XMC_FLASH_WriteBlocks
 .text.XMC_FLASH_ErasePages
                0x100027e8       0x44 ./Libraries/XMCLib/src/xmc1_flash.o
                0x100027e8                XMC_FLASH_ErasePages
 .text.XMC_FLASH_ReadBlocks
                0x1000282c       0x4c ./Libraries/XMCLib/src/xmc1_flash.o
                0x1000282c                XMC_FLASH_ReadBlocks
 .text.XMC_FLASH_ProgramPage
                0x10002878       0x1c ./Libraries/XMCLib/src/xmc1_flash.o
                0x10002878                XMC_FLASH_ProgramPage
 .text.XMC_GPIO_Init
                0x10002894      0x170 ./Libraries/XMCLib/src/xmc1_gpio.o
                0x10002894                XMC_GPIO_Init
 .text.XMC_SCU_LockProtectedBits
                0x10002a04       0x14 ./Libraries/XMCLib/src/xmc1_scu.o
                0x10002a04                XMC_SCU_LockProtectedBits
 .text.XMC_SCU_UnlockProtectedBits
                0x10002a18       0x20 ./Libraries/XMCLib/src/xmc1_scu.o
                0x10002a18                XMC_SCU_UnlockProtectedBits
 .text.XMC_SCU_CLOCK_Init
                0x10002a38       0x48 ./Libraries/XMCLib/src/xmc1_scu.o
                0x10002a38                XMC_SCU_CLOCK_Init
 .text.XMC_SCU_CLOCK_UngatePeripheralClock
                0x10002a80       0x3c ./Libraries/XMCLib/src/xmc1_scu.o
                0x10002a80                XMC_SCU_CLOCK_UngatePeripheralClock
 .text.XMC_SCU_CLOCK_IsPeripheralClockGated
                0x10002abc       0x28 ./Libraries/XMCLib/src/xmc1_scu.o
                0x10002abc                XMC_SCU_CLOCK_IsPeripheralClockGated
 .text.XMC_SCU_CLOCK_ScaleMCLKFrequency
                0x10002ae4       0xa4 ./Libraries/XMCLib/src/xmc1_scu.o
                0x10002ae4                XMC_SCU_CLOCK_ScaleMCLKFrequency
 .text.XMC_SCU_CLOCK_lFrequencyUpScaling
                0x10002b88       0x54 ./Libraries/XMCLib/src/xmc1_scu.o
 .text.XMC_SCU_CLOCK_lFrequencyDownScaling
                0x10002bdc       0x5c ./Libraries/XMCLib/src/xmc1_scu.o
 .text.XMC_SCU_CLOCK_GetPeripheralClockFrequency
                0x10002c38       0x14 ./Libraries/XMCLib/src/xmc1_scu.o
                0x10002c38                XMC_SCU_CLOCK_GetPeripheralClockFrequency
 .text.XMC_BCCU_GlobalInit
                0x10002c4c       0x30 ./Libraries/XMCLib/src/xmc_bccu.o
                0x10002c4c                XMC_BCCU_GlobalInit
 .text.XMC_BCCU_SelectTrapInput
                0x10002c7c       0x34 ./Libraries/XMCLib/src/xmc_bccu.o
                0x10002c7c                XMC_BCCU_SelectTrapInput
 .text.XMC_BCCU_SetTrapEdge
                0x10002cb0       0x34 ./Libraries/XMCLib/src/xmc_bccu.o
                0x10002cb0                XMC_BCCU_SetTrapEdge
 .text.XMC_BCCU_SetDimClockPrescaler
                0x10002ce4       0x30 ./Libraries/XMCLib/src/xmc_bccu.o
                0x10002ce4                XMC_BCCU_SetDimClockPrescaler
 .text.XMC_BCCU_ConcurrentStartLinearWalk
                0x10002d14       0x1c ./Libraries/XMCLib/src/xmc_bccu.o
                0x10002d14                XMC_BCCU_ConcurrentStartLinearWalk
 .text.XMC_BCCU_EnableChannel
                0x10002d30       0x24 ./Libraries/XMCLib/src/xmc_bccu.o
                0x10002d30                XMC_BCCU_EnableChannel
 .text.XMC_BCCU_SetOutputPassiveLevel
                0x10002d54       0x28 ./Libraries/XMCLib/src/xmc_bccu.o
                0x10002d54                XMC_BCCU_SetOutputPassiveLevel
 .text.XMC_BCCU_EnableTrap
                0x10002d7c       0x24 ./Libraries/XMCLib/src/xmc_bccu.o
                0x10002d7c                XMC_BCCU_EnableTrap
 .text.XMC_BCCU_EnableChannelTrigger
                0x10002da0       0x50 ./Libraries/XMCLib/src/xmc_bccu.o
                0x10002da0                XMC_BCCU_EnableChannelTrigger
 .text.XMC_BCCU_CH_Init
                0x10002df0       0x28 ./Libraries/XMCLib/src/xmc_bccu.o
                0x10002df0                XMC_BCCU_CH_Init
 .text.XMC_BCCU_CH_ConfigTrigger
                0x10002e18       0x48 ./Libraries/XMCLib/src/xmc_bccu.o
                0x10002e18                XMC_BCCU_CH_ConfigTrigger
 .text.XMC_BCCU_CH_SetLinearWalkPrescaler
                0x10002e60       0x30 ./Libraries/XMCLib/src/xmc_bccu.o
                0x10002e60                XMC_BCCU_CH_SetLinearWalkPrescaler
 .text.XMC_BCCU_CH_SetTargetIntensity
                0x10002e90       0x18 ./Libraries/XMCLib/src/xmc_bccu.o
                0x10002e90                XMC_BCCU_CH_SetTargetIntensity
 .text.XMC_BCCU_DIM_Init
                0x10002ea8       0x18 ./Libraries/XMCLib/src/xmc_bccu.o
                0x10002ea8                XMC_BCCU_DIM_Init
 .text.XMC_BCCU_DIM_SetTargetDimmingLevel
                0x10002ec0       0x18 ./Libraries/XMCLib/src/xmc_bccu.o
                0x10002ec0                XMC_BCCU_DIM_SetTargetDimmingLevel
 .text.XMC_BCCU_DIM_SetDimDivider
                0x10002ed8       0x28 ./Libraries/XMCLib/src/xmc_bccu.o
                0x10002ed8                XMC_BCCU_DIM_SetDimDivider
 .text.XMC_GPIO_SetHardwareControl
                0x10002f00       0x4c ./Libraries/XMCLib/src/xmc_gpio.o
                0x10002f00                XMC_GPIO_SetHardwareControl
 .text.__aeabi_uidiv
                0x10002f4c       0x2c ./Libraries/XMCLib/src/xmc_math.o
                0x10002f4c                __aeabi_uidiv
 .text.XMC_USIC_CH_GetTransmitBufferStatus
                0x10002f78       0x1c ./Libraries/XMCLib/src/xmc_uart.o
 .text.XMC_UART_CH_ClearStatusFlag
                0x10002f94       0x18 ./Libraries/XMCLib/src/xmc_uart.o
 .text.XMC_UART_CH_Init
                0x10002fac       0xb0 ./Libraries/XMCLib/src/xmc_uart.o
                0x10002fac                XMC_UART_CH_Init
 .text.XMC_UART_CH_Transmit
                0x1000305c       0x5c ./Libraries/XMCLib/src/xmc_uart.o
                0x1000305c                XMC_UART_CH_Transmit
 .text.XMC_UART_CH_GetReceivedData
                0x100030b8       0x40 ./Libraries/XMCLib/src/xmc_uart.o
                0x100030b8                XMC_UART_CH_GetReceivedData
 .text.XMC_USIC_CH_Enable
                0x100030f8       0x50 ./Libraries/XMCLib/src/xmc_usic.o
                0x100030f8                XMC_USIC_CH_Enable
 .text.XMC_USIC_CH_SetBaudrate
                0x10003148       0xec ./Libraries/XMCLib/src/xmc_usic.o
                0x10003148                XMC_USIC_CH_SetBaudrate
 .text.XMC_USIC_CH_TXFIFO_Configure
                0x10003234       0x5c ./Libraries/XMCLib/src/xmc_usic.o
                0x10003234                XMC_USIC_CH_TXFIFO_Configure
 .text.XMC_USIC_CH_RXFIFO_Configure
                0x10003290       0x64 ./Libraries/XMCLib/src/xmc_usic.o
                0x10003290                XMC_USIC_CH_RXFIFO_Configure
 .text.XMC_USIC_CH_RXFIFO_SetSizeTriggerLimit
                0x100032f4       0x5c ./Libraries/XMCLib/src/xmc_usic.o
                0x100032f4                XMC_USIC_CH_RXFIFO_SetSizeTriggerLimit
 .text.XMC_USIC_CH_SetInterruptNodePointer
                0x10003350       0x40 ./Libraries/XMCLib/src/xmc_usic.o
                0x10003350                XMC_USIC_CH_SetInterruptNodePointer
 .text.XMC_USIC_CH_TXFIFO_SetInterruptNodePointer
                0x10003390       0x48 ./Libraries/XMCLib/src/xmc_usic.o
                0x10003390                XMC_USIC_CH_TXFIFO_SetInterruptNodePointer
 .text.XMC_USIC_CH_RXFIFO_SetInterruptNodePointer
                0x100033d8       0x48 ./Libraries/XMCLib/src/xmc_usic.o
                0x100033d8                XMC_USIC_CH_RXFIFO_SetInterruptNodePointer
 .text.XMC_USIC_Enable
                0x10003420       0x20 ./Libraries/XMCLib/src/xmc_usic.o
                0x10003420                XMC_USIC_Enable
 .text.XMC_VADC_GROUP_ExternalMuxControlInit
                0x10003440       0x90 ./Libraries/XMCLib/src/xmc_vadc.o
 .text.XMC_VADC_GROUP_QueueEnableArbitrationSlot
                0x100034d0       0x20 ./Libraries/XMCLib/src/xmc_vadc.o
 .text.XMC_VADC_GROUP_QueueDisableArbitrationSlot
                0x100034f0       0x24 ./Libraries/XMCLib/src/xmc_vadc.o
 .text.XMC_VADC_GLOBAL_EnableModule
                0x10003514       0x18 ./Libraries/XMCLib/src/xmc_vadc.o
                0x10003514                XMC_VADC_GLOBAL_EnableModule
 .text.XMC_VADC_GLOBAL_Init
                0x1000352c       0x58 ./Libraries/XMCLib/src/xmc_vadc.o
                0x1000352c                XMC_VADC_GLOBAL_Init
 .text.XMC_VADC_GLOBAL_StartupCalibration
                0x10003584       0x74 ./Libraries/XMCLib/src/xmc_vadc.o
                0x10003584                XMC_VADC_GLOBAL_StartupCalibration
 .text.XMC_VADC_GROUP_Init
                0x100035f8       0x7c ./Libraries/XMCLib/src/xmc_vadc.o
                0x100035f8                XMC_VADC_GROUP_Init
 .text.XMC_VADC_GROUP_InputClassInit
                0x10003674       0xd4 ./Libraries/XMCLib/src/xmc_vadc.o
                0x10003674                XMC_VADC_GROUP_InputClassInit
 .text.XMC_VADC_GROUP_SetPowerMode
                0x10003748       0x38 ./Libraries/XMCLib/src/xmc_vadc.o
                0x10003748                XMC_VADC_GROUP_SetPowerMode
 .text.XMC_VADC_GROUP_SetSyncSlave
                0x10003780       0x40 ./Libraries/XMCLib/src/xmc_vadc.o
                0x10003780                XMC_VADC_GROUP_SetSyncSlave
 .text.XMC_VADC_GROUP_SetSyncMaster
                0x100037c0       0x28 ./Libraries/XMCLib/src/xmc_vadc.o
                0x100037c0                XMC_VADC_GROUP_SetSyncMaster
 .text.XMC_VADC_GROUP_CheckSlaveReadiness
                0x100037e8       0x20 ./Libraries/XMCLib/src/xmc_vadc.o
                0x100037e8                XMC_VADC_GROUP_CheckSlaveReadiness
 .text.XMC_VADC_GLOBAL_SHS_EnableAcceleratedMode
                0x10003808       0x48 ./Libraries/XMCLib/src/xmc_vadc.o
                0x10003808                XMC_VADC_GLOBAL_SHS_EnableAcceleratedMode
 .text.XMC_VADC_GROUP_QueueInit
                0x10003850       0xb0 ./Libraries/XMCLib/src/xmc_vadc.o
                0x10003850                XMC_VADC_GROUP_QueueInit
 .text.XMC_VADC_GROUP_QueueSetReqSrcEventInterruptNode
                0x10003900       0x3c ./Libraries/XMCLib/src/xmc_vadc.o
                0x10003900                XMC_VADC_GROUP_QueueSetReqSrcEventInterruptNode
 .text.XMC_VADC_GROUP_ChannelInit
                0x1000393c       0xdc ./Libraries/XMCLib/src/xmc_vadc.o
                0x1000393c                XMC_VADC_GROUP_ChannelInit
 .text.XMC_VADC_GROUP_SetResultInterruptNode
                0x10003a18       0x98 ./Libraries/XMCLib/src/xmc_vadc.o
                0x10003a18                XMC_VADC_GROUP_SetResultInterruptNode
 .text._init    0x10003ab0        0x8 ./Libraries/Newlib/syscalls.o
                0x10003ab0                _init
 .text.XMC_USIC_CH_EnableEvent
                0x10003ab8       0x1c ./Dave/Generated/UART/uart.o
 .text.XMC_USIC_CH_DisableEvent
                0x10003ad4       0x20 ./Dave/Generated/UART/uart.o
 .text.XMC_USIC_CH_GetTransmitBufferStatus
                0x10003af4       0x1c ./Dave/Generated/UART/uart.o
 .text.XMC_USIC_CH_TriggerServiceRequest
                0x10003b10       0x1c ./Dave/Generated/UART/uart.o
 .text.XMC_USIC_CH_TXFIFO_EnableEvent
                0x10003b2c       0x28 ./Dave/Generated/UART/uart.o
 .text.XMC_USIC_CH_TXFIFO_DisableEvent
                0x10003b54       0x28 ./Dave/Generated/UART/uart.o
 .text.XMC_USIC_CH_TXFIFO_Flush
                0x10003b7c       0x1c ./Dave/Generated/UART/uart.o
 .text.XMC_USIC_CH_TXFIFO_IsFull
                0x10003b98       0x24 ./Dave/Generated/UART/uart.o
 .text.XMC_USIC_CH_TXFIFO_IsEmpty
                0x10003bbc       0x24 ./Dave/Generated/UART/uart.o
 .text.XMC_USIC_CH_RXFIFO_EnableEvent
                0x10003be0       0x28 ./Dave/Generated/UART/uart.o
 .text.XMC_USIC_CH_RXFIFO_DisableEvent
                0x10003c08       0x28 ./Dave/Generated/UART/uart.o
 .text.XMC_USIC_CH_RXFIFO_Flush
                0x10003c30       0x1c ./Dave/Generated/UART/uart.o
 .text.XMC_USIC_CH_RXFIFO_IsEmpty
                0x10003c4c       0x24 ./Dave/Generated/UART/uart.o
 .text.UART_Init
                0x10003c70       0x30 ./Dave/Generated/UART/uart.o
                0x10003c70                UART_Init
 .text.UART_Transmit
                0x10003ca0       0x4c ./Dave/Generated/UART/uart.o
                0x10003ca0                UART_Transmit
 .text.UART_Receive
                0x10003cec       0x4c ./Dave/Generated/UART/uart.o
                0x10003cec                UART_Receive
 .text.UART_StartTransmitIRQ
                0x10003d38       0xd0 ./Dave/Generated/UART/uart.o
                0x10003d38                UART_StartTransmitIRQ
 .text.UART_StartReceiveIRQ
                0x10003e08       0xc8 ./Dave/Generated/UART/uart.o
                0x10003e08                UART_StartReceiveIRQ
 .text.UART_lTransmitHandler
                0x10003ed0      0x110 ./Dave/Generated/UART/uart.o
                0x10003ed0                UART_lTransmitHandler
 .text.UART_lReceiveHandler
                0x10003fe0      0x128 ./Dave/Generated/UART/uart.o
                0x10003fe0                UART_lReceiveHandler
 .text.UART_lReconfigureRxFIFO
                0x10004108       0x54 ./Dave/Generated/UART/uart.o
 .text.NVIC_EnableIRQ
                0x1000415c       0x2c ./Dave/Generated/UART/uart_conf.o
 .text.NVIC_SetPriority
                0x10004188       0xd4 ./Dave/Generated/UART/uart_conf.o
 .text.XMC_USIC_CH_SetInputSource
                0x1000425c       0x48 ./Dave/Generated/UART/uart_conf.o
 .text.XMC_UART_CH_Start
                0x100042a4       0x20 ./Dave/Generated/UART/uart_conf.o
 .text.UART_0_init
                0x100042c4      0x100 ./Dave/Generated/UART/uart_conf.o
                0x100042c4                UART_0_init
 .text.USIC0_3_IRQHandler
                0x100043c4       0x14 ./Dave/Generated/UART/uart_conf.o
                0x100043c4                USIC0_3_IRQHandler
 .text.USIC0_1_IRQHandler
                0x100043d8       0x14 ./Dave/Generated/UART/uart_conf.o
                0x100043d8                USIC0_1_IRQHandler
 .text.UART_1_init
                0x100043ec       0xe8 ./Dave/Generated/UART/uart_conf.o
                0x100043ec                UART_1_init
 .text.USIC0_4_IRQHandler
                0x100044d4       0x14 ./Dave/Generated/UART/uart_conf.o
                0x100044d4                USIC0_4_IRQHandler
 .text.USIC0_2_IRQHandler
                0x100044e8       0x14 ./Dave/Generated/UART/uart_conf.o
                0x100044e8                USIC0_2_IRQHandler
 .text.NVIC_SetPriority
                0x100044fc       0xd4 ./Dave/Generated/SYSTIMER/systimer.o
 .text.SysTick_Config
                0x100045d0       0x48 ./Dave/Generated/SYSTIMER/systimer.o
 .text.SYSTIMER_lInsertTimerList
                0x10004618      0x1c8 ./Dave/Generated/SYSTIMER/systimer.o
 .text.SYSTIMER_lRemoveTimerList
                0x100047e0       0xbc ./Dave/Generated/SYSTIMER/systimer.o
 .text.SYSTIMER_lTimerHandler
                0x1000489c       0xbc ./Dave/Generated/SYSTIMER/systimer.o
 .text.SysTick_Handler
                0x10004958       0x48 ./Dave/Generated/SYSTIMER/systimer.o
                0x10004958                SysTick_Handler
 .text.SYSTIMER_Init
                0x100049a0       0x78 ./Dave/Generated/SYSTIMER/systimer.o
                0x100049a0                SYSTIMER_Init
 .text.SYSTIMER_CreateTimer
                0x10004a18      0x140 ./Dave/Generated/SYSTIMER/systimer.o
                0x10004a18                SYSTIMER_CreateTimer
 .text.SYSTIMER_StartTimer
                0x10004b58       0x8c ./Dave/Generated/SYSTIMER/systimer.o
                0x10004b58                SYSTIMER_StartTimer
 .text.XMC_BCCU_StartDimming
                0x10004be4       0x1c ./Dave/Generated/PDM_DIMMED_LED_LAMP/pdm_dimmed_led_lamp.o
 .text.PDM_DIMMED_LED_LAMP_Init
                0x10004c00       0xac ./Dave/Generated/PDM_DIMMED_LED_LAMP/pdm_dimmed_led_lamp.o
                0x10004c00                PDM_DIMMED_LED_LAMP_Init
 .text.PDM_DIMMED_LED_LAMP_SetColor
                0x10004cac       0x70 ./Dave/Generated/PDM_DIMMED_LED_LAMP/pdm_dimmed_led_lamp.o
                0x10004cac                PDM_DIMMED_LED_LAMP_SetColor
 .text.PDM_DIMMED_LED_LAMP_SetDimLevelExponentialAdv
                0x10004d1c       0x60 ./Dave/Generated/PDM_DIMMED_LED_LAMP/pdm_dimmed_led_lamp.o
                0x10004d1c                PDM_DIMMED_LED_LAMP_SetDimLevelExponentialAdv
 .text.XMC_BCCU_StartLinearWalk
                0x10004d7c       0x24 ./Dave/Generated/PDM_BCCU/pdm_bccu.o
 .text.PDM_BCCU_Init
                0x10004da0      0x12c ./Dave/Generated/PDM_BCCU/pdm_bccu.o
                0x10004da0                PDM_BCCU_Init
 .text.PDM_BCCU_SetIntensity
                0x10004ecc       0x20 ./Dave/Generated/PDM_BCCU/pdm_bccu.o
                0x10004ecc                PDM_BCCU_SetIntensity
 .text.PDM_BCCU_SetLinearWalk
                0x10004eec       0x20 ./Dave/Generated/PDM_BCCU/pdm_bccu.o
                0x10004eec                PDM_BCCU_SetLinearWalk
 .text.NVIC_EnableIRQ
                0x10004f0c       0x2c ./Dave/Generated/INTERRUPT/interrupt.o
 .text.NVIC_SetPriority
                0x10004f38       0xd4 ./Dave/Generated/INTERRUPT/interrupt.o
 .text.INTERRUPT_Enable
                0x1000500c       0x1c ./Dave/Generated/INTERRUPT/interrupt.o
 .text.INTERRUPT_Init
                0x10005028       0x34 ./Dave/Generated/INTERRUPT/interrupt.o
                0x10005028                INTERRUPT_Init
 .text.XMC_BCCU_EnableInterrupt
                0x1000505c       0x1c ./Dave/Generated/GLOBAL_BCCU/global_bccu.o
 .text.GLOBAL_BCCU_Init
                0x10005078       0x84 ./Dave/Generated/GLOBAL_BCCU/global_bccu.o
                0x10005078                GLOBAL_BCCU_Init
 .text.XMC_VADC_GLOBAL_DisablePostCalibration
                0x100050fc       0x28 ./Dave/Generated/GLOBAL_ADC/global_adc.o
 .text.GLOBAL_ADC_Init
                0x10005124       0xc4 ./Dave/Generated/GLOBAL_ADC/global_adc.o
                0x10005124                GLOBAL_ADC_Init
 .text.XMC_FLASH_SetHardReadLevel
                0x100051e8       0x40 ./Dave/Generated/E_EEPROM_XMC1/e_eeprom_xmc1.o
 .text.E_EEPROM_XMC1_Init
                0x10005228      0x128 ./Dave/Generated/E_EEPROM_XMC1/e_eeprom_xmc1.o
                0x10005228                E_EEPROM_XMC1_Init
 .text.E_EEPROM_XMC1_Write
                0x10005350       0x54 ./Dave/Generated/E_EEPROM_XMC1/e_eeprom_xmc1.o
                0x10005350                E_EEPROM_XMC1_Write
 .text.E_EEPROM_XMC1_Read
                0x100053a4       0xe0 ./Dave/Generated/E_EEPROM_XMC1/e_eeprom_xmc1.o
                0x100053a4                E_EEPROM_XMC1_Read
 .text.E_EEPROM_XMC1_GetStatus
                0x10005484       0x4c ./Dave/Generated/E_EEPROM_XMC1/e_eeprom_xmc1.o
                0x10005484                E_EEPROM_XMC1_GetStatus
 .text.E_EEPROM_XMC1_lInitGc
                0x100054d0       0xa4 ./Dave/Generated/E_EEPROM_XMC1/e_eeprom_xmc1.o
 .text.E_EEPROM_XMC1_lInitllegalStateMachine
                0x10005574       0x38 ./Dave/Generated/E_EEPROM_XMC1/e_eeprom_xmc1.o
 .text.E_EEPROM_XMC1_lInitDirtyStateMachine
                0x100055ac       0xa8 ./Dave/Generated/E_EEPROM_XMC1/e_eeprom_xmc1.o
 .text.E_EEPROM_XMC1_lInitNormalStateMachine
                0x10005654       0x24 ./Dave/Generated/E_EEPROM_XMC1/e_eeprom_xmc1.o
 .text.E_EEPROM_XMC1_lInitBank0NormalStateMachine
                0x10005678       0x98 ./Dave/Generated/E_EEPROM_XMC1/e_eeprom_xmc1.o
 .text.E_EEPROM_XMC1_lInitBank1NormalStateMachine
                0x10005710       0x98 ./Dave/Generated/E_EEPROM_XMC1/e_eeprom_xmc1.o
 .text.E_EEPROM_XMC1_lInitOtherNormalStateMachine
                0x100057a8       0x9c ./Dave/Generated/E_EEPROM_XMC1/e_eeprom_xmc1.o
 .text.E_EEPROM_XMC1_lInitGcNormalStates
                0x10005844       0x60 ./Dave/Generated/E_EEPROM_XMC1/e_eeprom_xmc1.o
 .text.E_EEPROM_XMC1_lInitGcDataCopyState
                0x100058a4       0x78 ./Dave/Generated/E_EEPROM_XMC1/e_eeprom_xmc1.o
 .text.E_EEPROM_XMC1_lErasedDirtyStateRecovery
                0x1000591c       0x74 ./Dave/Generated/E_EEPROM_XMC1/e_eeprom_xmc1.o
 .text.E_EEPROM_XMC1_lCopyProcessDirtyStateRecovery
                0x10005990       0x80 ./Dave/Generated/E_EEPROM_XMC1/e_eeprom_xmc1.o
 .text.E_EEPROM_XMC1_lGarbageCollection
                0x10005a10       0xa0 ./Dave/Generated/E_EEPROM_XMC1/e_eeprom_xmc1.o
 .text.E_EEPROM_XMC1_lHandleGcRequested
                0x10005ab0       0x88 ./Dave/Generated/E_EEPROM_XMC1/e_eeprom_xmc1.o
 .text.E_EEPROM_XMC1_lHandleGcStartCopy
                0x10005b38       0xd4 ./Dave/Generated/E_EEPROM_XMC1/e_eeprom_xmc1.o
 .text.E_EEPROM_XMC1_lHandleGcCopyWrite
                0x10005c0c       0xec ./Dave/Generated/E_EEPROM_XMC1/e_eeprom_xmc1.o
 .text.E_EEPROM_XMC1_lHandleGcEndOfCopy
                0x10005cf8       0x58 ./Dave/Generated/E_EEPROM_XMC1/e_eeprom_xmc1.o
 .text.E_EEPROM_XMC1_lHandleGcOtherStates
                0x10005d50       0x7c ./Dave/Generated/E_EEPROM_XMC1/e_eeprom_xmc1.o
 .text.E_EEPROM_XMC1_lPrepareDFlash
                0x10005dcc      0x100 ./Dave/Generated/E_EEPROM_XMC1/e_eeprom_xmc1.o
 .text.E_EEPROM_XMC1_lUpdateCache
                0x10005ecc       0xf8 ./Dave/Generated/E_EEPROM_XMC1/e_eeprom_xmc1.o
 .text.E_EEPROM_XMC1_lCacheEmptyBlkEval
                0x10005fc4       0xbc ./Dave/Generated/E_EEPROM_XMC1/e_eeprom_xmc1.o
 .text.E_EEPROM_XMC1_lEvalBlockStatus
                0x10006080      0x138 ./Dave/Generated/E_EEPROM_XMC1/e_eeprom_xmc1.o
 .text.E_EEPROM_XMC1_lUpdateCacheBlockRead
                0x100061b8       0x48 ./Dave/Generated/E_EEPROM_XMC1/e_eeprom_xmc1.o
 .text.E_EEPROM_XMC1_lGetUsrBlockIndex
                0x10006200       0x60 ./Dave/Generated/E_EEPROM_XMC1/e_eeprom_xmc1.o
 .text.E_EEPROM_XMC1_lGetDFLASHPhysicalBlocks
                0x10006260       0x3c ./Dave/Generated/E_EEPROM_XMC1/e_eeprom_xmc1.o
 .text.E_EEPROM_XMC1_lGetFreeDFLASHBlocks
                0x1000629c       0x48 ./Dave/Generated/E_EEPROM_XMC1/e_eeprom_xmc1.o
 .text.E_EEPROM_XMC1_lUpdateCurrBankInfo
                0x100062e4       0x6c ./Dave/Generated/E_EEPROM_XMC1/e_eeprom_xmc1.o
 .text.E_EEPROM_XMC1_lReadMarkerBlocks
                0x10006350       0x8c ./Dave/Generated/E_EEPROM_XMC1/e_eeprom_xmc1.o
 .text.E_EEPROM_XMC1_lReadVerifyMarker
                0x100063dc       0xc0 ./Dave/Generated/E_EEPROM_XMC1/e_eeprom_xmc1.o
 .text.E_EEPROM_XMC1_lSetMarkerBlockBuffer
                0x1000649c       0x3c ./Dave/Generated/E_EEPROM_XMC1/e_eeprom_xmc1.o
 .text.E_EEPROM_XMC1_lSetMarkerPageBuffer
                0x100064d8       0x88 ./Dave/Generated/E_EEPROM_XMC1/e_eeprom_xmc1.o
 .text.E_EEPROM_XMC1_lEraseBank
                0x10006560       0x54 ./Dave/Generated/E_EEPROM_XMC1/e_eeprom_xmc1.o
 .text.E_EEPROM_XMC1_lGCWrite
                0x100065b4       0x38 ./Dave/Generated/E_EEPROM_XMC1/e_eeprom_xmc1.o
 .text.E_EEPROM_XMC1_lLocalWrite
                0x100065ec      0x104 ./Dave/Generated/E_EEPROM_XMC1/e_eeprom_xmc1.o
 .text.E_EEPROM_XMC1_lHandleWriteReq
                0x100066f0      0x160 ./Dave/Generated/E_EEPROM_XMC1/e_eeprom_xmc1.o
 .text.E_EEPROM_XMC1_lHandleInvalidReq
                0x10006850       0xac ./Dave/Generated/E_EEPROM_XMC1/e_eeprom_xmc1.o
 .text.E_EEPROM_XMC1_lPopulateFirstBlock
                0x100068fc       0xc4 ./Dave/Generated/E_EEPROM_XMC1/e_eeprom_xmc1.o
 .text.E_EEPROM_XMC1_lPopulateNextBlock
                0x100069c0       0xb0 ./Dave/Generated/E_EEPROM_XMC1/e_eeprom_xmc1.o
 .text.E_EEPROM_XMC1_lWriteDataBlock
                0x10006a70       0x4c ./Dave/Generated/E_EEPROM_XMC1/e_eeprom_xmc1.o
 .text.E_EEPROM_XMC1_lReadBlockContents
                0x10006abc       0xf8 ./Dave/Generated/E_EEPROM_XMC1/e_eeprom_xmc1.o
 .text.E_EEPROM_XMC1_lWriteSingleBlock
                0x10006bb4       0x20 ./Dave/Generated/E_EEPROM_XMC1/e_eeprom_xmc1.o
 .text.E_EEPROM_XMC1_lReadSingleBlock
                0x10006bd4       0x20 ./Dave/Generated/E_EEPROM_XMC1/e_eeprom_xmc1.o
 .text.E_EEPROM_XMC1_lWriteSinglePage
                0x10006bf4       0x1c ./Dave/Generated/E_EEPROM_XMC1/e_eeprom_xmc1.o
 .text.E_EEPROM_XMC1_lEraseSinglePage
                0x10006c10       0x18 ./Dave/Generated/E_EEPROM_XMC1/e_eeprom_xmc1.o
 .text.E_EEPROM_XMC1_lGetFlashStatus
                0x10006c28       0x18 ./Dave/Generated/E_EEPROM_XMC1/e_eeprom_xmc1.o
 .text.XMC_BCCU_EnableDimmingEngine
                0x10006c40       0x24 ./Dave/Generated/DIM_BCCU/dim_bccu.o
 .text.XMC_BCCU_StartDimming
                0x10006c64       0x1c ./Dave/Generated/DIM_BCCU/dim_bccu.o
 .text.DIM_BCCU_Init
                0x10006c80       0x88 ./Dave/Generated/DIM_BCCU/dim_bccu.o
                0x10006c80                DIM_BCCU_Init
 .text.DIGITAL_IO_Init
                0x10006d08       0x40 ./Dave/Generated/DIGITAL_IO/digital_io.o
                0x10006d08                DIGITAL_IO_Init
 .text.SystemCoreSetup
                0x10006d48        0x8 ./Dave/Generated/CPU_CTRL_XMC1/cpu_ctrl_xmc1_conf.o
                0x10006d48                SystemCoreSetup
 .text.CLOCK_XMC1_Init
                0x10006d50       0x84 ./Dave/Generated/CLOCK_XMC1/clock_xmc1.o
                0x10006d50                CLOCK_XMC1_Init
 .text.SystemCoreClockSetup
                0x10006dd4       0x20 ./Dave/Generated/CLOCK_XMC1/clock_xmc1_conf.o
                0x10006dd4                SystemCoreClockSetup
 .text.NVIC_EnableIRQ
                0x10006df4       0x2c ./Dave/Generated/ADC_MEASUREMENT_ADV/adc_measurement_adv.o
 .text.NVIC_SetPriority
                0x10006e20       0xd4 ./Dave/Generated/ADC_MEASUREMENT_ADV/adc_measurement_adv.o
 .text.XMC_VADC_GROUP_QueueEnableArbitrationSlot
                0x10006ef4       0x20 ./Dave/Generated/ADC_MEASUREMENT_ADV/adc_measurement_adv.o
 .text.XMC_VADC_GROUP_QueueDisableArbitrationSlot
                0x10006f14       0x24 ./Dave/Generated/ADC_MEASUREMENT_ADV/adc_measurement_adv.o
 .text.XMC_VADC_GROUP_QueueIsArbitrationSlotEnabled
                0x10006f38       0x24 ./Dave/Generated/ADC_MEASUREMENT_ADV/adc_measurement_adv.o
 .text.XMC_VADC_GROUP_QueueSetGatingMode
                0x10006f5c       0x44 ./Dave/Generated/ADC_MEASUREMENT_ADV/adc_measurement_adv.o
 .text.XMC_VADC_GROUP_QueueTriggerConversion
                0x10006fa0       0x28 ./Dave/Generated/ADC_MEASUREMENT_ADV/adc_measurement_adv.o
 .text.XMC_VADC_GROUP_QueueInsertChannel
                0x10006fc8       0x1c ./Dave/Generated/ADC_MEASUREMENT_ADV/adc_measurement_adv.o
 .text.XMC_VADC_GROUP_ResultInit
                0x10006fe4       0x20 ./Dave/Generated/ADC_MEASUREMENT_ADV/adc_measurement_adv.o
 .text.ADC_MEASUREMENT_ADV_lQueueInit
                0x10007004       0xb4 ./Dave/Generated/ADC_MEASUREMENT_ADV/adc_measurement_adv.o
 .text.ADC_MEASUREMENT_ADV_lRequestSrcInit
                0x100070b8       0x30 ./Dave/Generated/ADC_MEASUREMENT_ADV/adc_measurement_adv.o
 .text.ADC_MEASUREMENT_ADV_lQueueInsertEntries
                0x100070e8       0x54 ./Dave/Generated/ADC_MEASUREMENT_ADV/adc_measurement_adv.o
 .text.ADC_MEASUREMENT_ADV_lArbitrationStatus
                0x1000713c       0x6c ./Dave/Generated/ADC_MEASUREMENT_ADV/adc_measurement_adv.o
 .text.ADC_MEASUREMENT_ADV_lDisableArbitration
                0x100071a8       0x24 ./Dave/Generated/ADC_MEASUREMENT_ADV/adc_measurement_adv.o
 .text.ADC_MEASUREMENT_ADV_lInsertChannels
                0x100071cc       0x18 ./Dave/Generated/ADC_MEASUREMENT_ADV/adc_measurement_adv.o
                0x100071cc                ADC_MEASUREMENT_ADV_lInsertChannels
 .text.ADC_MEASUREMENT_ADV_lSyncADCClocks
                0x100071e4       0x7c ./Dave/Generated/ADC_MEASUREMENT_ADV/adc_measurement_adv.o
                0x100071e4                ADC_MEASUREMENT_ADV_lSyncADCClocks
 .text.ADC_MEASUREMENT_ADV_StartADC
                0x10007260       0x24 ./Dave/Generated/ADC_MEASUREMENT_ADV/adc_measurement_adv.o
                0x10007260                ADC_MEASUREMENT_ADV_StartADC
 .text.ADC_MEASUREMENT_ADV_SoftwareTrigger
                0x10007284       0x24 ./Dave/Generated/ADC_MEASUREMENT_ADV/adc_measurement_adv.o
                0x10007284                ADC_MEASUREMENT_ADV_SoftwareTrigger
 .text.ADC_MEASUREMENT_ADC_lNvicEnable
                0x100072a8       0x30 ./Dave/Generated/ADC_MEASUREMENT_ADV/adc_measurement_adv.o
                0x100072a8                ADC_MEASUREMENT_ADC_lNvicEnable
 .text.ADC_MEASUREMENT_ADV_Init
                0x100072d8      0x11c ./Dave/Generated/ADC_MEASUREMENT_ADV/adc_measurement_adv.o
                0x100072d8                ADC_MEASUREMENT_ADV_Init
 .text.ADC_MEASUREMENT_ADV_0_event_config
                0x100073f4       0x18 ./Dave/Generated/ADC_MEASUREMENT_ADV/adc_measurement_adv_conf.o
 .text.DAVE_Init
                0x1000740c      0x17c ./Dave/Generated/DAVE.o
                0x1000740c                DAVE_Init
 .text.XMC_GPIO_SetOutputHigh
                0x10007588       0x20 ./main.o
 .text.XMC_GPIO_SetOutputLow
                0x100075a8       0x24 ./main.o
 .text.DIGITAL_IO_SetOutputHigh
                0x100075cc       0x20 ./main.o
 .text.DIGITAL_IO_SetOutputLow
                0x100075ec       0x20 ./main.o
 .text.XMC_VADC_GROUP_GetResult
                0x1000760c       0x20 ./main.o
 .text.ADC_MEASUREMENT_ADV_GetResult
                0x1000762c       0x44 ./main.o
 .text.main     0x10007670     0x1dd0 ./main.o
                0x10007670                main
 .text.endofTransmitU1
                0x10009440        0x8 ./main.o
                0x10009440                endofTransmitU1
 .text.endofReceiveU1
                0x10009448        0x8 ./main.o
                0x10009448                endofReceiveU1
 .text.endofTransmitU0
                0x10009450        0x8 ./main.o
                0x10009450                endofTransmitU0
 .text.endofReceiveU0
                0x10009458        0x8 ./main.o
                0x10009458                endofReceiveU0
 .text.VADC0_C0_0_IRQHandler
                0x10009460      0x110 ./main.o
                0x10009460                VADC0_C0_0_IRQHandler
 .text.__libc_init_array
                0x10009570       0x4c c:/davev4-64bit/dave-4.3.2/eclipse/arm-gcc-49/bin/../lib/gcc/arm-none-eabi/4.9.3/../../../../arm-none-eabi/lib/armv6-m\libg_nano.a(lib_a-init.o)
                0x10009570                __libc_init_array
 *(.init)
 *(.fini)
 *crtbegin.o(.ctors)
 *crtbegin?.o(.ctors)
 *(EXCLUDE_FILE(*crtend.o *crtend?.o) .ctors)
 *(SORT(.ctors.*))
 *(.ctors)
 *crtbegin.o(.dtors)
 *crtbegin?.o(.dtors)
 *(EXCLUDE_FILE(*crtend.o *crtend?.o) .dtors)
 *(SORT(.dtors.*))
 *(.dtors)
 *(.rodata .rodata.*)
 .rodata.bcuInit
                0x100095bc       0x18 ./samuel/samuel_io.o
 .rodata.g_xmc_vadc_group_array
                0x100095d4        0x8 ./Libraries/XMCLib/src/xmc_vadc.o
 .rodata.UART_0_channel_config
                0x100095dc        0xc ./Dave/Generated/UART/uart_conf.o
                0x100095dc                UART_0_channel_config
 .rodata.UART_0_tx_pin_config
                0x100095e8        0x8 ./Dave/Generated/UART/uart_conf.o
                0x100095e8                UART_0_tx_pin_config
 .rodata.UART_0_tx_pin
                0x100095f0        0xc ./Dave/Generated/UART/uart_conf.o
                0x100095f0                UART_0_tx_pin
 .rodata.UART_0_config
                0x100095fc       0x30 ./Dave/Generated/UART/uart_conf.o
                0x100095fc                UART_0_config
 .rodata.UART_0_rx_pin_config
                0x1000962c        0x8 ./Dave/Generated/UART/uart_conf.o
                0x1000962c                UART_0_rx_pin_config
 .rodata.UART_1_channel_config
                0x10009634        0xc ./Dave/Generated/UART/uart_conf.o
                0x10009634                UART_1_channel_config
 .rodata.UART_1_tx_pin_config
                0x10009640        0x8 ./Dave/Generated/UART/uart_conf.o
                0x10009640                UART_1_tx_pin_config
 .rodata.UART_1_tx_pin
                0x10009648        0xc ./Dave/Generated/UART/uart_conf.o
                0x10009648                UART_1_tx_pin
 .rodata.UART_1_config
                0x10009654       0x30 ./Dave/Generated/UART/uart_conf.o
                0x10009654                UART_1_config
 .rodata.UART_1_rx_pin_config
                0x10009684        0x8 ./Dave/Generated/UART/uart_conf.o
                0x10009684                UART_1_rx_pin_config
 .rodata.INTERRUPT_0
                0x1000968c        0x4 ./Dave/Generated/INTERRUPT/interrupt_conf.o
                0x1000968c                INTERRUPT_0
 .rodata.INTERRUPT_1
                0x10009690        0x4 ./Dave/Generated/INTERRUPT/interrupt_conf.o
                0x10009690                INTERRUPT_1
 .rodata.group_init_handle0
                0x10009694       0x14 ./Dave/Generated/GLOBAL_ADC/global_adc_conf.o
                0x10009694                group_init_handle0
 .rodata.group_init_handle1
                0x100096a8       0x14 ./Dave/Generated/GLOBAL_ADC/global_adc_conf.o
                0x100096a8                group_init_handle1
 .rodata.global_config
                0x100096bc       0x18 ./Dave/Generated/GLOBAL_ADC/global_adc_conf.o
                0x100096bc                global_config
 .rodata.E_EEPROM_XMC1_lGarbageCollection
                0x100096d4       0x24 ./Dave/Generated/E_EEPROM_XMC1/e_eeprom_xmc1.o
 .rodata.E_EEPROM_XMC1_block_Config
                0x100096f8       0x30 ./Dave/Generated/E_EEPROM_XMC1/e_eeprom_xmc1_conf.o
                0x100096f8                E_EEPROM_XMC1_block_Config
 .rodata.xmc_int_tcs
                0x10009728       0x10 ./Dave/Generated/DIGITAL_IO/digital_io_conf.o
                0x10009728                xmc_int_tcs
 .rodata.xmc_int_bmc
                0x10009738       0x10 ./Dave/Generated/DIGITAL_IO/digital_io_conf.o
                0x10009738                xmc_int_bmc
 .rodata.xmc_lin_en
                0x10009748       0x10 ./Dave/Generated/DIGITAL_IO/digital_io_conf.o
                0x10009748                xmc_lin_en
 .rodata.xmc_sel_gain
                0x10009758       0x10 ./Dave/Generated/DIGITAL_IO/digital_io_conf.o
                0x10009758                xmc_sel_gain
 .rodata.VCC_LED_shtdwn
                0x10009768       0x10 ./Dave/Generated/DIGITAL_IO/digital_io_conf.o
                0x10009768                VCC_LED_shtdwn
 .rodata        0x10009778        0xc ./Dave/Generated/CLOCK_XMC1/clock_xmc1_conf.o
 .rodata.group_ptrs
                0x10009784        0x8 ./Dave/Generated/ADC_MEASUREMENT_ADV/adc_measurement_adv.o
                0x10009784                group_ptrs
 .rodata.ADC_MEASUREMENT_ADV_0_xmc_ntc_ch_config
                0x1000978c       0x10 ./Dave/Generated/ADC_MEASUREMENT_ADV/adc_measurement_adv_conf.o
 .rodata.ADC_MEASUREMENT_ADV_0_xmc_ntc_res_config
                0x1000979c        0x4 ./Dave/Generated/ADC_MEASUREMENT_ADV/adc_measurement_adv_conf.o
 .rodata.ADC_MEASUREMENT_ADV_0_xmc_ntc_handle
                0x100097a0        0xc ./Dave/Generated/ADC_MEASUREMENT_ADV/adc_measurement_adv_conf.o
                0x100097a0                ADC_MEASUREMENT_ADV_0_xmc_ntc_handle
 .rodata.ADC_MEASUREMENT_ADV_0_xmc_I_ww_ch_config
                0x100097ac       0x10 ./Dave/Generated/ADC_MEASUREMENT_ADV/adc_measurement_adv_conf.o
 .rodata.ADC_MEASUREMENT_ADV_0_xmc_I_ww_res_config
                0x100097bc        0x4 ./Dave/Generated/ADC_MEASUREMENT_ADV/adc_measurement_adv_conf.o
 .rodata.ADC_MEASUREMENT_ADV_0_xmc_I_ww_handle
                0x100097c0        0xc ./Dave/Generated/ADC_MEASUREMENT_ADV/adc_measurement_adv_conf.o
                0x100097c0                ADC_MEASUREMENT_ADV_0_xmc_I_ww_handle
 .rodata.ADC_MEASUREMENT_ADV_0_xmc_U_in_ch_config
                0x100097cc       0x10 ./Dave/Generated/ADC_MEASUREMENT_ADV/adc_measurement_adv_conf.o
 .rodata.ADC_MEASUREMENT_ADV_0_xmc_U_in_res_config
                0x100097dc        0x4 ./Dave/Generated/ADC_MEASUREMENT_ADV/adc_measurement_adv_conf.o
 .rodata.ADC_MEASUREMENT_ADV_0_xmc_U_in_handle
                0x100097e0        0xc ./Dave/Generated/ADC_MEASUREMENT_ADV/adc_measurement_adv_conf.o
                0x100097e0                ADC_MEASUREMENT_ADV_0_xmc_U_in_handle
 .rodata.ADC_MEASUREMENT_ADV_0_xmc_I_cw_ch_config
                0x100097ec       0x10 ./Dave/Generated/ADC_MEASUREMENT_ADV/adc_measurement_adv_conf.o
 .rodata.ADC_MEASUREMENT_ADV_0_xmc_I_cw_res_config
                0x100097fc        0x4 ./Dave/Generated/ADC_MEASUREMENT_ADV/adc_measurement_adv_conf.o
 .rodata.ADC_MEASUREMENT_ADV_0_xmc_I_cw_handle
                0x10009800        0xc ./Dave/Generated/ADC_MEASUREMENT_ADV/adc_measurement_adv_conf.o
                0x10009800                ADC_MEASUREMENT_ADV_0_xmc_I_cw_handle
 .rodata.ADC_MEASUREMENT_ADV_0_queue_config
                0x1000980c        0xc ./Dave/Generated/ADC_MEASUREMENT_ADV/adc_measurement_adv_conf.o
 .rodata.ADC_MEASUREMENT_ADV_0_queue_handle
                0x10009818       0x18 ./Dave/Generated/ADC_MEASUREMENT_ADV/adc_measurement_adv_conf.o
 .rodata.ADC_MEASUREMENT_ADV_0_xmc_ntc_queue_entry_0
                0x10009830        0x4 ./Dave/Generated/ADC_MEASUREMENT_ADV/adc_measurement_adv_conf.o
 .rodata.ADC_MEASUREMENT_ADV_0_xmc_I_ww_queue_entry_1
                0x10009834        0x4 ./Dave/Generated/ADC_MEASUREMENT_ADV/adc_measurement_adv_conf.o
 .rodata.ADC_MEASUREMENT_ADV_0_xmc_U_in_queue_entry_2
                0x10009838        0x4 ./Dave/Generated/ADC_MEASUREMENT_ADV/adc_measurement_adv_conf.o
 .rodata.ADC_MEASUREMENT_ADV_0_xmc_I_cw_queue_entry_3
                0x1000983c        0x4 ./Dave/Generated/ADC_MEASUREMENT_ADV/adc_measurement_adv_conf.o
 .rodata.ADC_MEASUREMENT_ADV_0
                0x10009840       0x1c ./Dave/Generated/ADC_MEASUREMENT_ADV/adc_measurement_adv_conf.o
                0x10009840                ADC_MEASUREMENT_ADV_0
 .rodata.main   0x1000985c       0x84 ./main.o
 *(.gnu.linkonce.r*)

.glue_7         0x100098e0        0x0
 .glue_7        0x00000000        0x0 linker stubs

.glue_7t        0x100098e0        0x0
 .glue_7t       0x00000000        0x0 linker stubs

.vfp11_veneer   0x100098e0        0x0
 .vfp11_veneer  0x00000000        0x0 linker stubs

.v4_bx          0x100098e0        0x0
 .v4_bx         0x00000000        0x0 linker stubs

.iplt           0x100098e0        0x0
 .iplt          0x00000000        0x0 ./samuel/samuel_io.o

.eh_frame_hdr
 *(.eh_frame_hdr)

.eh_frame
 *(.eh_frame)

.ARM.extab
 *(.ARM.extab* .gnu.linkonce.armextab.*)
                0x100098e0                . = ALIGN (0x4)
                0x100098e0                __exidx_start = .

.ARM.exidx
 *(.ARM.exidx* .gnu.linkonce.armexidx.*)
                0x100098e0                __exidx_end = .
                0x100098e0                . = ALIGN (0x4)
                0x100098e0                eROData = .

.VENEER_Code    0x2000000c      0x138 load address 0x100098e0
                0x2000000c                . = ALIGN (0x4)
                0x2000000c                VeneerStart = .
 *(.XmcVeneerCode)
 .XmcVeneerCode
                0x2000000c      0x138 ./Startup/startup_XMC1300.o
                0x2000000c                HardFault_Veneer
                0x2000002c                SVC_Veneer
                0x20000038                PendSV_Veneer
                0x2000003c                SysTick_Veneer
                0x20000040                SCU_0_Veneer
                0x20000044                SCU_1_Veneer
                0x20000048                SCU_2_Veneer
                0x2000004c                SCU_3_Veneer
                0x20000050                SCU_4_Veneer
                0x20000054                SCU_5_Veneer
                0x20000058                SCU_6_Veneer
                0x2000005c                MATH_Veneer
                0x20000064                USIC0_0_Veneer
                0x20000068                USIC0_1_Veneer
                0x2000006c                USIC0_2_Veneer
                0x20000070                USIC0_3_Veneer
                0x20000074                USIC0_4_Veneer
                0x20000078                USIC0_5_Veneer
                0x2000007c                VADC0_C0_0_Veneer
                0x20000080                VADC0_C0_1_Veneer
                0x20000084                VADC0_G0_0_Veneer
                0x20000088                VADC0_G0_1_Veneer
                0x2000008c                VADC0_G1_0_Veneer
                0x20000090                VADC0_G1_1_Veneer
                0x20000094                CCU40_0_Veneer
                0x20000098                CCU40_1_Veneer
                0x2000009c                CCU40_2_Veneer
                0x200000a0                CCU40_3_Veneer
                0x200000a4                CCU80_0_Veneer
                0x200000a8                CCU80_1_Veneer
                0x200000ac                POSIF0_0_Veneer
                0x200000b0                POSIF0_1_Veneer
                0x200000bc                BCCU0_0_Veneer
                0x20000144                . = ALIGN (0x4)
                0x20000144                VeneerEnd = .
                0x00000138                VeneerSize = (ABSOLUTE (VeneerEnd) - ABSOLUTE (VeneerStart))

.rel.dyn        0x20000144        0x0 load address 0x10009a18
 .rel.iplt      0x00000000        0x0 ./samuel/samuel_io.o

Stack           0x20000144      0x404 load address 0x00000000
                0x20000148                . = ALIGN (0x8)
 *fill*         0x20000144        0x4 
                0x20000548                . = (. + stack_size)
 *fill*         0x20000148      0x400 
                0x20000548                __initial_sp = .
                0x10009a18                DataLoadAddr = (eROData + VeneerSize)

.data           0x20000548      0x21c load address 0x10009a18
                0x20000548                . = ALIGN (0x4)
                0x20000548                __data_start = .
 *(vtable)
 *(.data)
 *(.data*)
 .data.resultB  0x20000548        0x2 ./samuel/samuel_io.o
                0x20000548                resultB
 .data.linearwalk_gen
                0x2000054a        0x2 ./samuel/samuel_io.o
                0x2000054a                linearwalk_gen
 .data.Brightness_Gen
                0x2000054c        0x2 ./samuel/samuel_io.o
                0x2000054c                Brightness_Gen
 .data.ColorQuot_Gen
                0x2000054e        0x2 ./samuel/samuel_io.o
                0x2000054e                ColorQuot_Gen
 .data.transmit_buf_size
                0x20000550        0x1 ./samuel/samuel_io.o
                0x20000550                transmit_buf_size
 *fill*         0x20000551        0x3 
 .data.UART_0   0x20000554        0xc ./Dave/Generated/UART/uart_conf.o
                0x20000554                UART_0
 .data.UART_1   0x20000560        0xc ./Dave/Generated/UART/uart_conf.o
                0x20000560                UART_1
 .data.PDM_DIMMED_LED_LAMP_0_config
                0x2000056c       0x14 ./Dave/Generated/PDM_DIMMED_LED_LAMP/pdm_dimmed_led_lamp_conf.o
                0x2000056c                PDM_DIMMED_LED_LAMP_0_config
 .data.PDM_DIMMED_LED_LAMP_0
                0x20000580       0x3c ./Dave/Generated/PDM_DIMMED_LED_LAMP/pdm_dimmed_led_lamp_conf.o
                0x20000580                PDM_DIMMED_LED_LAMP_0
 .data.PDM_BCCU_0_config
                0x200005bc        0xc ./Dave/Generated/PDM_BCCU/pdm_bccu_conf.o
                0x200005bc                PDM_BCCU_0_config
 .data.PDM_BCCU_0_gpio_config
                0x200005c8        0x8 ./Dave/Generated/PDM_BCCU/pdm_bccu_conf.o
                0x200005c8                PDM_BCCU_0_gpio_config
 .data.PDM_BCCU_0
                0x200005d0       0x30 ./Dave/Generated/PDM_BCCU/pdm_bccu_conf.o
                0x200005d0                PDM_BCCU_0
 .data.PDM_BCCU_1_config
                0x20000600        0xc ./Dave/Generated/PDM_BCCU/pdm_bccu_conf.o
                0x20000600                PDM_BCCU_1_config
 .data.PDM_BCCU_1_gpio_config
                0x2000060c        0x8 ./Dave/Generated/PDM_BCCU/pdm_bccu_conf.o
                0x2000060c                PDM_BCCU_1_gpio_config
 .data.PDM_BCCU_1
                0x20000614       0x30 ./Dave/Generated/PDM_BCCU/pdm_bccu_conf.o
                0x20000614                PDM_BCCU_1
 .data.PDM_BCCU_2_config
                0x20000644        0xc ./Dave/Generated/PDM_BCCU/pdm_bccu_conf.o
                0x20000644                PDM_BCCU_2_config
 .data.PDM_BCCU_2_gpio_config
                0x20000650        0x8 ./Dave/Generated/PDM_BCCU/pdm_bccu_conf.o
                0x20000650                PDM_BCCU_2_gpio_config
 .data.PDM_BCCU_2
                0x20000658       0x30 ./Dave/Generated/PDM_BCCU/pdm_bccu_conf.o
                0x20000658                PDM_BCCU_2
 .data.PDM_BCCU_3_config
                0x20000688        0xc ./Dave/Generated/PDM_BCCU/pdm_bccu_conf.o
                0x20000688                PDM_BCCU_3_config
 .data.PDM_BCCU_3_gpio_config
                0x20000694        0x8 ./Dave/Generated/PDM_BCCU/pdm_bccu_conf.o
                0x20000694                PDM_BCCU_3_gpio_config
 .data.PDM_BCCU_3
                0x2000069c       0x30 ./Dave/Generated/PDM_BCCU/pdm_bccu_conf.o
                0x2000069c                PDM_BCCU_3
 .data.confighandle
                0x200006cc        0xc ./Dave/Generated/GLOBAL_BCCU/global_bccu_conf.o
                0x200006cc                confighandle
 .data.GLOBAL_BCCU_0
                0x200006d8       0x10 ./Dave/Generated/GLOBAL_BCCU/global_bccu_conf.o
                0x200006d8                GLOBAL_BCCU_0
 .data.group_0_config
                0x200006e8        0xc ./Dave/Generated/GLOBAL_ADC/global_adc_conf.o
                0x200006e8                group_0_config
 .data.group_1_config
                0x200006f4        0xc ./Dave/Generated/GLOBAL_ADC/global_adc_conf.o
                0x200006f4                group_1_config
 .data.GLOBAL_ADC_0
                0x20000700       0x18 ./Dave/Generated/GLOBAL_ADC/global_adc_conf.o
                0x20000700                GLOBAL_ADC_0
 .data.E_EEPROM_XMC1_0
                0x20000718       0x10 ./Dave/Generated/E_EEPROM_XMC1/e_eeprom_xmc1_conf.o
                0x20000718                E_EEPROM_XMC1_0
 .data.DIM_BCCU_0_confighandle
                0x20000728        0x4 ./Dave/Generated/DIM_BCCU/dim_bccu_conf.o
                0x20000728                DIM_BCCU_0_confighandle
 .data.DIM_BCCU_0
                0x2000072c       0x14 ./Dave/Generated/DIM_BCCU/dim_bccu_conf.o
                0x2000072c                DIM_BCCU_0
 .data.ADC_MEASUREMENT_ADV_0_queue_entries
                0x20000740       0x10 ./Dave/Generated/ADC_MEASUREMENT_ADV/adc_measurement_adv_conf.o
 .data.ADC_MEASUREMENT_ADV_0_channel_array
                0x20000750       0x10 ./Dave/Generated/ADC_MEASUREMENT_ADV/adc_measurement_adv_conf.o
 .data.ADC_MEASUREMENT_ADV_0_initialization_status
                0x20000760        0x1 ./Dave/Generated/ADC_MEASUREMENT_ADV/adc_measurement_adv_conf.o
 *(*.data)
 *(.gnu.linkonce.d*)
                0x20000764                . = ALIGN (0x4)
 *fill*         0x20000761        0x3 
                0x20000764                PROVIDE (__preinit_array_start, .)
 *(.preinit_array)
                0x20000764                PROVIDE (__preinit_array_end, .)
                0x20000764                . = ALIGN (0x4)
                0x20000764                PROVIDE (__init_array_start, .)
 *(SORT(.init_array.*))
 *(.init_array)
                0x20000764                PROVIDE (__init_array_end, .)
                0x20000764                . = ALIGN (0x4)
                0x20000764                PROVIDE (__fini_array_start, .)
 *(SORT(.fini_array.*))
 *(.fini_array)
                0x20000764                PROVIDE (__fini_array_end, .)
                0x20000764                . = ALIGN (0x4)
                0x20000764                __data_end = .
                0x0000021c                __data_size = (__data_end - __data_start)

.igot.plt       0x20000764        0x0 load address 0x10009c34
 .igot.plt      0x00000000        0x0 ./samuel/samuel_io.o

.ram_code       0x20000764        0x0 load address 0x10009c34
                0x20000764                . = ALIGN (0x4)
                0x20000764                __ram_code_start = .
 *(.ram_code)
                0x20000764                . = ALIGN (0x4)
                0x20000764                __ram_code_end = .
                0x10009c34                __ram_code_load = LOADADDR (.ram_code)
                0x00000000                __ram_code_size = (__ram_code_end - __ram_code_start)

.bss            0x20000764      0x4d4 load address 0x10009c34
                0x20000764                . = ALIGN (0x4)
                0x20000764                __bss_start = .
 *(.bss)
 *(.bss*)
 .bss.adc_ready20m
                0x20000764        0x2 ./samuel/samuel_io.o
                0x20000764                adc_ready20m
 .bss.resultDalt
                0x20000766        0x2 ./samuel/samuel_io.o
                0x20000766                resultDalt
 .bss.zahler_offlight
                0x20000768        0x2 ./samuel/samuel_io.o
                0x20000768                zahler_offlight
 .bss.zahler_lightprog01
                0x2000076a        0x2 ./samuel/samuel_io.o
                0x2000076a                zahler_lightprog01
 .bss.B_first_uart
                0x2000076c        0x1 ./samuel/samuel_io.o
                0x2000076c                B_first_uart
 .bss.B_nextLedOff
                0x2000076d        0x1 ./samuel/samuel_io.o
                0x2000076d                B_nextLedOff
 *fill*         0x2000076e        0x2 
 .bss.IDIV.4926
                0x20000770        0x4 ./Startup/system_XMC1300.o
 .bss.FDIV.4927
                0x20000774        0x4 ./Startup/system_XMC1300.o
 .bss.UART_0_runtime
                0x20000778       0x1c ./Dave/Generated/UART/uart_conf.o
                0x20000778                UART_0_runtime
 .bss.UART_1_runtime
                0x20000794       0x1c ./Dave/Generated/UART/uart_conf.o
                0x20000794                UART_1_runtime
 .bss.g_timer_list
                0x200007b0        0x4 ./Dave/Generated/SYSTIMER/systimer.o
                0x200007b0                g_timer_list
 .bss.g_timer_tracker
                0x200007b4        0x4 ./Dave/Generated/SYSTIMER/systimer.o
                0x200007b4                g_timer_tracker
 .bss.g_systick_count
                0x200007b8        0x4 ./Dave/Generated/SYSTIMER/systimer.o
                0x200007b8                g_systick_count
 .bss.SYSTIMER_0
                0x200007bc        0x4 ./Dave/Generated/SYSTIMER/systimer_conf.o
                0x200007bc                SYSTIMER_0
 .bss.CLOCK_XMC1_0
                0x200007c0        0x4 ./Dave/Generated/CLOCK_XMC1/clock_xmc1_conf.o
                0x200007c0                CLOCK_XMC1_0
 *(COMMON)
 COMMON         0x200007c4      0x1ae ./samuel/samuel_io.o
                0x200007c4                resultAalt
                0x200007c6                charcount
                0x200007c8                dimNorm2_Ww
                0x200007ca                node_id_neu
                0x200007cc                ReadBuffer3
                0x200007ec                linearwalk_ww1
                0x200007ee                Index
                0x200007f0                Hard_Vers
                0x200007f2                LED_WW_Vers
                0x200007f4                Reserve_2
                0x200007f6                resultC2
                0x200007f8                Farbe_ww2
                0x200007fa                Farbe_ww1
                0x200007fc                Mon_Vers
                0x200007fe                resultB2
                0x20000800                Farbe_cw1
                0x20000804                new_data
                0x20000814                Dimm_Valu
                0x20000815                framelength
                0x20000816                neu_Ser_NrH
                0x20000818                RegOnOff2
                0x2000081a                resultAalt2
                0x2000081c                Farbe_ww2_Quot
                0x2000081e                synclevel
                0x20000820                resultD2
                0x20000824                ReadData
                0x2000082c                command
                0x2000082e                LED_CW_Vers
                0x20000830                Ser_NrH
                0x20000832                Farbe_ww1_Quot
                0x20000834                led_grupp
                0x20000836                node_id
                0x20000838                Dimm_Max_WW
                0x2000083a                val_Spannung_min
                0x2000083c                GEH_Vers
                0x2000083e                linearwalk_cw2
                0x20000840                Dimm_Stufen
                0x20000842                linearwalk_ww2
                0x20000844                node_id_alt
                0x20000848                ReadBuffer2
                0x20000858                led_Strom
                0x2000085a                RegOnOff
                0x2000085c                val_Pow_Nom
                0x2000085e                resultC
                0x20000860                node_id_16bit
                0x20000862                Dimm_Gamma
                0x20000863                EEprom_status
                0x20000864                dimOff_Cw
                0x20000868                eeprom_data
                0x20000888                resultBalt2
                0x2000088a                Dimm_StufenGR
                0x2000088c                Dimm_Max_CW
                0x20000890                ReadBuffer1
                0x200008a0                Farbe_wwcw_Quot_gen
                0x200008a2                resultBalt
                0x200008a4                dimNorm1_Ww
                0x200008a6                Farbe_cw2_Quot
                0x200008a8                Ser_NrL
                0x200008aa                Smooth_Value
                0x200008ac                dimAkt_Ww
                0x200008ae                resultDCalt2
                0x200008b0                execute
                0x200008b2                dimNorm1_Cw
                0x200008b4                Soft_Vers
                0x200008b6                resultA
                0x200008b8                Reserve_1
                0x200008ba                resultCalt2
                0x200008bc                resultD
                0x200008be                val_Spannung_max
                0x200008c0                dimAkt_Cw
                0x200008c4                rec_data
                0x200008d4                ReadBuffer4
                0x200008f4                Farbe_cw1_Quot
                0x200008f6                val_Pow_max
                0x200008f8                node_id_resi
                0x200008fa                adc_ready
                0x200008fc                oper_status
                0x200008fe                resultA2
                0x20000900                dimOff_Ww
                0x20000902                Farbe_cw2
                0x20000904                neu_Ser_NrL
                0x20000906                resultCalt
                0x20000908                linearwalk_cw1
                0x2000090c                data_buffer
                0x20000970                dimNorm2_Cw
 *fill*         0x20000972        0x2 
 COMMON         0x20000974      0x120 ./Dave/Generated/SYSTIMER/systimer.o
                0x20000974                g_timer_tbl
 COMMON         0x20000a94      0x190 ./Dave/Generated/E_EEPROM_XMC1/e_eeprom_xmc1_conf.o
                0x20000a94                E_EEPROM_XMC1_data
 COMMON         0x20000c24       0x14 ./main.o
                0x20000c24                tester3
                0x20000c28                tester
                0x20000c2c                Dstatus
                0x20000c2e                command_nr
                0x20000c30                tester5
                0x20000c32                tester4
                0x20000c34                tester2
                0x20000c36                tester1
 *(.gnu.linkonce.b*)
                0x20000c38                . = ALIGN (0x4)
                0x20000c38                __bss_end = .
                0x20000c38                . = ALIGN (0x8)
                0x20000c38                Heap_Bank1_Start = .
                0x000004d4                __bss_size = (__bss_end - __bss_start)

.no_init        0x20003ffc        0x4 load address 0x1000d4cc
                0x20003ffc                Heap_Bank1_End = .
 *(.no_init)
 .no_init       0x20003ffc        0x4 ./Startup/system_XMC1300.o
                0x20003ffc                SystemCoreClock
                0x000033c4                Heap_Bank1_Size = (Heap_Bank1_End - Heap_Bank1_Start)
                0x00000001                ASSERT ((Heap_Bank1_Start <= Heap_Bank1_End), region SRAM overflowed no_init section)

/DISCARD/
 *(.comment)

.stab
 *(.stab)

.stabstr
 *(.stabstr)

.debug
 *(.debug)

.line
 *(.line)

.debug_srcinfo
 *(.debug_srcinfo)

.debug_sfnames
 *(.debug_sfnames)

.debug_aranges  0x00000000     0x1478
 *(.debug_aranges)
 .debug_aranges
                0x00000000      0x1c0 ./samuel/samuel_io.o
 .debug_aranges
                0x000001c0       0x28 ./Startup/startup_XMC1300.o
 .debug_aranges
                0x000001e8       0x38 ./Startup/system_XMC1300.o
 .debug_aranges
                0x00000220       0x80 ./Libraries/XMCLib/src/xmc1_flash.o
 .debug_aranges
                0x000002a0       0x28 ./Libraries/XMCLib/src/xmc1_gpio.o
 .debug_aranges
                0x000002c8      0x120 ./Libraries/XMCLib/src/xmc1_scu.o
 .debug_aranges
                0x000003e8      0x198 ./Libraries/XMCLib/src/xmc_bccu.o
 .debug_aranges
                0x00000580       0x28 ./Libraries/XMCLib/src/xmc_gpio.o
 .debug_aranges
                0x000005a8       0xf0 ./Libraries/XMCLib/src/xmc_math.o
 .debug_aranges
                0x00000698       0x68 ./Libraries/XMCLib/src/xmc_uart.o
 .debug_aranges
                0x00000700       0x90 ./Libraries/XMCLib/src/xmc_usic.o
 .debug_aranges
                0x00000790      0x2d0 ./Libraries/XMCLib/src/xmc_vadc.o
 .debug_aranges
                0x00000a60       0x28 ./Libraries/Newlib/syscalls.o
 .debug_aranges
                0x00000a88       0xf8 ./Dave/Generated/UART/uart.o
 .debug_aranges
                0x00000b80       0x68 ./Dave/Generated/UART/uart_conf.o
 .debug_aranges
                0x00000be8       0x98 ./Dave/Generated/SYSTIMER/systimer.o
 .debug_aranges
                0x00000c80       0x18 ./Dave/Generated/SYSTIMER/systimer_conf.o
 .debug_aranges
                0x00000c98       0x68 ./Dave/Generated/PDM_DIMMED_LED_LAMP/pdm_dimmed_led_lamp.o
 .debug_aranges
                0x00000d00       0x18 ./Dave/Generated/PDM_DIMMED_LED_LAMP/pdm_dimmed_led_lamp_conf.o
 .debug_aranges
                0x00000d18       0xa0 ./Dave/Generated/PDM_BCCU/pdm_bccu.o
 .debug_aranges
                0x00000db8       0x18 ./Dave/Generated/PDM_BCCU/pdm_bccu_conf.o
 .debug_aranges
                0x00000dd0       0x40 ./Dave/Generated/INTERRUPT/interrupt.o
 .debug_aranges
                0x00000e10       0x18 ./Dave/Generated/INTERRUPT/interrupt_conf.o
 .debug_aranges
                0x00000e28       0x78 ./Dave/Generated/GLOBAL_BCCU/global_bccu.o
 .debug_aranges
                0x00000ea0       0x18 ./Dave/Generated/GLOBAL_BCCU/global_bccu_conf.o
 .debug_aranges
                0x00000eb8       0x30 ./Dave/Generated/GLOBAL_ADC/global_adc.o
 .debug_aranges
                0x00000ee8       0x18 ./Dave/Generated/GLOBAL_ADC/global_adc_conf.o
 .debug_aranges
                0x00000f00      0x1e8 ./Dave/Generated/E_EEPROM_XMC1/e_eeprom_xmc1.o
 .debug_aranges
                0x000010e8       0x18 ./Dave/Generated/E_EEPROM_XMC1/e_eeprom_xmc1_conf.o
 .debug_aranges
                0x00001100       0xd8 ./Dave/Generated/DIM_BCCU/dim_bccu.o
 .debug_aranges
                0x000011d8       0x18 ./Dave/Generated/DIM_BCCU/dim_bccu_conf.o
 .debug_aranges
                0x000011f0       0x28 ./Dave/Generated/DIGITAL_IO/digital_io.o
 .debug_aranges
                0x00001218       0x18 ./Dave/Generated/DIGITAL_IO/digital_io_conf.o
 .debug_aranges
                0x00001230       0x20 ./Dave/Generated/CPU_CTRL_XMC1/cpu_ctrl_xmc1_conf.o
 .debug_aranges
                0x00001250       0x30 ./Dave/Generated/CLOCK_XMC1/clock_xmc1.o
 .debug_aranges
                0x00001280       0x20 ./Dave/Generated/CLOCK_XMC1/clock_xmc1_conf.o
 .debug_aranges
                0x000012a0      0x120 ./Dave/Generated/ADC_MEASUREMENT_ADV/adc_measurement_adv.o
 .debug_aranges
                0x000013c0       0x20 ./Dave/Generated/ADC_MEASUREMENT_ADV/adc_measurement_adv_conf.o
 .debug_aranges
                0x000013e0       0x20 ./Dave/Generated/DAVE.o
 .debug_aranges
                0x00001400       0x78 ./main.o

.debug_pubnames
 *(.debug_pubnames)

.debug_pubtypes
 *(.debug_pubtypes)

.debug_info     0x00000000    0x21159
 *(.debug_info .gnu.linkonce.wi.*)
 .debug_info    0x00000000     0x30b4 ./samuel/samuel_io.o
 .debug_info    0x000030b4       0x6d ./Startup/startup_XMC1300.o
 .debug_info    0x00003121      0x353 ./Startup/system_XMC1300.o
 .debug_info    0x00003474      0x4e4 ./Libraries/XMCLib/src/xmc1_flash.o
 .debug_info    0x00003958      0x410 ./Libraries/XMCLib/src/xmc1_gpio.o
 .debug_info    0x00003d68      0xcd7 ./Libraries/XMCLib/src/xmc1_scu.o
 .debug_info    0x00004a3f     0x1365 ./Libraries/XMCLib/src/xmc_bccu.o
 .debug_info    0x00005da4      0x3a3 ./Libraries/XMCLib/src/xmc_gpio.o
 .debug_info    0x00006147      0x975 ./Libraries/XMCLib/src/xmc_math.o
 .debug_info    0x00006abc      0x835 ./Libraries/XMCLib/src/xmc_uart.o
 .debug_info    0x000072f1      0xa8f ./Libraries/XMCLib/src/xmc_usic.o
 .debug_info    0x00007d80     0x35b9 ./Libraries/XMCLib/src/xmc_vadc.o
 .debug_info    0x0000b339      0x11f ./Libraries/Newlib/syscalls.o
 .debug_info    0x0000b458     0x14c5 ./Dave/Generated/UART/uart.o
 .debug_info    0x0000c91d     0x109c ./Dave/Generated/UART/uart_conf.o
 .debug_info    0x0000d9b9      0x98a ./Dave/Generated/SYSTIMER/systimer.o
 .debug_info    0x0000e343       0xb1 ./Dave/Generated/SYSTIMER/systimer_conf.o
 .debug_info    0x0000e3f4      0xfd7 ./Dave/Generated/PDM_DIMMED_LED_LAMP/pdm_dimmed_led_lamp.o
 .debug_info    0x0000f3cb      0xd23 ./Dave/Generated/PDM_DIMMED_LED_LAMP/pdm_dimmed_led_lamp_conf.o
 .debug_info    0x000100ee      0xdb5 ./Dave/Generated/PDM_BCCU/pdm_bccu.o
 .debug_info    0x00010ea3      0xad3 ./Dave/Generated/PDM_BCCU/pdm_bccu_conf.o
 .debug_info    0x00011976      0x51e ./Dave/Generated/INTERRUPT/interrupt.o
 .debug_info    0x00011e94      0x1ef ./Dave/Generated/INTERRUPT/interrupt_conf.o
 .debug_info    0x00012083      0x707 ./Dave/Generated/GLOBAL_BCCU/global_bccu.o
 .debug_info    0x0001278a      0x406 ./Dave/Generated/GLOBAL_BCCU/global_bccu_conf.o
 .debug_info    0x00012b90     0x1216 ./Dave/Generated/GLOBAL_ADC/global_adc.o
 .debug_info    0x00013da6     0x11a6 ./Dave/Generated/GLOBAL_ADC/global_adc_conf.o
 .debug_info    0x00014f4c     0x19da ./Dave/Generated/E_EEPROM_XMC1/e_eeprom_xmc1.o
 .debug_info    0x00016926      0x46d ./Dave/Generated/E_EEPROM_XMC1/e_eeprom_xmc1_conf.o
 .debug_info    0x00016d93      0xac0 ./Dave/Generated/DIM_BCCU/dim_bccu.o
 .debug_info    0x00017853      0x5af ./Dave/Generated/DIM_BCCU/dim_bccu_conf.o
 .debug_info    0x00017e02      0x4c5 ./Dave/Generated/DIGITAL_IO/digital_io.o
 .debug_info    0x000182c7      0x448 ./Dave/Generated/DIGITAL_IO/digital_io_conf.o
 .debug_info    0x0001870f       0xd3 ./Dave/Generated/CPU_CTRL_XMC1/cpu_ctrl_xmc1_conf.o
 .debug_info    0x000187e2      0x219 ./Dave/Generated/CLOCK_XMC1/clock_xmc1.o
 .debug_info    0x000189fb      0x1de ./Dave/Generated/CLOCK_XMC1/clock_xmc1_conf.o
 .debug_info    0x00018bd9     0x268a ./Dave/Generated/ADC_MEASUREMENT_ADV/adc_measurement_adv.o
 .debug_info    0x0001b263     0x1324 ./Dave/Generated/ADC_MEASUREMENT_ADV/adc_measurement_adv_conf.o
 .debug_info    0x0001c587     0x27eb ./Dave/Generated/DAVE.o
 .debug_info    0x0001ed72     0x23e7 ./main.o

.debug_abbrev   0x00000000     0x3d85
 *(.debug_abbrev)
 .debug_abbrev  0x00000000      0x316 ./samuel/samuel_io.o
 .debug_abbrev  0x00000316       0x12 ./Startup/startup_XMC1300.o
 .debug_abbrev  0x00000328       0xfb ./Startup/system_XMC1300.o
 .debug_abbrev  0x00000423      0x145 ./Libraries/XMCLib/src/xmc1_flash.o
 .debug_abbrev  0x00000568       0xdf ./Libraries/XMCLib/src/xmc1_gpio.o
 .debug_abbrev  0x00000647      0x22c ./Libraries/XMCLib/src/xmc1_scu.o
 .debug_abbrev  0x00000873      0x1ea ./Libraries/XMCLib/src/xmc_bccu.o
 .debug_abbrev  0x00000a5d       0xdf ./Libraries/XMCLib/src/xmc_gpio.o
 .debug_abbrev  0x00000b3c      0x157 ./Libraries/XMCLib/src/xmc_math.o
 .debug_abbrev  0x00000c93      0x1ed ./Libraries/XMCLib/src/xmc_uart.o
 .debug_abbrev  0x00000e80      0x1da ./Libraries/XMCLib/src/xmc_usic.o
 .debug_abbrev  0x0000105a      0x26d ./Libraries/XMCLib/src/xmc_vadc.o
 .debug_abbrev  0x000012c7       0xbd ./Libraries/Newlib/syscalls.o
 .debug_abbrev  0x00001384      0x255 ./Dave/Generated/UART/uart.o
 .debug_abbrev  0x000015d9      0x242 ./Dave/Generated/UART/uart_conf.o
 .debug_abbrev  0x0000181b      0x249 ./Dave/Generated/SYSTIMER/systimer.o
 .debug_abbrev  0x00001a64       0x62 ./Dave/Generated/SYSTIMER/systimer_conf.o
 .debug_abbrev  0x00001ac6      0x21f ./Dave/Generated/PDM_DIMMED_LED_LAMP/pdm_dimmed_led_lamp.o
 .debug_abbrev  0x00001ce5      0x163 ./Dave/Generated/PDM_DIMMED_LED_LAMP/pdm_dimmed_led_lamp_conf.o
 .debug_abbrev  0x00001e48      0x203 ./Dave/Generated/PDM_BCCU/pdm_bccu.o
 .debug_abbrev  0x0000204b      0x156 ./Dave/Generated/PDM_BCCU/pdm_bccu_conf.o
 .debug_abbrev  0x000021a1      0x17d ./Dave/Generated/INTERRUPT/interrupt.o
 .debug_abbrev  0x0000231e       0x7f ./Dave/Generated/INTERRUPT/interrupt_conf.o
 .debug_abbrev  0x0000239d      0x1f1 ./Dave/Generated/GLOBAL_BCCU/global_bccu.o
 .debug_abbrev  0x0000258e      0x122 ./Dave/Generated/GLOBAL_BCCU/global_bccu_conf.o
 .debug_abbrev  0x000026b0      0x1d5 ./Dave/Generated/GLOBAL_ADC/global_adc.o
 .debug_abbrev  0x00002885      0x163 ./Dave/Generated/GLOBAL_ADC/global_adc_conf.o
 .debug_abbrev  0x000029e8      0x202 ./Dave/Generated/E_EEPROM_XMC1/e_eeprom_xmc1.o
 .debug_abbrev  0x00002bea      0x100 ./Dave/Generated/E_EEPROM_XMC1/e_eeprom_xmc1_conf.o
 .debug_abbrev  0x00002cea      0x20b ./Dave/Generated/DIM_BCCU/dim_bccu.o
 .debug_abbrev  0x00002ef5      0x142 ./Dave/Generated/DIM_BCCU/dim_bccu_conf.o
 .debug_abbrev  0x00003037       0xfd ./Dave/Generated/DIGITAL_IO/digital_io.o
 .debug_abbrev  0x00003134       0xb2 ./Dave/Generated/DIGITAL_IO/digital_io_conf.o
 .debug_abbrev  0x000031e6       0x80 ./Dave/Generated/CPU_CTRL_XMC1/cpu_ctrl_xmc1_conf.o
 .debug_abbrev  0x00003266       0xdd ./Dave/Generated/CLOCK_XMC1/clock_xmc1.o
 .debug_abbrev  0x00003343       0xec ./Dave/Generated/CLOCK_XMC1/clock_xmc1_conf.o
 .debug_abbrev  0x0000342f      0x2d6 ./Dave/Generated/ADC_MEASUREMENT_ADV/adc_measurement_adv.o
 .debug_abbrev  0x00003705      0x1c6 ./Dave/Generated/ADC_MEASUREMENT_ADV/adc_measurement_adv_conf.o
 .debug_abbrev  0x000038cb      0x215 ./Dave/Generated/DAVE.o
 .debug_abbrev  0x00003ae0      0x2a5 ./main.o

.debug_line     0x00000000     0x8aab
 *(.debug_line)
 .debug_line    0x00000000      0xb72 ./samuel/samuel_io.o
 .debug_line    0x00000b72      0x102 ./Startup/startup_XMC1300.o
 .debug_line    0x00000c74      0x1a8 ./Startup/system_XMC1300.o
 .debug_line    0x00000e1c      0x38b ./Libraries/XMCLib/src/xmc1_flash.o
 .debug_line    0x000011a7      0x17f ./Libraries/XMCLib/src/xmc1_gpio.o
 .debug_line    0x00001326      0x4cf ./Libraries/XMCLib/src/xmc1_scu.o
 .debug_line    0x000017f5      0x548 ./Libraries/XMCLib/src/xmc_bccu.o
 .debug_line    0x00001d3d      0x173 ./Libraries/XMCLib/src/xmc_gpio.o
 .debug_line    0x00001eb0      0x411 ./Libraries/XMCLib/src/xmc_math.o
 .debug_line    0x000022c1      0x2a7 ./Libraries/XMCLib/src/xmc_uart.o
 .debug_line    0x00002568      0x35e ./Libraries/XMCLib/src/xmc_usic.o
 .debug_line    0x000028c6      0xb25 ./Libraries/XMCLib/src/xmc_vadc.o
 .debug_line    0x000033eb       0xbd ./Libraries/Newlib/syscalls.o
 .debug_line    0x000034a8      0x4f3 ./Dave/Generated/UART/uart.o
 .debug_line    0x0000399b      0x326 ./Dave/Generated/UART/uart_conf.o
 .debug_line    0x00003cc1      0x3fc ./Dave/Generated/SYSTIMER/systimer.o
 .debug_line    0x000040bd       0x59 ./Dave/Generated/SYSTIMER/systimer_conf.o
 .debug_line    0x00004116      0x436 ./Dave/Generated/PDM_DIMMED_LED_LAMP/pdm_dimmed_led_lamp.o
 .debug_line    0x0000454c      0x2ef ./Dave/Generated/PDM_DIMMED_LED_LAMP/pdm_dimmed_led_lamp_conf.o
 .debug_line    0x0000483b      0x3ba ./Dave/Generated/PDM_BCCU/pdm_bccu.o
 .debug_line    0x00004bf5      0x225 ./Dave/Generated/PDM_BCCU/pdm_bccu_conf.o
 .debug_line    0x00004e1a      0x26d ./Dave/Generated/INTERRUPT/interrupt.o
 .debug_line    0x00005087      0x16f ./Dave/Generated/INTERRUPT/interrupt_conf.o
 .debug_line    0x000051f6      0x2f6 ./Dave/Generated/GLOBAL_BCCU/global_bccu.o
 .debug_line    0x000054ec      0x1be ./Dave/Generated/GLOBAL_BCCU/global_bccu_conf.o
 .debug_line    0x000056aa      0x274 ./Dave/Generated/GLOBAL_ADC/global_adc.o
 .debug_line    0x0000591e      0x1cf ./Dave/Generated/GLOBAL_ADC/global_adc_conf.o
 .debug_line    0x00005aed      0xaff ./Dave/Generated/E_EEPROM_XMC1/e_eeprom_xmc1.o
 .debug_line    0x000065ec      0x118 ./Dave/Generated/E_EEPROM_XMC1/e_eeprom_xmc1_conf.o
 .debug_line    0x00006704      0x41e ./Dave/Generated/DIM_BCCU/dim_bccu.o
 .debug_line    0x00006b22      0x208 ./Dave/Generated/DIM_BCCU/dim_bccu_conf.o
 .debug_line    0x00006d2a      0x1d2 ./Dave/Generated/DIGITAL_IO/digital_io.o
 .debug_line    0x00006efc      0x167 ./Dave/Generated/DIGITAL_IO/digital_io_conf.o
 .debug_line    0x00007063       0x78 ./Dave/Generated/CPU_CTRL_XMC1/cpu_ctrl_xmc1_conf.o
 .debug_line    0x000070db      0x200 ./Dave/Generated/CLOCK_XMC1/clock_xmc1.o
 .debug_line    0x000072db      0x1d7 ./Dave/Generated/CLOCK_XMC1/clock_xmc1_conf.o
 .debug_line    0x000074b2      0x66a ./Dave/Generated/ADC_MEASUREMENT_ADV/adc_measurement_adv.o
 .debug_line    0x00007b1c      0x1fc ./Dave/Generated/ADC_MEASUREMENT_ADV/adc_measurement_adv_conf.o
 .debug_line    0x00007d18      0x4ec ./Dave/Generated/DAVE.o
 .debug_line    0x00008204      0x8a7 ./main.o

.debug_frame    0x00000000     0x4428
 *(.debug_frame)
 .debug_frame   0x00000000      0x618 ./samuel/samuel_io.o
 .debug_frame   0x00000618       0x80 ./Startup/system_XMC1300.o
 .debug_frame   0x00000698      0x1a4 ./Libraries/XMCLib/src/xmc1_flash.o
 .debug_frame   0x0000083c       0x58 ./Libraries/XMCLib/src/xmc1_gpio.o
 .debug_frame   0x00000894      0x40c ./Libraries/XMCLib/src/xmc1_scu.o
 .debug_frame   0x00000ca0      0x610 ./Libraries/XMCLib/src/xmc_bccu.o
 .debug_frame   0x000012b0       0x54 ./Libraries/XMCLib/src/xmc_gpio.o
 .debug_frame   0x00001304      0x380 ./Libraries/XMCLib/src/xmc_math.o
 .debug_frame   0x00001684      0x150 ./Libraries/XMCLib/src/xmc_uart.o
 .debug_frame   0x000017d4      0x1f0 ./Libraries/XMCLib/src/xmc_usic.o
 .debug_frame   0x000019c4      0xaf4 ./Libraries/XMCLib/src/xmc_vadc.o
 .debug_frame   0x000024b8       0x4c ./Libraries/Newlib/syscalls.o
 .debug_frame   0x00002504      0x3a4 ./Dave/Generated/UART/uart.o
 .debug_frame   0x000028a8      0x148 ./Dave/Generated/UART/uart_conf.o
 .debug_frame   0x000029f0      0x218 ./Dave/Generated/SYSTIMER/systimer.o
 .debug_frame   0x00002c08      0x154 ./Dave/Generated/PDM_DIMMED_LED_LAMP/pdm_dimmed_led_lamp.o
 .debug_frame   0x00002d5c      0x234 ./Dave/Generated/PDM_BCCU/pdm_bccu.o
 .debug_frame   0x00002f90       0xb8 ./Dave/Generated/INTERRUPT/interrupt.o
 .debug_frame   0x00003048      0x190 ./Dave/Generated/GLOBAL_BCCU/global_bccu.o
 .debug_frame   0x000031d8       0x70 ./Dave/Generated/GLOBAL_ADC/global_adc.o
 .debug_frame   0x00003248      0x74c ./Dave/Generated/E_EEPROM_XMC1/e_eeprom_xmc1.o
 .debug_frame   0x00003994      0x314 ./Dave/Generated/DIM_BCCU/dim_bccu.o
 .debug_frame   0x00003ca8       0x50 ./Dave/Generated/DIGITAL_IO/digital_io.o
 .debug_frame   0x00003cf8       0x2c ./Dave/Generated/CPU_CTRL_XMC1/cpu_ctrl_xmc1_conf.o
 .debug_frame   0x00003d24       0x70 ./Dave/Generated/CLOCK_XMC1/clock_xmc1.o
 .debug_frame   0x00003d94       0x34 ./Dave/Generated/CLOCK_XMC1/clock_xmc1_conf.o
 .debug_frame   0x00003dc8      0x450 ./Dave/Generated/ADC_MEASUREMENT_ADV/adc_measurement_adv.o
 .debug_frame   0x00004218       0x2c ./Dave/Generated/ADC_MEASUREMENT_ADV/adc_measurement_adv_conf.o
 .debug_frame   0x00004244       0x34 ./Dave/Generated/DAVE.o
 .debug_frame   0x00004278      0x184 ./main.o
 .debug_frame   0x000043fc       0x2c c:/davev4-64bit/dave-4.3.2/eclipse/arm-gcc-49/bin/../lib/gcc/arm-none-eabi/4.9.3/../../../../arm-none-eabi/lib/armv6-m\libg_nano.a(lib_a-init.o)

.debug_str      0x00000000     0xbdba
 *(.debug_str)
 .debug_str     0x00000000     0x2f25 ./samuel/samuel_io.o
                               0x3061 (size before relaxing)
 .debug_str     0x00002f25      0x112 ./Startup/system_XMC1300.o
                                0x2e8 (size before relaxing)
 .debug_str     0x00003037      0x40c ./Libraries/XMCLib/src/xmc1_flash.o
                                0x5fa (size before relaxing)
 .debug_str     0x00003443       0x4e ./Libraries/XMCLib/src/xmc1_gpio.o
                                0x7a2 (size before relaxing)
 .debug_str     0x00003491      0x92e ./Libraries/XMCLib/src/xmc1_scu.o
                                0xc04 (size before relaxing)
 .debug_str     0x00003dbf      0x907 ./Libraries/XMCLib/src/xmc_bccu.o
                               0x10bd (size before relaxing)
 .debug_str     0x000046c6       0x50 ./Libraries/XMCLib/src/xmc_gpio.o
                                0x6f0 (size before relaxing)
 .debug_str     0x00004716      0x694 ./Libraries/XMCLib/src/xmc_math.o
                                0x8a8 (size before relaxing)
 .debug_str     0x00004daa      0x671 ./Libraries/XMCLib/src/xmc_uart.o
                                0xa7e (size before relaxing)
 .debug_str     0x0000541b      0x753 ./Libraries/XMCLib/src/xmc_usic.o
                                0xdfd (size before relaxing)
 .debug_str     0x00005b6e     0x21a4 ./Libraries/XMCLib/src/xmc_vadc.o
                               0x2c47 (size before relaxing)
 .debug_str     0x00007d12       0x6f ./Libraries/Newlib/syscalls.o
                                0x1e7 (size before relaxing)
 .debug_str     0x00007d81      0x845 ./Dave/Generated/UART/uart.o
                               0x1caa (size before relaxing)
 .debug_str     0x000085c6      0x3c6 ./Dave/Generated/UART/uart_conf.o
                               0x15b0 (size before relaxing)
 .debug_str     0x0000898c      0x37c ./Dave/Generated/SYSTIMER/systimer.o
                                0x81d (size before relaxing)
 .debug_str     0x00008d08       0x36 ./Dave/Generated/SYSTIMER/systimer_conf.o
                                0x1ce (size before relaxing)
 .debug_str     0x00008d3e      0x20c ./Dave/Generated/PDM_DIMMED_LED_LAMP/pdm_dimmed_led_lamp.o
                               0x12f5 (size before relaxing)
 .debug_str     0x00008f4a       0x5e ./Dave/Generated/PDM_DIMMED_LED_LAMP/pdm_dimmed_led_lamp_conf.o
                               0x111a (size before relaxing)
 .debug_str     0x00008fa8      0x219 ./Dave/Generated/PDM_BCCU/pdm_bccu.o
                               0x1007 (size before relaxing)
 .debug_str     0x000091c1       0xdd ./Dave/Generated/PDM_BCCU/pdm_bccu_conf.o
                                0xe7d (size before relaxing)
 .debug_str     0x0000929e       0xc2 ./Dave/Generated/INTERRUPT/interrupt.o
                                0x55d (size before relaxing)
 .debug_str     0x00009360       0x45 ./Dave/Generated/INTERRUPT/interrupt_conf.o
                                0x3e2 (size before relaxing)
 .debug_str     0x000093a5      0x30c ./Dave/Generated/GLOBAL_BCCU/global_bccu.o
                                0x81f (size before relaxing)
 .debug_str     0x000096b1       0x31 ./Dave/Generated/GLOBAL_BCCU/global_bccu_conf.o
                                0x594 (size before relaxing)
 .debug_str     0x000096e2      0x1c0 ./Dave/Generated/GLOBAL_ADC/global_adc.o
                                0xadd (size before relaxing)
 .debug_str     0x000098a2      0x1d9 ./Dave/Generated/GLOBAL_ADC/global_adc_conf.o
                                0xb3e (size before relaxing)
 .debug_str     0x00009a7b      0xe4c ./Dave/Generated/E_EEPROM_XMC1/e_eeprom_xmc1.o
                               0x1478 (size before relaxing)
 .debug_str     0x0000a8c7       0x63 ./Dave/Generated/E_EEPROM_XMC1/e_eeprom_xmc1_conf.o
                                0x617 (size before relaxing)
 .debug_str     0x0000a92a      0x291 ./Dave/Generated/DIM_BCCU/dim_bccu.o
                                0x9bd (size before relaxing)
 .debug_str     0x0000abbb       0x43 ./Dave/Generated/DIM_BCCU/dim_bccu_conf.o
                                0x6d5 (size before relaxing)
 .debug_str     0x0000abfe       0xa8 ./Dave/Generated/DIGITAL_IO/digital_io.o
                                0x8dc (size before relaxing)
 .debug_str     0x0000aca6       0x5f ./Dave/Generated/DIGITAL_IO/digital_io_conf.o
                                0x85c (size before relaxing)
 .debug_str     0x0000ad05       0x6f ./Dave/Generated/CPU_CTRL_XMC1/cpu_ctrl_xmc1_conf.o
                                0x1f7 (size before relaxing)
 .debug_str     0x0000ad74      0x138 ./Dave/Generated/CLOCK_XMC1/clock_xmc1.o
                                0x347 (size before relaxing)
 .debug_str     0x0000aeac       0x50 ./Dave/Generated/CLOCK_XMC1/clock_xmc1_conf.o
                                0x3c0 (size before relaxing)
 .debug_str     0x0000aefc      0x7f0 ./Dave/Generated/ADC_MEASUREMENT_ADV/adc_measurement_adv.o
                               0x2337 (size before relaxing)
 .debug_str     0x0000b6ec      0x541 ./Dave/Generated/ADC_MEASUREMENT_ADV/adc_measurement_adv_conf.o
                               0x1ac6 (size before relaxing)
 .debug_str     0x0000bc2d       0x85 ./Dave/Generated/DAVE.o
                               0x2add (size before relaxing)
 .debug_str     0x0000bcb2      0x108 ./main.o
                               0x23d4 (size before relaxing)

.debug_loc      0x00000000     0x712e
 *(.debug_loc)
 .debug_loc     0x00000000      0x9b8 ./samuel/samuel_io.o
 .debug_loc     0x000009b8       0xb0 ./Startup/system_XMC1300.o
 .debug_loc     0x00000a68      0x2b4 ./Libraries/XMCLib/src/xmc1_flash.o
 .debug_loc     0x00000d1c       0x70 ./Libraries/XMCLib/src/xmc1_gpio.o
 .debug_loc     0x00000d8c      0x6cc ./Libraries/XMCLib/src/xmc1_scu.o
 .debug_loc     0x00001458      0xa80 ./Libraries/XMCLib/src/xmc_bccu.o
 .debug_loc     0x00001ed8       0x70 ./Libraries/XMCLib/src/xmc_gpio.o
 .debug_loc     0x00001f48      0x5e8 ./Libraries/XMCLib/src/xmc_math.o
 .debug_loc     0x00002530      0x230 ./Libraries/XMCLib/src/xmc_uart.o
 .debug_loc     0x00002760      0x34a ./Libraries/XMCLib/src/xmc_usic.o
 .debug_loc     0x00002aaa     0x12f0 ./Libraries/XMCLib/src/xmc_vadc.o
 .debug_loc     0x00003d9a       0x64 ./Libraries/Newlib/syscalls.o
 .debug_loc     0x00003dfe      0x620 ./Dave/Generated/UART/uart.o
 .debug_loc     0x0000441e      0x200 ./Dave/Generated/UART/uart_conf.o
 .debug_loc     0x0000461e      0x368 ./Dave/Generated/SYSTIMER/systimer.o
 .debug_loc     0x00004986      0x230 ./Dave/Generated/PDM_DIMMED_LED_LAMP/pdm_dimmed_led_lamp.o
 .debug_loc     0x00004bb6      0x3b8 ./Dave/Generated/PDM_BCCU/pdm_bccu.o
 .debug_loc     0x00004f6e      0x118 ./Dave/Generated/INTERRUPT/interrupt.o
 .debug_loc     0x00005086      0x2a0 ./Dave/Generated/GLOBAL_BCCU/global_bccu.o
 .debug_loc     0x00005326       0xa8 ./Dave/Generated/GLOBAL_ADC/global_adc.o
 .debug_loc     0x000053ce      0xca4 ./Dave/Generated/E_EEPROM_XMC1/e_eeprom_xmc1.o
 .debug_loc     0x00006072      0x540 ./Dave/Generated/DIM_BCCU/dim_bccu.o
 .debug_loc     0x000065b2       0x70 ./Dave/Generated/DIGITAL_IO/digital_io.o
 .debug_loc     0x00006622       0x2c ./Dave/Generated/CPU_CTRL_XMC1/cpu_ctrl_xmc1_conf.o
 .debug_loc     0x0000664e       0xa8 ./Dave/Generated/CLOCK_XMC1/clock_xmc1.o
 .debug_loc     0x000066f6       0x38 ./Dave/Generated/CLOCK_XMC1/clock_xmc1_conf.o
 .debug_loc     0x0000672e      0x738 ./Dave/Generated/ADC_MEASUREMENT_ADV/adc_measurement_adv.o
 .debug_loc     0x00006e66       0x2c ./Dave/Generated/ADC_MEASUREMENT_ADV/adc_measurement_adv_conf.o
 .debug_loc     0x00006e92       0x38 ./Dave/Generated/DAVE.o
 .debug_loc     0x00006eca      0x264 ./main.o

.debug_macinfo
 *(.debug_macinfo)

.debug_ranges   0x00000000     0x11b8
 *(.debug_ranges)
 .debug_ranges  0x00000000      0x1b0 ./samuel/samuel_io.o
 .debug_ranges  0x000001b0       0x20 ./Startup/startup_XMC1300.o
 .debug_ranges  0x000001d0       0x28 ./Startup/system_XMC1300.o
 .debug_ranges  0x000001f8       0x70 ./Libraries/XMCLib/src/xmc1_flash.o
 .debug_ranges  0x00000268       0x18 ./Libraries/XMCLib/src/xmc1_gpio.o
 .debug_ranges  0x00000280      0x110 ./Libraries/XMCLib/src/xmc1_scu.o