12:42:49 **** Incremental Build of configuration Debug for project Demo_4_Light_AllWhite ****
"\"C:\\DAVEv4-64Bit\\DAVE-4.3.2\\eclipse\\ARM-GCC-49\\bin\\make\"" --output-sync -j4 all 
'Invoking: ARM-GCC Print Size'
"C:/DAVEv4-64Bit/DAVE-4.3.2/eclipse/ARM-GCC-49/bin/arm-none-eabi-size" --format=berkeley "Demo_4_Light_AllWhite.elf"
   text	   data	    bss	    dec	    hex	filename
  35128	    540	   2268	  37936	   9430	Demo_4_Light_AllWhite.elf
'Finished building: Demo_4_Light_AllWhite.siz'


12:42:50 Build Finished (took 1s.657ms)

