11:43:51 **** Incremental Build of configuration Debug for project test_20161012c_soft05nils ****
"\"C:\\DAVEv4-64Bit\\DAVE-4.3.2\\eclipse\\ARM-GCC-49\\bin\\make\"" --output-sync -j4 all 
'Invoking: ARM-GCC Print Size'
"C:/DAVEv4-64Bit/DAVE-4.3.2/eclipse/ARM-GCC-49/bin/arm-none-eabi-size" --format=berkeley "test_20161012c_soft05nils.elf"
   text	   data	    bss	    dec	    hex	filename
  35740	    540	   2268	  38548	   9694	test_20161012c_soft05nils.elf
'Finished building: test_20161012c_soft05nils.siz'


11:43:52 Build Finished (took 1s.24ms)

