11:45:57 **** Incremental Build of configuration Debug for project Zyklus 4 - Moods ****
"\"C:\\DAVEv4-64Bit\\DAVE-4.3.2\\eclipse\\ARM-GCC-49\\bin\\make\"" --output-sync -j4 all 
'Invoking: ARM-GCC Print Size'
"C:/DAVEv4-64Bit/DAVE-4.3.2/eclipse/ARM-GCC-49/bin/arm-none-eabi-size" --format=berkeley "Zyklus 4 - Moods.elf"
   text	   data	    bss	    dec	    hex	filename
  35272	    540	   2268	  38080	   94c0	Zyklus 4 - Moods.elf
'Finished building: Zyklus 4 - Moods.siz'


11:45:58 Build Finished (took 1s.45ms)

