11:24:02 **** Incremental Build of configuration Debug for project Zyklus3_Betonlampe ****
"\"C:\\DAVEv4-64Bit\\DAVE-4.3.2\\eclipse\\ARM-GCC-49\\bin\\make\"" --output-sync -j4 all 
'Invoking: ARM-GCC Print Size'
"C:/DAVEv4-64Bit/DAVE-4.3.2/eclipse/ARM-GCC-49/bin/arm-none-eabi-size" --format=berkeley "Zyklus3_Betonlampe.elf"
   text	   data	    bss	    dec	    hex	filename
  35068	    540	   2268	  37876	   93f4	Zyklus3_Betonlampe.elf
'Finished building: Zyklus3_Betonlampe.siz'


11:24:03 Build Finished (took 975ms)

